2025-12-20 19:52:45 - backend.utils.logger - INFO - ================================================================================
2025-12-20 19:52:45 - backend.utils.logger - INFO - Logging initialized
2025-12-20 19:52:45 - backend.utils.logger - INFO - Log file: E:\ASU Coral Lab Learning\html_attack_implementation\backend\logs\backend_2025-12-20_19-52-45.log
2025-12-20 19:52:45 - backend.utils.logger - INFO - ================================================================================
2025-12-20 19:52:45 - backend.app - INFO - ================================================================================
2025-12-20 19:52:45 - backend.app - INFO - Starting Exam Submission API
2025-12-20 19:52:45 - backend.app - INFO - Log file: E:\ASU Coral Lab Learning\html_attack_implementation\backend\logs\backend_2025-12-20_19-52-45.log
2025-12-20 19:52:45 - backend.app - INFO - ================================================================================
2025-12-20 19:52:45 - backend.app - INFO - Logs directory: E:\ASU Coral Lab Learning\html_attack_implementation\backend\logs
2025-12-20 20:01:30 - backend.routes.submit - INFO - ================================================================================
2025-12-20 20:01:30 - backend.routes.submit - INFO - Received submission request for attempt_id: 1a17adab-2c24-4c9e-ba29-434a3271dce0
2025-12-20 20:01:30 - backend.routes.submit - INFO - Subject: Maths
2025-12-20 20:01:30 - backend.routes.submit - INFO - Number of responses: 12
2025-12-20 20:01:30 - backend.routes.submit - INFO - Is complete: True
2025-12-20 20:01:30 - backend.services.answer_service - INFO - Saving submission for attempt_id: 1a17adab-2c24-4c9e-ba29-434a3271dce0
2025-12-20 20:01:30 - backend.services.answer_service - INFO - Subject: Maths
2025-12-20 20:01:30 - backend.services.answer_service - INFO - Base directory: E:\ASU Coral Lab Learning\html_attack_implementation\backend\Answers
2025-12-20 20:01:30 - backend.services.answer_service - INFO - Target directory: E:\ASU Coral Lab Learning\html_attack_implementation\backend\Answers\Maths\1a17adab-2c24-4c9e-ba29-434a3271dce0
2025-12-20 20:01:30 - backend.services.answer_service - INFO - Creating directory: E:\ASU Coral Lab Learning\html_attack_implementation\backend\Answers\Maths\1a17adab-2c24-4c9e-ba29-434a3271dce0
2025-12-20 20:01:31 - backend.services.answer_service - INFO - Directory created successfully
2025-12-20 20:01:31 - backend.services.answer_service - INFO - Writing answers to: E:\ASU Coral Lab Learning\html_attack_implementation\backend\Answers\Maths\1a17adab-2c24-4c9e-ba29-434a3271dce0\answers.json
2025-12-20 20:01:31 - backend.services.answer_service - INFO - Answers file written successfully (3315 bytes)
2025-12-20 20:01:31 - backend.services.answer_service - INFO - Submission saved successfully to E:\ASU Coral Lab Learning\html_attack_implementation\backend\Answers\Maths\1a17adab-2c24-4c9e-ba29-434a3271dce0\answers.json
2025-12-20 20:01:31 - backend.routes.submit - INFO - Submission saved successfully for attempt_id: 1a17adab-2c24-4c9e-ba29-434a3271dce0
2025-12-20 20:01:31 - backend.routes.submit - INFO - ================================================================================
2025-12-20 20:01:31 - backend.routes.success - INFO - Success page accessed
2025-12-20 20:01:31 - backend.routes.success - INFO - Success page rendered successfully
2025-12-20 20:04:44 - backend.routes.submit - INFO - ================================================================================
2025-12-20 20:04:44 - backend.routes.submit - INFO - Received submission request for attempt_id: b1aea649-77c4-4cfe-92f8-db269ec14dfe
2025-12-20 20:04:44 - backend.routes.submit - INFO - Subject: Maths
2025-12-20 20:04:44 - backend.routes.submit - INFO - Number of responses: 12
2025-12-20 20:04:44 - backend.routes.submit - INFO - Is complete: True
2025-12-20 20:04:44 - backend.services.answer_service - INFO - Saving submission for attempt_id: b1aea649-77c4-4cfe-92f8-db269ec14dfe
2025-12-20 20:04:44 - backend.services.answer_service - INFO - Subject: Maths
2025-12-20 20:04:44 - backend.services.answer_service - INFO - Base directory: E:\ASU Coral Lab Learning\html_attack_implementation\backend\Answers
2025-12-20 20:04:44 - backend.services.answer_service - INFO - Target directory: E:\ASU Coral Lab Learning\html_attack_implementation\backend\Answers\Maths\b1aea649-77c4-4cfe-92f8-db269ec14dfe
2025-12-20 20:04:44 - backend.services.answer_service - INFO - Creating directory: E:\ASU Coral Lab Learning\html_attack_implementation\backend\Answers\Maths\b1aea649-77c4-4cfe-92f8-db269ec14dfe
2025-12-20 20:04:44 - backend.services.answer_service - INFO - Directory created successfully
2025-12-20 20:04:44 - backend.services.answer_service - INFO - Writing answers to: E:\ASU Coral Lab Learning\html_attack_implementation\backend\Answers\Maths\b1aea649-77c4-4cfe-92f8-db269ec14dfe\answers.json
2025-12-20 20:04:44 - backend.services.answer_service - INFO - Answers file written successfully (3130 bytes)
2025-12-20 20:04:44 - backend.services.answer_service - INFO - Submission saved successfully to E:\ASU Coral Lab Learning\html_attack_implementation\backend\Answers\Maths\b1aea649-77c4-4cfe-92f8-db269ec14dfe\answers.json
2025-12-20 20:04:44 - backend.routes.submit - INFO - Submission saved successfully for attempt_id: b1aea649-77c4-4cfe-92f8-db269ec14dfe
2025-12-20 20:04:44 - backend.routes.submit - INFO - ================================================================================
2025-12-20 20:04:44 - backend.routes.success - INFO - Success page accessed
2025-12-20 20:04:44 - backend.routes.success - INFO - Success page rendered successfully
2025-12-20 20:06:29 - backend.app - INFO - Shutting down Exam Submission API
