2025-12-16 23:43:15 - INFO - ================================================================================
2025-12-16 23:43:15 - INFO - Starting Complete Pipeline
2025-12-16 23:43:15 - INFO - Input JSON: Input/Maths/mathematics_k-12_doc_01.json
2025-12-16 23:43:15 - INFO - Log file: logs\00_pipeline_2025-12-16_23-43-15.log
2025-12-16 23:43:15 - INFO - ================================================================================
2025-12-16 23:43:15 - INFO - Detected subject: Maths
2025-12-16 23:43:15 - INFO - 
2025-12-16 23:43:15 - INFO - ================================================================================
2025-12-16 23:43:15 - INFO - Step 1/3: Normalizing JSON
2025-12-16 23:43:15 - INFO - Command: E:\ASU Coral Lab Learning\html_attack_implementation\venv\Scripts\python.exe scripts/01_normalize_json.py Input/Maths/mathematics_k-12_doc_01.json data\exam_content.json
2025-12-16 23:43:15 - INFO - ================================================================================
2025-12-16 23:43:15 - INFO - [OK] Step 1/3: Normalizing JSON completed successfully
2025-12-16 23:43:15 - INFO - 
2025-12-16 23:43:15 - INFO - ================================================================================
2025-12-16 23:43:15 - INFO - Step 2/3: Rendering Baseline HTML
2025-12-16 23:43:15 - INFO - Command: E:\ASU Coral Lab Learning\html_attack_implementation\venv\Scripts\python.exe scripts/02_render_exam.py data\exam_content.json out/baseline Maths
2025-12-16 23:43:15 - INFO - ================================================================================
2025-12-16 23:43:19 - INFO - [OK] Step 2/3: Rendering Baseline HTML completed successfully
2025-12-16 23:43:19 - INFO - 
2025-12-16 23:43:19 - INFO - ================================================================================
2025-12-16 23:43:19 - INFO - Step 3/3: Applying Attacks
2025-12-16 23:43:19 - INFO - Command: E:\ASU Coral Lab Learning\html_attack_implementation\venv\Scripts\python.exe scripts/03_apply_attacks.py out/baseline\Maths\exam.html attacks/registry.json out/attacked
2025-12-16 23:43:19 - INFO - ================================================================================
2025-12-16 23:43:22 - INFO - [OK] Step 3/3: Applying Attacks completed successfully
2025-12-16 23:43:22 - INFO - 
2025-12-16 23:43:22 - INFO - ================================================================================
2025-12-16 23:43:22 - INFO - Pipeline completed successfully!
2025-12-16 23:43:22 - INFO - Subject: Maths
2025-12-16 23:43:22 - INFO - Baseline HTML: out/baseline\Maths\exam.html
2025-12-16 23:43:22 - INFO - Attacked HTML files: out/attacked\Maths
2025-12-16 23:43:22 - INFO - ================================================================================
