2025-12-19 18:09:20 - INFO - ================================================================================
2025-12-19 18:09:20 - INFO - Starting JSON normalization
2025-12-19 18:09:20 - INFO - Log file: logs\01_normalize_2025-12-19_18-09-20.log
2025-12-19 18:09:20 - INFO - ================================================================================
2025-12-19 18:09:20 - INFO - Reading input file: Input/Maths/mathematics_k-12_doc_01.json
2025-12-19 18:09:20 - INFO - Successfully loaded input JSON
2025-12-19 18:09:20 - INFO - Document title: Mathematics - K-12 Level Assessment 1
2025-12-19 18:09:20 - INFO - No instructions found in input, using defaults
2025-12-19 18:09:20 - INFO - Processing 12 question(s)
2025-12-19 18:09:20 - INFO - Normalized math fragments in prompt for question mathematics_k-12_doc_01_mathematics_mcq_3
2025-12-19 18:09:20 - INFO - Question type distribution:
2025-12-19 18:09:20 - INFO -   MCQ: 5
2025-12-19 18:09:20 - INFO -   TF: 5
2025-12-19 18:09:20 - INFO -   LONG: 2
2025-12-19 18:09:20 - INFO - Created section: sec_mcq (Multiple Choice) with 5 question(s)
2025-12-19 18:09:20 - INFO - Created section: sec_tf (True / False) with 5 question(s)
2025-12-19 18:09:20 - INFO - Created section: sec_long (Long Form) with 2 question(s)
2025-12-19 18:09:20 - INFO - Writing normalized JSON to: data\exam_content.json
2025-12-19 18:09:20 - INFO - Successfully wrote normalized JSON
2025-12-19 18:09:20 - INFO - Output file size: 8262 bytes
2025-12-19 18:09:20 - INFO - ================================================================================
2025-12-19 18:09:20 - INFO - Normalization complete
2025-12-19 18:09:20 - INFO - Total questions: 12
2025-12-19 18:09:20 - INFO - Total sections: 3
2025-12-19 18:09:20 - INFO - Output file: data\exam_content.json
2025-12-19 18:09:20 - INFO - ================================================================================
