2025-12-19 18:06:31 - INFO - ================================================================================
2025-12-19 18:06:31 - INFO - Starting exam HTML rendering
2025-12-19 18:06:31 - INFO - Log file: logs\02_render_2025-12-19_18-06-31.log
2025-12-19 18:06:31 - INFO - ================================================================================
2025-12-19 18:06:31 - INFO - Reading normalized JSON: data\exam_content.json
2025-12-19 18:06:31 - INFO - Successfully loaded exam data
2025-12-19 18:06:31 - INFO - Exam title: Science - K-12 Level Assessment 1
2025-12-19 18:06:31 - INFO - Number of sections: 3
2025-12-19 18:06:31 - INFO - Normalizing prompt text for all questions...
2025-12-19 18:06:31 - INFO - Normalized prompt text for 6 question(s)
2025-12-19 18:06:31 - INFO - Total questions: 12
2025-12-19 18:06:31 - INFO - Scanning exam content for TeX delimiters (for MathJax rendering)...
2025-12-19 18:06:31 - INFO - Section sec_mcq: approximately 0 TeX expression(s) detected
2025-12-19 18:06:31 - INFO - Section sec_tf: approximately 0 TeX expression(s) detected
2025-12-19 18:06:31 - INFO - Section sec_long: approximately 0 TeX expression(s) detected
2025-12-19 18:06:31 - INFO - Skipping server-side LaTeX->MathML conversion; TeX will be rendered client-side by MathJax.
2025-12-19 18:06:31 - INFO - Template directory: E:\ASU Coral Lab Learning\html_attack_implementation\templates
2025-12-19 18:06:31 - INFO - Successfully loaded Jinja2 template
2025-12-19 18:06:31 - INFO - Rendering HTML from template...
2025-12-19 18:06:31 - INFO - Successfully rendered HTML
2025-12-19 18:06:31 - INFO - Using provided subject name: Science
2025-12-19 18:06:31 - INFO - Output directory: out/baseline\Science
2025-12-19 18:06:31 - INFO - Writing HTML to: out/baseline\Science\exam.html
2025-12-19 18:06:31 - INFO - HTML file written successfully (19470 bytes)
2025-12-19 18:06:31 - INFO - Copying CSS from: E:\ASU Coral Lab Learning\html_attack_implementation\templates\styles.css
2025-12-19 18:06:31 - INFO - CSS file copied successfully (3376 bytes)
2025-12-19 18:06:31 - INFO - Validating HTML structure...
2025-12-19 18:06:31 - INFO - HTML structure validation passed
2025-12-19 18:06:31 - INFO - Rendered HTML contains 3 section(s) and 12 question card(s)
2025-12-19 18:06:31 - INFO - ================================================================================
2025-12-19 18:06:31 - INFO - Rendering complete
2025-12-19 18:06:31 - INFO - Subject: Science
2025-12-19 18:06:31 - INFO - HTML file: out/baseline\Science\exam.html (19470 bytes)
2025-12-19 18:06:31 - INFO - CSS file: out/baseline\Science\styles.css (3376 bytes)
2025-12-19 18:06:31 - INFO - Total questions rendered: 12
2025-12-19 18:06:31 - INFO - ================================================================================
