2025-12-15 19:14:18 - INFO - ================================================================================
2025-12-15 19:14:18 - INFO - Starting exam HTML rendering
2025-12-15 19:14:18 - INFO - Log file: logs\02_render_2025-12-15_19-14-18.log
2025-12-15 19:14:18 - INFO - ================================================================================
2025-12-15 19:14:18 - INFO - Reading normalized JSON: data/exam_content.json
2025-12-15 19:14:18 - INFO - Successfully loaded exam data
2025-12-15 19:14:18 - INFO - Exam title: Science - K-12 Level Assessment 1
2025-12-15 19:14:18 - INFO - Number of sections: 3
2025-12-15 19:14:18 - INFO - Total questions: 12
2025-12-15 19:14:18 - INFO - Template directory: E:\ASU Coral Lab Learning\html_attack_implementation\templates
2025-12-15 19:14:18 - INFO - Successfully loaded Jinja2 template
2025-12-15 19:14:18 - INFO - Rendering HTML from template...
2025-12-15 19:14:18 - INFO - Successfully rendered HTML
2025-12-15 19:14:18 - INFO - Output directory: out/baseline
2025-12-15 19:14:18 - INFO - Writing HTML to: out/baseline\exam.html
2025-12-15 19:14:18 - INFO - HTML file written successfully (18891 bytes)
2025-12-15 19:14:18 - INFO - Copying CSS from: E:\ASU Coral Lab Learning\html_attack_implementation\templates\styles.css
2025-12-15 19:14:18 - INFO - CSS file copied successfully (3404 bytes)
2025-12-15 19:14:18 - INFO - Validating HTML structure...
2025-12-15 19:14:18 - INFO - HTML structure validation passed
2025-12-15 19:14:18 - INFO - Rendered HTML contains 3 section(s) and 12 question card(s)
2025-12-15 19:14:18 - INFO - ================================================================================
2025-12-15 19:14:18 - INFO - Rendering complete
2025-12-15 19:14:18 - INFO - HTML file: out/baseline\exam.html (18891 bytes)
2025-12-15 19:14:18 - INFO - CSS file: out/baseline\styles.css (3404 bytes)
2025-12-15 19:14:18 - INFO - Total questions rendered: 12
2025-12-15 19:14:18 - INFO - ================================================================================
