2025-12-17 00:40:33 - INFO - ================================================================================
2025-12-17 00:40:33 - INFO - Starting exam HTML rendering
2025-12-17 00:40:33 - INFO - Log file: logs\02_render_2025-12-17_00-40-33.log
2025-12-17 00:40:33 - INFO - ================================================================================
2025-12-17 00:40:33 - INFO - Reading normalized JSON: data\exam_content.json
2025-12-17 00:40:33 - INFO - Successfully loaded exam data
2025-12-17 00:40:33 - INFO - Exam title: Mathematics - K-12 Level Assessment 1
2025-12-17 00:40:33 - INFO - Number of sections: 3
2025-12-17 00:40:33 - INFO - Total questions: 12
2025-12-17 00:40:33 - INFO - Scanning exam content for TeX delimiters (for MathJax rendering)...
2025-12-17 00:40:33 - INFO - Section sec_mcq: approximately 1 TeX expression(s) detected
2025-12-17 00:40:33 - INFO - Section sec_tf: approximately 0 TeX expression(s) detected
2025-12-17 00:40:33 - INFO - Section sec_long: approximately 2 TeX expression(s) detected
2025-12-17 00:40:33 - INFO - Template directory: E:\ASU Coral Lab Learning\html_attack_implementation\templates
2025-12-17 00:40:33 - INFO - Successfully loaded Jinja2 template
2025-12-17 00:40:33 - INFO - Rendering HTML from template...
2025-12-17 00:40:33 - INFO - Successfully rendered HTML
2025-12-17 00:40:33 - INFO - Using provided subject name: Maths
2025-12-17 00:40:33 - INFO - Output directory: out/baseline\Maths
2025-12-17 00:40:33 - INFO - Writing HTML to: out/baseline\Maths\exam.html
2025-12-17 00:40:33 - INFO - HTML file written successfully (19100 bytes)
2025-12-17 00:40:33 - INFO - Copying CSS from: E:\ASU Coral Lab Learning\html_attack_implementation\templates\styles.css
2025-12-17 00:40:33 - INFO - CSS file copied successfully (3404 bytes)
2025-12-17 00:40:33 - INFO - Validating HTML structure...
2025-12-17 00:40:33 - INFO - HTML structure validation passed
2025-12-17 00:40:33 - INFO - Rendered HTML contains 3 section(s) and 12 question card(s)
2025-12-17 00:40:33 - INFO - ================================================================================
2025-12-17 00:40:33 - INFO - Rendering complete
2025-12-17 00:40:33 - INFO - Subject: Maths
2025-12-17 00:40:33 - INFO - HTML file: out/baseline\Maths\exam.html (19100 bytes)
2025-12-17 00:40:33 - INFO - CSS file: out/baseline\Maths\styles.css (3404 bytes)
2025-12-17 00:40:33 - INFO - Total questions rendered: 12
2025-12-17 00:40:33 - INFO - ================================================================================
