2025-12-16 21:25:04 - INFO - ================================================================================
2025-12-16 21:25:04 - INFO - Starting exam HTML rendering
2025-12-16 21:25:04 - INFO - Log file: logs\02_render_2025-12-16_21-25-04.log
2025-12-16 21:25:04 - INFO - ================================================================================
2025-12-16 21:25:04 - INFO - Reading normalized JSON: data\exam_content.json
2025-12-16 21:25:04 - INFO - Successfully loaded exam data
2025-12-16 21:25:04 - INFO - Exam title: Mathematics - K-12 Level Assessment 1
2025-12-16 21:25:04 - INFO - Number of sections: 3
2025-12-16 21:25:04 - INFO - Total questions: 12
2025-12-16 21:25:04 - INFO - Processing LaTeX equations to MathML...
2025-12-16 21:25:04 - INFO - LaTeX to MathML conversion complete: 3 equation(s) processed
2025-12-16 21:25:04 - INFO - Template directory: E:\ASU Coral Lab Learning\html_attack_implementation\templates
2025-12-16 21:25:04 - INFO - Successfully loaded Jinja2 template
2025-12-16 21:25:04 - INFO - Rendering HTML from template...
2025-12-16 21:25:04 - INFO - Successfully rendered HTML
2025-12-16 21:25:04 - INFO - Using provided subject name: Maths
2025-12-16 21:25:04 - INFO - Output directory: out/baseline\Maths
2025-12-16 21:25:04 - INFO - Writing HTML to: out/baseline\Maths\exam.html
2025-12-16 21:25:04 - INFO - HTML file written successfully (19270 bytes)
2025-12-16 21:25:04 - INFO - Copying CSS from: E:\ASU Coral Lab Learning\html_attack_implementation\templates\styles.css
2025-12-16 21:25:04 - INFO - CSS file copied successfully (3404 bytes)
2025-12-16 21:25:04 - INFO - Validating HTML structure...
2025-12-16 21:25:04 - INFO - HTML structure validation passed
2025-12-16 21:25:04 - INFO - Rendered HTML contains 3 section(s) and 12 question card(s)
2025-12-16 21:25:04 - INFO - ================================================================================
2025-12-16 21:25:04 - INFO - Rendering complete
2025-12-16 21:25:04 - INFO - Subject: Maths
2025-12-16 21:25:04 - INFO - HTML file: out/baseline\Maths\exam.html (19270 bytes)
2025-12-16 21:25:04 - INFO - CSS file: out/baseline\Maths\styles.css (3404 bytes)
2025-12-16 21:25:04 - INFO - Total questions rendered: 12
2025-12-16 21:25:04 - INFO - ================================================================================
