2025-12-20 17:54:13 - INFO - ================================================================================
2025-12-20 17:54:13 - INFO - Starting exam HTML rendering
2025-12-20 17:54:13 - INFO - Log file: logs\02_render_2025-12-20_17-54-13.log
2025-12-20 17:54:13 - INFO - ================================================================================
2025-12-20 17:54:13 - INFO - Reading normalized JSON: data\exam_content.json
2025-12-20 17:54:13 - INFO - Successfully loaded exam data
2025-12-20 17:54:13 - INFO - Exam title: Mathematics - K-12 Level Assessment 1
2025-12-20 17:54:13 - INFO - Number of sections: 3
2025-12-20 17:54:13 - INFO - Normalizing prompt text for all questions...
2025-12-20 17:54:13 - INFO - Normalized prompt text for 7 question(s)
2025-12-20 17:54:13 - INFO - Total questions: 12
2025-12-20 17:54:13 - INFO - Scanning exam content for TeX delimiters (for MathJax rendering)...
2025-12-20 17:54:13 - INFO - Section sec_mcq: approximately 1 TeX expression(s) detected
2025-12-20 17:54:13 - INFO - Section sec_tf: approximately 0 TeX expression(s) detected
2025-12-20 17:54:13 - INFO - Section sec_long: approximately 2 TeX expression(s) detected
2025-12-20 17:54:13 - INFO - Skipping server-side LaTeX->MathML conversion; TeX will be rendered client-side by MathJax.
2025-12-20 17:54:13 - INFO - Template directory: E:\ASU Coral Lab Learning\html_attack_implementation\templates
2025-12-20 17:54:13 - INFO - Successfully loaded Jinja2 template
2025-12-20 17:54:13 - INFO - Rendering HTML from template...
2025-12-20 17:54:13 - ERROR - Error rendering template: cannot access local variable 'exam_id' where it is not associated with a value
2025-12-20 17:54:13 - ERROR - Traceback (most recent call last):
  File "E:\ASU Coral Lab Learning\html_attack_implementation\scripts\02_render_exam.py", line 173, in render_exam
    exam_id=exam_id,
            ^^^^^^^
UnboundLocalError: cannot access local variable 'exam_id' where it is not associated with a value

