2025-12-16 21:25:05 - INFO - ================================================================================
2025-12-16 21:25:05 - INFO - Starting attack injection
2025-12-16 21:25:05 - INFO - Log file: logs\03_apply_attacks_2025-12-16_21-25-05.log
2025-12-16 21:25:05 - INFO - ================================================================================
2025-12-16 21:25:05 - INFO - Loading baseline HTML: out/baseline\Maths\exam.html
2025-12-16 21:25:05 - INFO - Baseline HTML loaded successfully (19270 bytes)
2025-12-16 21:25:05 - INFO - Baseline HTML parsed successfully
2025-12-16 21:25:05 - INFO - Extracted subject name: Maths
2025-12-16 21:25:05 - INFO - Loading attack registry: attacks/registry.json
2025-12-16 21:25:05 - INFO - Attack registry loaded: 9 attack(s) found
2025-12-16 21:25:05 - INFO - Output directory: out/attacked\Maths
2025-12-16 21:25:05 - INFO - CSS already present in attacked directory; skipping copy
2025-12-16 21:25:05 - INFO - --------------------------------------------------------------------------------
2025-12-16 21:25:05 - INFO - Processing attack: display_none
2025-12-16 21:25:05 - INFO - Snippet file: attacks\snippets/attack_display_none.html
2025-12-16 21:25:05 - INFO - Snippet size: 181 bytes
2025-12-16 21:25:05 - INFO - Writing attacked HTML to: out/attacked\Maths\exam__display_none.html
2025-12-16 21:25:05 - INFO - Attacked HTML written successfully (11265 bytes, +-8005 bytes)
2025-12-16 21:25:05 - INFO - Token verification passed: PHANTOM_TEST_TOKEN_display_none found in output
2025-12-16 21:25:05 - INFO - --------------------------------------------------------------------------------
2025-12-16 21:25:05 - INFO - Processing attack: opacity_zero
2025-12-16 21:25:05 - INFO - Snippet file: attacks\snippets/attack_opacity_zero.html
2025-12-16 21:25:05 - INFO - Snippet size: 178 bytes
2025-12-16 21:25:05 - INFO - Writing attacked HTML to: out/attacked\Maths\exam__opacity_zero.html
2025-12-16 21:25:05 - INFO - Attacked HTML written successfully (11262 bytes, +-8008 bytes)
2025-12-16 21:25:05 - INFO - Token verification passed: PHANTOM_TEST_TOKEN_opacity_zero found in output
2025-12-16 21:25:05 - INFO - --------------------------------------------------------------------------------
2025-12-16 21:25:05 - INFO - Processing attack: offscreen
2025-12-16 21:25:05 - INFO - Snippet file: attacks\snippets/attack_offscreen.html
2025-12-16 21:25:05 - INFO - Snippet size: 209 bytes
2025-12-16 21:25:05 - INFO - Writing attacked HTML to: out/attacked\Maths\exam__offscreen.html
2025-12-16 21:25:05 - INFO - Attacked HTML written successfully (11293 bytes, +-7977 bytes)
2025-12-16 21:25:05 - INFO - Token verification passed: PHANTOM_TEST_TOKEN_offscreen found in output
2025-12-16 21:25:05 - INFO - --------------------------------------------------------------------------------
2025-12-16 21:25:05 - INFO - Processing attack: clip_zero
2025-12-16 21:25:05 - INFO - Snippet file: attacks\snippets/attack_clip_zero.html
2025-12-16 21:25:05 - INFO - Snippet size: 204 bytes
2025-12-16 21:25:05 - INFO - Writing attacked HTML to: out/attacked\Maths\exam__clip_zero.html
2025-12-16 21:25:05 - INFO - Attacked HTML written successfully (11288 bytes, +-7982 bytes)
2025-12-16 21:25:05 - INFO - Token verification passed: PHANTOM_TEST_TOKEN_clip_zero found in output
2025-12-16 21:25:05 - INFO - --------------------------------------------------------------------------------
2025-12-16 21:25:05 - INFO - Processing attack: zindex_overlay
2025-12-16 21:25:05 - INFO - Snippet file: attacks\snippets/attack_zindex_overlay.html
2025-12-16 21:25:05 - INFO - Snippet size: 215 bytes
2025-12-16 21:25:05 - INFO - Writing attacked HTML to: out/attacked\Maths\exam__zindex_overlay.html
2025-12-16 21:25:05 - INFO - Attacked HTML written successfully (11299 bytes, +-7971 bytes)
2025-12-16 21:25:05 - INFO - Token verification passed: PHANTOM_TEST_TOKEN_zindex_overlay found in output
2025-12-16 21:25:05 - INFO - --------------------------------------------------------------------------------
2025-12-16 21:25:05 - INFO - Processing attack: color_match
2025-12-16 21:25:05 - INFO - Snippet file: attacks\snippets/attack_color_match.html
2025-12-16 21:25:05 - INFO - Snippet size: 207 bytes
2025-12-16 21:25:05 - INFO - Writing attacked HTML to: out/attacked\Maths\exam__color_match.html
2025-12-16 21:25:05 - INFO - Attacked HTML written successfully (11291 bytes, +-7979 bytes)
2025-12-16 21:25:05 - INFO - Token verification passed: PHANTOM_TEST_TOKEN_color_match found in output
2025-12-16 21:25:05 - INFO - --------------------------------------------------------------------------------
2025-12-16 21:25:05 - INFO - Processing attack: visibility_hidden
2025-12-16 21:25:05 - INFO - Snippet file: attacks\snippets/attack_visibility_hidden.html
2025-12-16 21:25:05 - INFO - Snippet size: 196 bytes
2025-12-16 21:25:05 - INFO - Writing attacked HTML to: out/attacked\Maths\exam__visibility_hidden.html
2025-12-16 21:25:05 - INFO - Attacked HTML written successfully (11280 bytes, +-7990 bytes)
2025-12-16 21:25:05 - INFO - Token verification passed: PHANTOM_TEST_TOKEN_visibility_hidden found in output
2025-12-16 21:25:05 - INFO - --------------------------------------------------------------------------------
2025-12-16 21:25:05 - INFO - Processing attack: sr_only
2025-12-16 21:25:05 - INFO - Snippet file: attacks\snippets/attack_sr_only.html
2025-12-16 21:25:05 - INFO - Snippet size: 323 bytes
2025-12-16 21:25:05 - INFO - Writing attacked HTML to: out/attacked\Maths\exam__sr_only.html
2025-12-16 21:25:05 - INFO - Attacked HTML written successfully (11407 bytes, +-7863 bytes)
2025-12-16 21:25:05 - INFO - Token verification passed: PHANTOM_TEST_TOKEN_sr_only found in output
2025-12-16 21:25:05 - INFO - --------------------------------------------------------------------------------
2025-12-16 21:25:05 - INFO - Processing attack: tiny_text
2025-12-16 21:25:05 - INFO - Snippet file: attacks\snippets/attack_tiny_text.html
2025-12-16 21:25:05 - INFO - Snippet size: 216 bytes
2025-12-16 21:25:05 - INFO - Writing attacked HTML to: out/attacked\Maths\exam__tiny_text.html
2025-12-16 21:25:05 - INFO - Attacked HTML written successfully (11300 bytes, +-7970 bytes)
2025-12-16 21:25:05 - INFO - Token verification passed: PHANTOM_TEST_TOKEN_tiny_text found in output
2025-12-16 21:25:05 - INFO - ================================================================================
2025-12-16 21:25:05 - INFO - Attack injection complete
2025-12-16 21:25:05 - INFO - Subject: Maths
2025-12-16 21:25:05 - INFO - Total attacks processed: 9
2025-12-16 21:25:05 - INFO - Successful: 9
2025-12-16 21:25:05 - INFO - Failed: 0
2025-12-16 21:25:05 - INFO - Output directory: out/attacked\Maths
2025-12-16 21:25:05 - INFO - ================================================================================
