2025-12-18 12:25:19 - INFO - ================================================================================
2025-12-18 12:25:19 - INFO - Starting attack injection
2025-12-18 12:25:19 - INFO - Log file: logs\03_apply_attacks_2025-12-18_12-25-19.log
2025-12-18 12:25:19 - INFO - ================================================================================
2025-12-18 12:25:19 - INFO - Loading baseline HTML: out/baseline\Science\exam.html
2025-12-18 12:25:19 - INFO - Baseline HTML loaded successfully (19470 bytes)
2025-12-18 12:25:19 - INFO - Baseline HTML parsed successfully
2025-12-18 12:25:19 - INFO - Extracted subject name: Science
2025-12-18 12:25:19 - INFO - Loading attack registry: attacks/registry.json
2025-12-18 12:25:19 - INFO - Attack registry loaded: 9 attack(s) found
2025-12-18 12:25:19 - INFO - Output directory: out/attacked\Science
2025-12-18 12:25:19 - INFO - CSS already present in attacked directory; skipping copy
2025-12-18 12:25:19 - INFO - --------------------------------------------------------------------------------
2025-12-18 12:25:19 - INFO - Processing attack: display_none
2025-12-18 12:25:19 - INFO - Snippet file: attacks\snippets/attack_display_none.html
2025-12-18 12:25:19 - INFO - Snippet size: 181 bytes
2025-12-18 12:25:19 - INFO - Writing attacked HTML to: out/attacked\Science\exam__display_none.html
2025-12-18 12:25:19 - INFO - Attacked HTML written successfully (11505 bytes, +-7965 bytes)
2025-12-18 12:25:19 - INFO - Token verification passed: PHANTOM_TEST_TOKEN_display_none found in output
2025-12-18 12:25:19 - INFO - --------------------------------------------------------------------------------
2025-12-18 12:25:19 - INFO - Processing attack: opacity_zero
2025-12-18 12:25:19 - INFO - Snippet file: attacks\snippets/attack_opacity_zero.html
2025-12-18 12:25:19 - INFO - Snippet size: 178 bytes
2025-12-18 12:25:19 - INFO - Writing attacked HTML to: out/attacked\Science\exam__opacity_zero.html
2025-12-18 12:25:19 - INFO - Attacked HTML written successfully (11502 bytes, +-7968 bytes)
2025-12-18 12:25:19 - INFO - Token verification passed: PHANTOM_TEST_TOKEN_opacity_zero found in output
2025-12-18 12:25:19 - INFO - --------------------------------------------------------------------------------
2025-12-18 12:25:19 - INFO - Processing attack: offscreen
2025-12-18 12:25:19 - INFO - Snippet file: attacks\snippets/attack_offscreen.html
2025-12-18 12:25:19 - INFO - Snippet size: 209 bytes
2025-12-18 12:25:19 - INFO - Writing attacked HTML to: out/attacked\Science\exam__offscreen.html
2025-12-18 12:25:19 - INFO - Attacked HTML written successfully (11533 bytes, +-7937 bytes)
2025-12-18 12:25:19 - INFO - Token verification passed: PHANTOM_TEST_TOKEN_offscreen found in output
2025-12-18 12:25:19 - INFO - --------------------------------------------------------------------------------
2025-12-18 12:25:19 - INFO - Processing attack: clip_zero
2025-12-18 12:25:19 - INFO - Snippet file: attacks\snippets/attack_clip_zero.html
2025-12-18 12:25:19 - INFO - Snippet size: 204 bytes
2025-12-18 12:25:19 - INFO - Writing attacked HTML to: out/attacked\Science\exam__clip_zero.html
2025-12-18 12:25:19 - INFO - Attacked HTML written successfully (11528 bytes, +-7942 bytes)
2025-12-18 12:25:19 - INFO - Token verification passed: PHANTOM_TEST_TOKEN_clip_zero found in output
2025-12-18 12:25:19 - INFO - --------------------------------------------------------------------------------
2025-12-18 12:25:19 - INFO - Processing attack: zindex_overlay
2025-12-18 12:25:19 - INFO - Snippet file: attacks\snippets/attack_zindex_overlay.html
2025-12-18 12:25:19 - INFO - Snippet size: 215 bytes
2025-12-18 12:25:19 - INFO - Writing attacked HTML to: out/attacked\Science\exam__zindex_overlay.html
2025-12-18 12:25:19 - INFO - Attacked HTML written successfully (11539 bytes, +-7931 bytes)
2025-12-18 12:25:19 - INFO - Token verification passed: PHANTOM_TEST_TOKEN_zindex_overlay found in output
2025-12-18 12:25:19 - INFO - --------------------------------------------------------------------------------
2025-12-18 12:25:19 - INFO - Processing attack: color_match
2025-12-18 12:25:19 - INFO - Snippet file: attacks\snippets/attack_color_match.html
2025-12-18 12:25:19 - INFO - Snippet size: 207 bytes
2025-12-18 12:25:19 - INFO - Writing attacked HTML to: out/attacked\Science\exam__color_match.html
2025-12-18 12:25:19 - INFO - Attacked HTML written successfully (11531 bytes, +-7939 bytes)
2025-12-18 12:25:19 - INFO - Token verification passed: PHANTOM_TEST_TOKEN_color_match found in output
2025-12-18 12:25:19 - INFO - --------------------------------------------------------------------------------
2025-12-18 12:25:19 - INFO - Processing attack: visibility_hidden
2025-12-18 12:25:19 - INFO - Snippet file: attacks\snippets/attack_visibility_hidden.html
2025-12-18 12:25:19 - INFO - Snippet size: 196 bytes
2025-12-18 12:25:19 - INFO - Writing attacked HTML to: out/attacked\Science\exam__visibility_hidden.html
2025-12-18 12:25:19 - INFO - Attacked HTML written successfully (11520 bytes, +-7950 bytes)
2025-12-18 12:25:19 - INFO - Token verification passed: PHANTOM_TEST_TOKEN_visibility_hidden found in output
2025-12-18 12:25:19 - INFO - --------------------------------------------------------------------------------
2025-12-18 12:25:19 - INFO - Processing attack: sr_only
2025-12-18 12:25:19 - INFO - Snippet file: attacks\snippets/attack_sr_only.html
2025-12-18 12:25:19 - INFO - Snippet size: 323 bytes
2025-12-18 12:25:19 - INFO - Writing attacked HTML to: out/attacked\Science\exam__sr_only.html
2025-12-18 12:25:19 - INFO - Attacked HTML written successfully (11647 bytes, +-7823 bytes)
2025-12-18 12:25:19 - INFO - Token verification passed: PHANTOM_TEST_TOKEN_sr_only found in output
2025-12-18 12:25:19 - INFO - --------------------------------------------------------------------------------
2025-12-18 12:25:19 - INFO - Processing attack: tiny_text
2025-12-18 12:25:19 - INFO - Snippet file: attacks\snippets/attack_tiny_text.html
2025-12-18 12:25:19 - INFO - Snippet size: 216 bytes
2025-12-18 12:25:19 - INFO - Writing attacked HTML to: out/attacked\Science\exam__tiny_text.html
2025-12-18 12:25:19 - INFO - Attacked HTML written successfully (11540 bytes, +-7930 bytes)
2025-12-18 12:25:19 - INFO - Token verification passed: PHANTOM_TEST_TOKEN_tiny_text found in output
2025-12-18 12:25:19 - INFO - ================================================================================
2025-12-18 12:25:19 - INFO - Attack injection complete
2025-12-18 12:25:19 - INFO - Subject: Science
2025-12-18 12:25:19 - INFO - Total attacks processed: 9
2025-12-18 12:25:19 - INFO - Successful: 9
2025-12-18 12:25:19 - INFO - Failed: 0
2025-12-18 12:25:19 - INFO - Output directory: out/attacked\Science
2025-12-18 12:25:19 - INFO - ================================================================================
