2025-12-20 19:55:11 - INFO - ================================================================================
2025-12-20 19:55:11 - INFO - Starting attack injection
2025-12-20 19:55:11 - INFO - Log file: logs\03_apply_attacks_2025-12-20_19-55-11.log
2025-12-20 19:55:11 - INFO - ================================================================================
2025-12-20 19:55:11 - INFO - Loading baseline HTML: out/baseline\Maths\exam.html
2025-12-20 19:55:11 - INFO - Baseline HTML loaded successfully (32697 bytes)
2025-12-20 19:55:11 - INFO - Baseline HTML parsed successfully
2025-12-20 19:55:11 - INFO - Extracted subject name: Maths
2025-12-20 19:55:11 - INFO - Loading attack registry: attacks/registry.json
2025-12-20 19:55:11 - INFO - Attack registry loaded: 9 attack(s) found
2025-12-20 19:55:11 - INFO - Output directory: out/attacked\Maths
2025-12-20 19:55:11 - INFO - CSS already present in attacked directory; skipping copy
2025-12-20 19:55:11 - INFO - --------------------------------------------------------------------------------
2025-12-20 19:55:11 - INFO - Processing attack: display_none
2025-12-20 19:55:11 - INFO - Snippet file: attacks\snippets/attack_display_none.html
2025-12-20 19:55:12 - INFO - Snippet size: 181 bytes
2025-12-20 19:55:12 - INFO - Writing attacked HTML to: out/attacked\Maths\exam__display_none.html
2025-12-20 19:55:12 - INFO - Attacked HTML written successfully (23958 bytes, +-8739 bytes)
2025-12-20 19:55:13 - INFO - Token verification passed: PHANTOM_TEST_TOKEN_display_none found in output
2025-12-20 19:55:13 - INFO - --------------------------------------------------------------------------------
2025-12-20 19:55:13 - INFO - Processing attack: opacity_zero
2025-12-20 19:55:13 - INFO - Snippet file: attacks\snippets/attack_opacity_zero.html
2025-12-20 19:55:13 - INFO - Snippet size: 178 bytes
2025-12-20 19:55:13 - INFO - Writing attacked HTML to: out/attacked\Maths\exam__opacity_zero.html
2025-12-20 19:55:13 - INFO - Attacked HTML written successfully (23955 bytes, +-8742 bytes)
2025-12-20 19:55:13 - INFO - Token verification passed: PHANTOM_TEST_TOKEN_opacity_zero found in output
2025-12-20 19:55:13 - INFO - --------------------------------------------------------------------------------
2025-12-20 19:55:13 - INFO - Processing attack: offscreen
2025-12-20 19:55:13 - INFO - Snippet file: attacks\snippets/attack_offscreen.html
2025-12-20 19:55:13 - INFO - Snippet size: 209 bytes
2025-12-20 19:55:13 - INFO - Writing attacked HTML to: out/attacked\Maths\exam__offscreen.html
2025-12-20 19:55:13 - INFO - Attacked HTML written successfully (23986 bytes, +-8711 bytes)
2025-12-20 19:55:13 - INFO - Token verification passed: PHANTOM_TEST_TOKEN_offscreen found in output
2025-12-20 19:55:13 - INFO - --------------------------------------------------------------------------------
2025-12-20 19:55:13 - INFO - Processing attack: clip_zero
2025-12-20 19:55:13 - INFO - Snippet file: attacks\snippets/attack_clip_zero.html
2025-12-20 19:55:14 - INFO - Snippet size: 204 bytes
2025-12-20 19:55:14 - INFO - Writing attacked HTML to: out/attacked\Maths\exam__clip_zero.html
2025-12-20 19:55:14 - INFO - Attacked HTML written successfully (23981 bytes, +-8716 bytes)
2025-12-20 19:55:14 - INFO - Token verification passed: PHANTOM_TEST_TOKEN_clip_zero found in output
2025-12-20 19:55:14 - INFO - --------------------------------------------------------------------------------
2025-12-20 19:55:14 - INFO - Processing attack: zindex_overlay
2025-12-20 19:55:14 - INFO - Snippet file: attacks\snippets/attack_zindex_overlay.html
2025-12-20 19:55:14 - INFO - Snippet size: 215 bytes
2025-12-20 19:55:14 - INFO - Writing attacked HTML to: out/attacked\Maths\exam__zindex_overlay.html
2025-12-20 19:55:14 - INFO - Attacked HTML written successfully (23992 bytes, +-8705 bytes)
2025-12-20 19:55:14 - INFO - Token verification passed: PHANTOM_TEST_TOKEN_zindex_overlay found in output
2025-12-20 19:55:14 - INFO - --------------------------------------------------------------------------------
2025-12-20 19:55:14 - INFO - Processing attack: color_match
2025-12-20 19:55:14 - INFO - Snippet file: attacks\snippets/attack_color_match.html
2025-12-20 19:55:14 - INFO - Snippet size: 207 bytes
2025-12-20 19:55:15 - INFO - Writing attacked HTML to: out/attacked\Maths\exam__color_match.html
2025-12-20 19:55:15 - INFO - Attacked HTML written successfully (23984 bytes, +-8713 bytes)
2025-12-20 19:55:15 - INFO - Token verification passed: PHANTOM_TEST_TOKEN_color_match found in output
2025-12-20 19:55:15 - INFO - --------------------------------------------------------------------------------
2025-12-20 19:55:15 - INFO - Processing attack: visibility_hidden
2025-12-20 19:55:15 - INFO - Snippet file: attacks\snippets/attack_visibility_hidden.html
2025-12-20 19:55:15 - INFO - Snippet size: 196 bytes
2025-12-20 19:55:15 - INFO - Writing attacked HTML to: out/attacked\Maths\exam__visibility_hidden.html
2025-12-20 19:55:15 - INFO - Attacked HTML written successfully (23973 bytes, +-8724 bytes)
2025-12-20 19:55:15 - INFO - Token verification passed: PHANTOM_TEST_TOKEN_visibility_hidden found in output
2025-12-20 19:55:15 - INFO - --------------------------------------------------------------------------------
2025-12-20 19:55:15 - INFO - Processing attack: sr_only
2025-12-20 19:55:15 - INFO - Snippet file: attacks\snippets/attack_sr_only.html
2025-12-20 19:55:15 - INFO - Snippet size: 323 bytes
2025-12-20 19:55:15 - INFO - Writing attacked HTML to: out/attacked\Maths\exam__sr_only.html
2025-12-20 19:55:15 - INFO - Attacked HTML written successfully (24100 bytes, +-8597 bytes)
2025-12-20 19:55:15 - INFO - Token verification passed: PHANTOM_TEST_TOKEN_sr_only found in output
2025-12-20 19:55:15 - INFO - --------------------------------------------------------------------------------
2025-12-20 19:55:15 - INFO - Processing attack: tiny_text
2025-12-20 19:55:15 - INFO - Snippet file: attacks\snippets/attack_tiny_text.html
2025-12-20 19:55:15 - INFO - Snippet size: 216 bytes
2025-12-20 19:55:15 - INFO - Writing attacked HTML to: out/attacked\Maths\exam__tiny_text.html
2025-12-20 19:55:15 - INFO - Attacked HTML written successfully (23993 bytes, +-8704 bytes)
2025-12-20 19:55:15 - INFO - Token verification passed: PHANTOM_TEST_TOKEN_tiny_text found in output
2025-12-20 19:55:15 - INFO - ================================================================================
2025-12-20 19:55:15 - INFO - Attack injection complete
2025-12-20 19:55:15 - INFO - Subject: Maths
2025-12-20 19:55:15 - INFO - Total attacks processed: 9
2025-12-20 19:55:15 - INFO - Successful: 9
2025-12-20 19:55:15 - INFO - Failed: 0
2025-12-20 19:55:15 - INFO - Output directory: out/attacked\Maths
2025-12-20 19:55:15 - INFO - ================================================================================
