2025-12-20 12:33:30 - INFO - ================================================================================
2025-12-20 12:33:30 - INFO - Starting attack injection
2025-12-20 12:33:30 - INFO - Log file: logs\03_apply_attacks_2025-12-20_12-33-30.log
2025-12-20 12:33:30 - INFO - ================================================================================
2025-12-20 12:33:30 - INFO - Loading baseline HTML: out/baseline\Science\exam.html
2025-12-20 12:33:30 - INFO - Baseline HTML loaded successfully (21335 bytes)
2025-12-20 12:33:30 - INFO - Baseline HTML parsed successfully
2025-12-20 12:33:30 - INFO - Extracted subject name: Science
2025-12-20 12:33:30 - INFO - Loading attack registry: attacks/registry.json
2025-12-20 12:33:30 - INFO - Attack registry loaded: 9 attack(s) found
2025-12-20 12:33:30 - INFO - Output directory: out/attacked\Science
2025-12-20 12:33:30 - INFO - Copied CSS to attacked directory: out/attacked\Science\styles.css
2025-12-20 12:33:30 - INFO - --------------------------------------------------------------------------------
2025-12-20 12:33:30 - INFO - Processing attack: display_none
2025-12-20 12:33:30 - INFO - Snippet file: attacks\snippets/attack_display_none.html
2025-12-20 12:33:30 - INFO - Snippet size: 181 bytes
2025-12-20 12:33:30 - INFO - Writing attacked HTML to: out/attacked\Science\exam__display_none.html
2025-12-20 12:33:30 - INFO - Attacked HTML written successfully (13306 bytes, +-8029 bytes)
2025-12-20 12:33:30 - INFO - Token verification passed: PHANTOM_TEST_TOKEN_display_none found in output
2025-12-20 12:33:30 - INFO - --------------------------------------------------------------------------------
2025-12-20 12:33:30 - INFO - Processing attack: opacity_zero
2025-12-20 12:33:30 - INFO - Snippet file: attacks\snippets/attack_opacity_zero.html
2025-12-20 12:33:30 - INFO - Snippet size: 178 bytes
2025-12-20 12:33:30 - INFO - Writing attacked HTML to: out/attacked\Science\exam__opacity_zero.html
2025-12-20 12:33:30 - INFO - Attacked HTML written successfully (13303 bytes, +-8032 bytes)
2025-12-20 12:33:31 - INFO - Token verification passed: PHANTOM_TEST_TOKEN_opacity_zero found in output
2025-12-20 12:33:31 - INFO - --------------------------------------------------------------------------------
2025-12-20 12:33:31 - INFO - Processing attack: offscreen
2025-12-20 12:33:31 - INFO - Snippet file: attacks\snippets/attack_offscreen.html
2025-12-20 12:33:31 - INFO - Snippet size: 209 bytes
2025-12-20 12:33:31 - INFO - Writing attacked HTML to: out/attacked\Science\exam__offscreen.html
2025-12-20 12:33:31 - INFO - Attacked HTML written successfully (13334 bytes, +-8001 bytes)
2025-12-20 12:33:31 - INFO - Token verification passed: PHANTOM_TEST_TOKEN_offscreen found in output
2025-12-20 12:33:31 - INFO - --------------------------------------------------------------------------------
2025-12-20 12:33:31 - INFO - Processing attack: clip_zero
2025-12-20 12:33:31 - INFO - Snippet file: attacks\snippets/attack_clip_zero.html
2025-12-20 12:33:31 - INFO - Snippet size: 204 bytes
2025-12-20 12:33:31 - INFO - Writing attacked HTML to: out/attacked\Science\exam__clip_zero.html
2025-12-20 12:33:31 - INFO - Attacked HTML written successfully (13329 bytes, +-8006 bytes)
2025-12-20 12:33:31 - INFO - Token verification passed: PHANTOM_TEST_TOKEN_clip_zero found in output
2025-12-20 12:33:31 - INFO - --------------------------------------------------------------------------------
2025-12-20 12:33:31 - INFO - Processing attack: zindex_overlay
2025-12-20 12:33:31 - INFO - Snippet file: attacks\snippets/attack_zindex_overlay.html
2025-12-20 12:33:31 - INFO - Snippet size: 215 bytes
2025-12-20 12:33:31 - INFO - Writing attacked HTML to: out/attacked\Science\exam__zindex_overlay.html
2025-12-20 12:33:31 - INFO - Attacked HTML written successfully (13340 bytes, +-7995 bytes)
2025-12-20 12:33:31 - INFO - Token verification passed: PHANTOM_TEST_TOKEN_zindex_overlay found in output
2025-12-20 12:33:31 - INFO - --------------------------------------------------------------------------------
2025-12-20 12:33:31 - INFO - Processing attack: color_match
2025-12-20 12:33:31 - INFO - Snippet file: attacks\snippets/attack_color_match.html
2025-12-20 12:33:31 - INFO - Snippet size: 207 bytes
2025-12-20 12:33:31 - INFO - Writing attacked HTML to: out/attacked\Science\exam__color_match.html
2025-12-20 12:33:31 - INFO - Attacked HTML written successfully (13332 bytes, +-8003 bytes)
2025-12-20 12:33:31 - INFO - Token verification passed: PHANTOM_TEST_TOKEN_color_match found in output
2025-12-20 12:33:31 - INFO - --------------------------------------------------------------------------------
2025-12-20 12:33:31 - INFO - Processing attack: visibility_hidden
2025-12-20 12:33:31 - INFO - Snippet file: attacks\snippets/attack_visibility_hidden.html
2025-12-20 12:33:31 - INFO - Snippet size: 196 bytes
2025-12-20 12:33:31 - INFO - Writing attacked HTML to: out/attacked\Science\exam__visibility_hidden.html
2025-12-20 12:33:31 - INFO - Attacked HTML written successfully (13321 bytes, +-8014 bytes)
2025-12-20 12:33:31 - INFO - Token verification passed: PHANTOM_TEST_TOKEN_visibility_hidden found in output
2025-12-20 12:33:31 - INFO - --------------------------------------------------------------------------------
2025-12-20 12:33:31 - INFO - Processing attack: sr_only
2025-12-20 12:33:31 - INFO - Snippet file: attacks\snippets/attack_sr_only.html
2025-12-20 12:33:31 - INFO - Snippet size: 323 bytes
2025-12-20 12:33:31 - INFO - Writing attacked HTML to: out/attacked\Science\exam__sr_only.html
2025-12-20 12:33:31 - INFO - Attacked HTML written successfully (13448 bytes, +-7887 bytes)
2025-12-20 12:33:31 - INFO - Token verification passed: PHANTOM_TEST_TOKEN_sr_only found in output
2025-12-20 12:33:31 - INFO - --------------------------------------------------------------------------------
2025-12-20 12:33:31 - INFO - Processing attack: tiny_text
2025-12-20 12:33:31 - INFO - Snippet file: attacks\snippets/attack_tiny_text.html
2025-12-20 12:33:31 - INFO - Snippet size: 216 bytes
2025-12-20 12:33:31 - INFO - Writing attacked HTML to: out/attacked\Science\exam__tiny_text.html
2025-12-20 12:33:31 - INFO - Attacked HTML written successfully (13341 bytes, +-7994 bytes)
2025-12-20 12:33:31 - INFO - Token verification passed: PHANTOM_TEST_TOKEN_tiny_text found in output
2025-12-20 12:33:31 - INFO - ================================================================================
2025-12-20 12:33:31 - INFO - Attack injection complete
2025-12-20 12:33:31 - INFO - Subject: Science
2025-12-20 12:33:31 - INFO - Total attacks processed: 9
2025-12-20 12:33:31 - INFO - Successful: 9
2025-12-20 12:33:31 - INFO - Failed: 0
2025-12-20 12:33:31 - INFO - Output directory: out/attacked\Science
2025-12-20 12:33:31 - INFO - ================================================================================
