2025-12-15 19:14:43 - INFO - ================================================================================
2025-12-15 19:14:43 - INFO - Starting attack injection
2025-12-15 19:14:43 - INFO - Log file: logs\03_apply_attacks_2025-12-15_19-14-43.log
2025-12-15 19:14:43 - INFO - ================================================================================
2025-12-15 19:14:43 - INFO - Loading baseline HTML: out/baseline/exam.html
2025-12-15 19:14:43 - INFO - Baseline HTML loaded successfully (18891 bytes)
2025-12-15 19:14:43 - INFO - Baseline HTML parsed successfully
2025-12-15 19:14:43 - INFO - Loading attack registry: attacks/registry.json
2025-12-15 19:14:43 - INFO - Attack registry loaded: 9 attack(s) found
2025-12-15 19:14:43 - INFO - Output directory: out/attacked
2025-12-15 19:14:43 - INFO - --------------------------------------------------------------------------------
2025-12-15 19:14:43 - INFO - Processing attack: display_none
2025-12-15 19:14:43 - INFO - Snippet file: attacks\snippets/attack_display_none.html
2025-12-15 19:14:43 - INFO - Snippet size: 181 bytes
2025-12-15 19:14:43 - INFO - Writing attacked HTML to: out/attacked\exam__display_none.html
2025-12-15 19:14:43 - INFO - Attacked HTML written successfully (10968 bytes, +-7923 bytes)
2025-12-15 19:14:43 - INFO - Token verification passed: PHANTOM_TEST_TOKEN_display_none found in output
2025-12-15 19:14:43 - INFO - --------------------------------------------------------------------------------
2025-12-15 19:14:43 - INFO - Processing attack: opacity_zero
2025-12-15 19:14:43 - INFO - Snippet file: attacks\snippets/attack_opacity_zero.html
2025-12-15 19:14:43 - INFO - Snippet size: 178 bytes
2025-12-15 19:14:43 - INFO - Writing attacked HTML to: out/attacked\exam__opacity_zero.html
2025-12-15 19:14:43 - INFO - Attacked HTML written successfully (10965 bytes, +-7926 bytes)
2025-12-15 19:14:43 - INFO - Token verification passed: PHANTOM_TEST_TOKEN_opacity_zero found in output
2025-12-15 19:14:43 - INFO - --------------------------------------------------------------------------------
2025-12-15 19:14:43 - INFO - Processing attack: offscreen
2025-12-15 19:14:43 - INFO - Snippet file: attacks\snippets/attack_offscreen.html
2025-12-15 19:14:43 - INFO - Snippet size: 209 bytes
2025-12-15 19:14:43 - INFO - Writing attacked HTML to: out/attacked\exam__offscreen.html
2025-12-15 19:14:43 - INFO - Attacked HTML written successfully (10996 bytes, +-7895 bytes)
2025-12-15 19:14:43 - INFO - Token verification passed: PHANTOM_TEST_TOKEN_offscreen found in output
2025-12-15 19:14:43 - INFO - --------------------------------------------------------------------------------
2025-12-15 19:14:43 - INFO - Processing attack: clip_zero
2025-12-15 19:14:43 - INFO - Snippet file: attacks\snippets/attack_clip_zero.html
2025-12-15 19:14:43 - INFO - Snippet size: 204 bytes
2025-12-15 19:14:43 - INFO - Writing attacked HTML to: out/attacked\exam__clip_zero.html
2025-12-15 19:14:43 - INFO - Attacked HTML written successfully (10991 bytes, +-7900 bytes)
2025-12-15 19:14:43 - INFO - Token verification passed: PHANTOM_TEST_TOKEN_clip_zero found in output
2025-12-15 19:14:43 - INFO - --------------------------------------------------------------------------------
2025-12-15 19:14:43 - INFO - Processing attack: zindex_overlay
2025-12-15 19:14:43 - INFO - Snippet file: attacks\snippets/attack_zindex_overlay.html
2025-12-15 19:14:43 - INFO - Snippet size: 215 bytes
2025-12-15 19:14:43 - INFO - Writing attacked HTML to: out/attacked\exam__zindex_overlay.html
2025-12-15 19:14:43 - INFO - Attacked HTML written successfully (11002 bytes, +-7889 bytes)
2025-12-15 19:14:43 - INFO - Token verification passed: PHANTOM_TEST_TOKEN_zindex_overlay found in output
2025-12-15 19:14:43 - INFO - --------------------------------------------------------------------------------
2025-12-15 19:14:43 - INFO - Processing attack: color_match
2025-12-15 19:14:43 - INFO - Snippet file: attacks\snippets/attack_color_match.html
2025-12-15 19:14:43 - INFO - Snippet size: 207 bytes
2025-12-15 19:14:43 - INFO - Writing attacked HTML to: out/attacked\exam__color_match.html
2025-12-15 19:14:43 - INFO - Attacked HTML written successfully (10994 bytes, +-7897 bytes)
2025-12-15 19:14:43 - INFO - Token verification passed: PHANTOM_TEST_TOKEN_color_match found in output
2025-12-15 19:14:43 - INFO - --------------------------------------------------------------------------------
2025-12-15 19:14:43 - INFO - Processing attack: visibility_hidden
2025-12-15 19:14:43 - INFO - Snippet file: attacks\snippets/attack_visibility_hidden.html
2025-12-15 19:14:43 - INFO - Snippet size: 196 bytes
2025-12-15 19:14:43 - INFO - Writing attacked HTML to: out/attacked\exam__visibility_hidden.html
2025-12-15 19:14:43 - INFO - Attacked HTML written successfully (10983 bytes, +-7908 bytes)
2025-12-15 19:14:43 - INFO - Token verification passed: PHANTOM_TEST_TOKEN_visibility_hidden found in output
2025-12-15 19:14:43 - INFO - --------------------------------------------------------------------------------
2025-12-15 19:14:43 - INFO - Processing attack: sr_only
2025-12-15 19:14:43 - INFO - Snippet file: attacks\snippets/attack_sr_only.html
2025-12-15 19:14:43 - INFO - Snippet size: 323 bytes
2025-12-15 19:14:43 - INFO - Writing attacked HTML to: out/attacked\exam__sr_only.html
2025-12-15 19:14:43 - INFO - Attacked HTML written successfully (11110 bytes, +-7781 bytes)
2025-12-15 19:14:43 - INFO - Token verification passed: PHANTOM_TEST_TOKEN_sr_only found in output
2025-12-15 19:14:43 - INFO - --------------------------------------------------------------------------------
2025-12-15 19:14:43 - INFO - Processing attack: tiny_text
2025-12-15 19:14:43 - INFO - Snippet file: attacks\snippets/attack_tiny_text.html
2025-12-15 19:14:43 - INFO - Snippet size: 216 bytes
2025-12-15 19:14:43 - INFO - Writing attacked HTML to: out/attacked\exam__tiny_text.html
2025-12-15 19:14:43 - INFO - Attacked HTML written successfully (11003 bytes, +-7888 bytes)
2025-12-15 19:14:43 - INFO - Token verification passed: PHANTOM_TEST_TOKEN_tiny_text found in output
2025-12-15 19:14:43 - INFO - ================================================================================
2025-12-15 19:14:43 - INFO - Attack injection complete
2025-12-15 19:14:43 - INFO - Total attacks processed: 9
2025-12-15 19:14:43 - INFO - Successful: 9
2025-12-15 19:14:43 - INFO - Failed: 0
2025-12-15 19:14:43 - INFO - Output directory: out/attacked
2025-12-15 19:14:43 - INFO - ================================================================================
