2025-12-17 21:22:12 - INFO - ================================================================================
2025-12-17 21:22:12 - INFO - Starting CSS ::before Attack Application
2025-12-17 21:22:12 - INFO - Baseline HTML: out/baseline\Maths\exam.html
2025-12-17 21:22:12 - INFO - Perturbed JSON: data\exam_content_perturbed.json
2025-12-17 21:22:12 - INFO - Output directory: out/attacked
2025-12-17 21:22:12 - INFO - Subject name: Maths
2025-12-17 21:22:12 - INFO - ================================================================================
2025-12-17 21:22:12 - INFO - Loading baseline HTML: out/baseline\Maths\exam.html
2025-12-17 21:22:12 - INFO - Baseline HTML loaded (19094 bytes), found 12 question cards
2025-12-17 21:22:12 - INFO - Loading perturbed exam JSON: data\exam_content_perturbed.json
2025-12-17 21:22:13 - INFO - Successfully loaded perturbed exam data (10845 bytes)
2025-12-17 21:22:13 - INFO - Number of sections: 3
2025-12-17 21:22:13 - INFO - Total questions: 12
2025-12-17 21:22:13 - INFO - Questions with perturbations: 5
2025-12-17 21:22:13 - INFO - Processing question: mathematics_k-12_doc_01_mathematics_mcq_1
2025-12-17 21:22:13 - WARNING - Question mathematics_k-12_doc_01_mathematics_mcq_1: No validated perturbations found in perturbed data, skipping
2025-12-17 21:22:13 - INFO - Processing question: mathematics_k-12_doc_01_mathematics_mcq_2
2025-12-17 21:22:13 - INFO - Question mathematics_k-12_doc_01_mathematics_mcq_2: Using pre-validated perturbation
2025-12-17 21:22:13 - INFO - Question mathematics_k-12_doc_01_mathematics_mcq_2: Original substring: '2,448 miles...'
2025-12-17 21:22:13 - INFO - Question mathematics_k-12_doc_01_mathematics_mcq_2: Replacement substring: '2,548 miles...'
2025-12-17 21:22:13 - INFO - Question mathematics_k-12_doc_01_mathematics_mcq_2: Replaced '2,448 miles...' with '2,548 miles...' at position [15, 26)
2025-12-17 21:22:13 - INFO - Question mathematics_k-12_doc_01_mathematics_mcq_2: Generated CSS rule for mapping 0, class: fake-mathematics_k_12_doc_01_mathematics_mcq_2-0
2025-12-17 21:22:13 - INFO - Question mathematics_k-12_doc_01_mathematics_mcq_2: CSS rule injected, class: fake-mathematics_k_12_doc_01_mathematics_mcq_2-0
2025-12-17 21:22:13 - INFO - Processing question: mathematics_k-12_doc_01_mathematics_mcq_3
2025-12-17 21:22:13 - WARNING - Question mathematics_k-12_doc_01_mathematics_mcq_3: No validated perturbations found in perturbed data, skipping
2025-12-17 21:22:13 - INFO - Processing question: mathematics_k-12_doc_01_mathematics_mcq_4
2025-12-17 21:22:13 - WARNING - Question mathematics_k-12_doc_01_mathematics_mcq_4: No validated perturbations found in perturbed data, skipping
2025-12-17 21:22:13 - INFO - Processing question: mathematics_k-12_doc_01_mathematics_mcq_5
2025-12-17 21:22:13 - INFO - Question mathematics_k-12_doc_01_mathematics_mcq_5: Using pre-validated perturbation
2025-12-17 21:22:13 - INFO - Question mathematics_k-12_doc_01_mathematics_mcq_5: Original substring: '3 hours...'
2025-12-17 21:22:13 - INFO - Question mathematics_k-12_doc_01_mathematics_mcq_5: Replacement substring: '2 hours...'
2025-12-17 21:22:13 - INFO - Question mathematics_k-12_doc_01_mathematics_mcq_5: Replaced '3 hours...' with '2 hours...' at position [11, 18)
2025-12-17 21:22:13 - INFO - Question mathematics_k-12_doc_01_mathematics_mcq_5: Generated CSS rule for mapping 0, class: fake-mathematics_k_12_doc_01_mathematics_mcq_5-0
2025-12-17 21:22:13 - INFO - Question mathematics_k-12_doc_01_mathematics_mcq_5: CSS rule injected, class: fake-mathematics_k_12_doc_01_mathematics_mcq_5-0
2025-12-17 21:22:13 - INFO - Processing question: mathematics_k-12_doc_01_mathematics_tf_1
2025-12-17 21:22:13 - INFO - Question mathematics_k-12_doc_01_mathematics_tf_1: Using pre-validated perturbation
2025-12-17 21:22:13 - INFO - Question mathematics_k-12_doc_01_mathematics_tf_1: Original substring: '45...'
2025-12-17 21:22:13 - INFO - Question mathematics_k-12_doc_01_mathematics_tf_1: Replacement substring: '44...'
2025-12-17 21:22:13 - INFO - Question mathematics_k-12_doc_01_mathematics_tf_1: Replaced '45...' with '44...' at position [10, 12)
2025-12-17 21:22:13 - INFO - Question mathematics_k-12_doc_01_mathematics_tf_1: Generated CSS rule for mapping 0, class: fake-mathematics_k_12_doc_01_mathematics_tf_1-0
2025-12-17 21:22:13 - INFO - Question mathematics_k-12_doc_01_mathematics_tf_1: CSS rule injected, class: fake-mathematics_k_12_doc_01_mathematics_tf_1-0
2025-12-17 21:22:13 - INFO - Processing question: mathematics_k-12_doc_01_mathematics_tf_2
2025-12-17 21:22:13 - INFO - Question mathematics_k-12_doc_01_mathematics_tf_2: Using pre-validated perturbation
2025-12-17 21:22:13 - INFO - Question mathematics_k-12_doc_01_mathematics_tf_2: Original substring: 'Forty-nine...'
2025-12-17 21:22:13 - INFO - Question mathematics_k-12_doc_01_mathematics_tf_2: Replacement substring: 'Thirty-five...'
2025-12-17 21:22:13 - INFO - Question mathematics_k-12_doc_01_mathematics_tf_2: Replaced 'Forty-nine...' with 'Thirty-five...' at position [0, 10)
2025-12-17 21:22:13 - INFO - Question mathematics_k-12_doc_01_mathematics_tf_2: Generated CSS rule for mapping 0, class: fake-mathematics_k_12_doc_01_mathematics_tf_2-0
2025-12-17 21:22:13 - INFO - Question mathematics_k-12_doc_01_mathematics_tf_2: CSS rule injected, class: fake-mathematics_k_12_doc_01_mathematics_tf_2-0
2025-12-17 21:22:13 - INFO - Processing question: mathematics_k-12_doc_01_mathematics_tf_3
2025-12-17 21:22:13 - WARNING - Question mathematics_k-12_doc_01_mathematics_tf_3: No validated perturbations found in perturbed data, skipping
2025-12-17 21:22:13 - INFO - Processing question: mathematics_k-12_doc_01_mathematics_tf_4
2025-12-17 21:22:13 - WARNING - Question mathematics_k-12_doc_01_mathematics_tf_4: No validated perturbations found in perturbed data, skipping
2025-12-17 21:22:13 - INFO - Processing question: mathematics_k-12_doc_01_mathematics_tf_5
2025-12-17 21:22:13 - INFO - Question mathematics_k-12_doc_01_mathematics_tf_5: Using pre-validated perturbation
2025-12-17 21:22:13 - INFO - Question mathematics_k-12_doc_01_mathematics_tf_5: Original substring: 'sum...'
2025-12-17 21:22:13 - INFO - Question mathematics_k-12_doc_01_mathematics_tf_5: Replacement substring: 'product...'
2025-12-17 21:22:13 - INFO - Question mathematics_k-12_doc_01_mathematics_tf_5: Replaced 'sum...' with 'product...' at position [4, 7)
2025-12-17 21:22:13 - INFO - Question mathematics_k-12_doc_01_mathematics_tf_5: Generated CSS rule for mapping 0, class: fake-mathematics_k_12_doc_01_mathematics_tf_5-0
2025-12-17 21:22:13 - INFO - Question mathematics_k-12_doc_01_mathematics_tf_5: CSS rule injected, class: fake-mathematics_k_12_doc_01_mathematics_tf_5-0
2025-12-17 21:22:13 - INFO - Processing question: mathematics_k-12_doc_01_mathematics_long_1
2025-12-17 21:22:13 - WARNING - Question mathematics_k-12_doc_01_mathematics_long_1: No validated perturbations found in perturbed data, skipping
2025-12-17 21:22:13 - INFO - Processing question: mathematics_k-12_doc_01_mathematics_long_2
2025-12-17 21:22:13 - WARNING - Question mathematics_k-12_doc_01_mathematics_long_2: No validated perturbations found in perturbed data, skipping
2025-12-17 21:22:13 - INFO - Injected 5 CSS rules into <head>
2025-12-17 21:22:13 - INFO - Created output directory: out/attacked\Maths\css_before
2025-12-17 21:22:13 - INFO - Writing attacked HTML to: out/attacked\Maths\css_before\exam.html
2025-12-17 21:22:13 - INFO - Attacked HTML written successfully (12783 bytes)
2025-12-17 21:22:13 - INFO - Copied CSS file to: out/attacked\Maths\css_before\styles.css
2025-12-17 21:22:13 - INFO - ================================================================================
2025-12-17 21:22:13 - INFO - CSS ::before Attack Application Complete
2025-12-17 21:22:13 - INFO - Total questions processed: 12
2025-12-17 21:22:13 - INFO - Questions with attacks applied: 5
2025-12-17 21:22:13 - INFO - Questions skipped: 7
2025-12-17 21:22:13 - INFO - Total CSS rules injected: 5
2025-12-17 21:22:13 - INFO - Output HTML: out/attacked\Maths\css_before\exam.html (12783 bytes)
2025-12-17 21:22:13 - INFO - ================================================================================
