2025-12-19 17:44:58 - INFO - ================================================================================
2025-12-19 17:44:58 - INFO - Starting CSS ::before Attack Application
2025-12-19 17:44:58 - INFO - Baseline HTML: out/baseline\Maths\exam.html
2025-12-19 17:44:58 - INFO - Perturbed JSON: data\exam_content_perturbed.json
2025-12-19 17:44:58 - INFO - Output directory: out/attacked
2025-12-19 17:44:58 - INFO - Subject name: Maths
2025-12-19 17:44:58 - INFO - ================================================================================
2025-12-19 17:44:58 - INFO - Loading baseline HTML: out/baseline\Maths\exam.html
2025-12-19 17:44:58 - INFO - Baseline HTML loaded (19086 bytes), found 12 question cards
2025-12-19 17:44:58 - INFO - Loading perturbed exam JSON: data\exam_content_perturbed.json
2025-12-19 17:44:58 - INFO - Successfully loaded perturbed exam data (16513 bytes)
2025-12-19 17:44:58 - INFO - Number of sections: 3
2025-12-19 17:44:58 - INFO - Total questions: 12
2025-12-19 17:44:58 - INFO - Questions with perturbations: 12
2025-12-19 17:44:58 - INFO - Processing question: mathematics_k-12_doc_01_mathematics_mcq_1
2025-12-19 17:44:58 - INFO - Question mathematics_k-12_doc_01_mathematics_mcq_1: Using pre-validated perturbation
2025-12-19 17:44:58 - INFO - Question mathematics_k-12_doc_01_mathematics_mcq_1: Original substring: '6 hours...'
2025-12-19 17:44:58 - INFO - Question mathematics_k-12_doc_01_mathematics_mcq_1: Replacement substring: '4 hours...'
2025-12-19 17:44:58 - INFO - Question mathematics_k-12_doc_01_mathematics_mcq_1: Replaced '6 hours...' with '4 hours...' at position [63, 70)
2025-12-19 17:44:58 - INFO - Question mathematics_k-12_doc_01_mathematics_mcq_1: Generated CSS rule for mapping 0, class: c2b13316a7b98
2025-12-19 17:44:58 - INFO - Question mathematics_k-12_doc_01_mathematics_mcq_1: CSS rule generated, class: c2b13316a7b98
2025-12-19 17:44:58 - INFO - Processing question: mathematics_k-12_doc_01_mathematics_mcq_2
2025-12-19 17:44:58 - INFO - Question mathematics_k-12_doc_01_mathematics_mcq_2: Using pre-validated perturbation
2025-12-19 17:44:58 - INFO - Question mathematics_k-12_doc_01_mathematics_mcq_2: Original substring: 'the nearest thousand...'
2025-12-19 17:44:58 - INFO - Question mathematics_k-12_doc_01_mathematics_mcq_2: Replacement substring: 'the nearest hundred...'
2025-12-19 17:44:58 - INFO - Question mathematics_k-12_doc_01_mathematics_mcq_2: Replaced 'the nearest thousand...' with 'the nearest hundred...' at position [116, 136)
2025-12-19 17:44:58 - INFO - Question mathematics_k-12_doc_01_mathematics_mcq_2: Generated CSS rule for mapping 0, class: cfed4d732a1f8
2025-12-19 17:44:58 - INFO - Question mathematics_k-12_doc_01_mathematics_mcq_2: CSS rule generated, class: cfed4d732a1f8
2025-12-19 17:44:58 - INFO - Processing question: mathematics_k-12_doc_01_mathematics_mcq_3
2025-12-19 17:44:58 - INFO - Question mathematics_k-12_doc_01_mathematics_mcq_3: Using pre-validated perturbation
2025-12-19 17:44:58 - INFO - Question mathematics_k-12_doc_01_mathematics_mcq_3: Original substring: 'at the point where y = 4...'
2025-12-19 17:44:58 - INFO - Question mathematics_k-12_doc_01_mathematics_mcq_3: Replacement substring: 'at the point where x = 2...'
2025-12-19 17:44:58 - INFO - Question mathematics_k-12_doc_01_mathematics_mcq_3: Replaced 'at the point where y = 4...' with 'at the point where x = 2...' at position [85, 109)
2025-12-19 17:44:58 - INFO - Question mathematics_k-12_doc_01_mathematics_mcq_3: Generated CSS rule for mapping 0, class: c853c8d3ed990
2025-12-19 17:44:58 - INFO - Question mathematics_k-12_doc_01_mathematics_mcq_3: CSS rule generated, class: c853c8d3ed990
2025-12-19 17:44:58 - INFO - Processing question: mathematics_k-12_doc_01_mathematics_mcq_4
2025-12-19 17:44:58 - INFO - Question mathematics_k-12_doc_01_mathematics_mcq_4: Using pre-validated perturbation
2025-12-19 17:44:58 - INFO - Question mathematics_k-12_doc_01_mathematics_mcq_4: Original substring: 'shortest...'
2025-12-19 17:44:58 - INFO - Question mathematics_k-12_doc_01_mathematics_mcq_4: Replacement substring: 'longest...'
2025-12-19 17:44:58 - INFO - Question mathematics_k-12_doc_01_mathematics_mcq_4: Replaced 'shortest...' with 'longest...' at position [12, 20)
2025-12-19 17:44:58 - INFO - Question mathematics_k-12_doc_01_mathematics_mcq_4: Generated CSS rule for mapping 0, class: c8a9795dc65f9
2025-12-19 17:44:58 - INFO - Question mathematics_k-12_doc_01_mathematics_mcq_4: CSS rule generated, class: c8a9795dc65f9
2025-12-19 17:44:58 - INFO - Processing question: mathematics_k-12_doc_01_mathematics_mcq_5
2025-12-19 17:44:58 - INFO - Question mathematics_k-12_doc_01_mathematics_mcq_5: Using pre-validated perturbation
2025-12-19 17:44:58 - INFO - Question mathematics_k-12_doc_01_mathematics_mcq_5: Original substring: '3 hours...'
2025-12-19 17:44:58 - INFO - Question mathematics_k-12_doc_01_mathematics_mcq_5: Replacement substring: '1 hour...'
2025-12-19 17:44:58 - INFO - Question mathematics_k-12_doc_01_mathematics_mcq_5: Replaced '3 hours...' with '1 hour...' at position [11, 18)
2025-12-19 17:44:58 - INFO - Question mathematics_k-12_doc_01_mathematics_mcq_5: Generated CSS rule for mapping 0, class: c2e7912e33d9b
2025-12-19 17:44:58 - INFO - Question mathematics_k-12_doc_01_mathematics_mcq_5: CSS rule generated, class: c2e7912e33d9b
2025-12-19 17:44:58 - INFO - Processing question: mathematics_k-12_doc_01_mathematics_tf_1
2025-12-19 17:44:58 - INFO - Question mathematics_k-12_doc_01_mathematics_tf_1: Using pre-validated perturbation
2025-12-19 17:44:58 - INFO - Question mathematics_k-12_doc_01_mathematics_tf_1: Original substring: '45...'
2025-12-19 17:44:58 - INFO - Question mathematics_k-12_doc_01_mathematics_tf_1: Replacement substring: '46...'
2025-12-19 17:44:58 - INFO - Question mathematics_k-12_doc_01_mathematics_tf_1: Replaced '45...' with '46...' at position [10, 12)
2025-12-19 17:44:58 - INFO - Question mathematics_k-12_doc_01_mathematics_tf_1: Generated CSS rule for mapping 0, class: c5f7f05da9839
2025-12-19 17:44:58 - INFO - Question mathematics_k-12_doc_01_mathematics_tf_1: CSS rule generated, class: c5f7f05da9839
2025-12-19 17:44:58 - INFO - Processing question: mathematics_k-12_doc_01_mathematics_tf_2
2025-12-19 17:44:58 - INFO - Question mathematics_k-12_doc_01_mathematics_tf_2: Using pre-validated perturbation
2025-12-19 17:44:58 - INFO - Question mathematics_k-12_doc_01_mathematics_tf_2: Original substring: 'Forty-nine...'
2025-12-19 17:44:58 - INFO - Question mathematics_k-12_doc_01_mathematics_tf_2: Replacement substring: 'Thirty-seven...'
2025-12-19 17:44:58 - INFO - Question mathematics_k-12_doc_01_mathematics_tf_2: Replaced 'Forty-nine...' with 'Thirty-seven...' at position [0, 10)
2025-12-19 17:44:58 - INFO - Question mathematics_k-12_doc_01_mathematics_tf_2: Generated CSS rule for mapping 0, class: cd4dea30ab998
2025-12-19 17:44:58 - INFO - Question mathematics_k-12_doc_01_mathematics_tf_2: CSS rule generated, class: cd4dea30ab998
2025-12-19 17:44:58 - INFO - Processing question: mathematics_k-12_doc_01_mathematics_tf_3
2025-12-19 17:44:58 - INFO - Question mathematics_k-12_doc_01_mathematics_tf_3: Using pre-validated perturbation
2025-12-19 17:44:58 - INFO - Question mathematics_k-12_doc_01_mathematics_tf_3: Original substring: '1:4...'
2025-12-19 17:44:58 - INFO - Question mathematics_k-12_doc_01_mathematics_tf_3: Replacement substring: '1:3...'
2025-12-19 17:44:58 - INFO - Question mathematics_k-12_doc_01_mathematics_tf_3: Replaced '1:4...' with '1:3...' at position [83, 86)
2025-12-19 17:44:58 - INFO - Question mathematics_k-12_doc_01_mathematics_tf_3: Generated CSS rule for mapping 0, class: ca5ea4311943c
2025-12-19 17:44:58 - INFO - Question mathematics_k-12_doc_01_mathematics_tf_3: CSS rule generated, class: ca5ea4311943c
2025-12-19 17:44:58 - INFO - Processing question: mathematics_k-12_doc_01_mathematics_tf_4
2025-12-19 17:44:58 - INFO - Question mathematics_k-12_doc_01_mathematics_tf_4: Using pre-validated perturbation
2025-12-19 17:44:58 - INFO - Question mathematics_k-12_doc_01_mathematics_tf_4: Original substring: '14...'
2025-12-19 17:44:58 - INFO - Question mathematics_k-12_doc_01_mathematics_tf_4: Replacement substring: '37...'
2025-12-19 17:44:58 - INFO - Question mathematics_k-12_doc_01_mathematics_tf_4: Replaced '14...' with '37...' at position [29, 31)
2025-12-19 17:44:58 - INFO - Question mathematics_k-12_doc_01_mathematics_tf_4: Generated CSS rule for mapping 0, class: c58e852d1759e
2025-12-19 17:44:58 - INFO - Question mathematics_k-12_doc_01_mathematics_tf_4: CSS rule generated, class: c58e852d1759e
2025-12-19 17:44:58 - INFO - Processing question: mathematics_k-12_doc_01_mathematics_tf_5
2025-12-19 17:44:58 - INFO - Question mathematics_k-12_doc_01_mathematics_tf_5: Using pre-validated perturbation
2025-12-19 17:44:58 - INFO - Question mathematics_k-12_doc_01_mathematics_tf_5: Original substring: 'not in the domain...'
2025-12-19 17:44:58 - INFO - Question mathematics_k-12_doc_01_mathematics_tf_5: Replacement substring: 'in the domain...'
2025-12-19 17:44:58 - INFO - Question mathematics_k-12_doc_01_mathematics_tf_5: Replaced 'not in the domain...' with 'in the domain...' at position [34, 51)
2025-12-19 17:44:58 - INFO - Question mathematics_k-12_doc_01_mathematics_tf_5: Generated CSS rule for mapping 0, class: c28f28066f535
2025-12-19 17:44:58 - INFO - Question mathematics_k-12_doc_01_mathematics_tf_5: CSS rule generated, class: c28f28066f535
2025-12-19 17:44:58 - INFO - Processing question: mathematics_k-12_doc_01_mathematics_long_1
2025-12-19 17:44:58 - INFO - Question mathematics_k-12_doc_01_mathematics_long_1: Using pre-validated perturbation
2025-12-19 17:44:58 - INFO - Question mathematics_k-12_doc_01_mathematics_long_1: Original substring: 'factors that can influence...'
2025-12-19 17:44:58 - INFO - Question mathematics_k-12_doc_01_mathematics_long_1: Replacement substring: 'variables that may skew...'
2025-12-19 17:44:58 - INFO - Question mathematics_k-12_doc_01_mathematics_long_1: Replaced 'factors that can influence...' with 'variables that may skew...' at position [12, 38)
2025-12-19 17:44:58 - INFO - Question mathematics_k-12_doc_01_mathematics_long_1: Generated CSS rule for mapping 0, class: c204b0e91c5a2
2025-12-19 17:44:58 - INFO - Question mathematics_k-12_doc_01_mathematics_long_1: CSS rule generated, class: c204b0e91c5a2
2025-12-19 17:44:58 - INFO - Processing question: mathematics_k-12_doc_01_mathematics_long_2
2025-12-19 17:44:58 - INFO - Question mathematics_k-12_doc_01_mathematics_long_2: Using pre-validated perturbation
2025-12-19 17:44:58 - INFO - Question mathematics_k-12_doc_01_mathematics_long_2: Original substring: 'maximum possible value...'
2025-12-19 17:44:58 - INFO - Question mathematics_k-12_doc_01_mathematics_long_2: Replacement substring: 'minimum possible value...'
2025-12-19 17:44:58 - INFO - Question mathematics_k-12_doc_01_mathematics_long_2: Replaced 'maximum possible value...' with 'minimum possible value...' at position [72, 94)
2025-12-19 17:44:58 - INFO - Question mathematics_k-12_doc_01_mathematics_long_2: Generated CSS rule for mapping 0, class: cb2c98053ef95
2025-12-19 17:44:58 - INFO - Question mathematics_k-12_doc_01_mathematics_long_2: CSS rule generated, class: cb2c98053ef95
2025-12-19 17:44:58 - INFO - Created output directory: out/attacked\Maths\css_before
2025-12-19 17:44:58 - INFO - Writing CSS rules to external file: out/attacked\Maths\css_before\styles_enhanced.css
2025-12-19 17:44:58 - INFO - CSS file written successfully (4534 bytes, 12 rules)
2025-12-19 17:44:58 - INFO - Added stylesheet link to <head>
2025-12-19 17:44:58 - INFO - Writing JavaScript to external file: out/attacked\Maths\css_before\width_calc.js
2025-12-19 17:44:58 - INFO - JavaScript file written successfully (1157 bytes, 12 mappings)
2025-12-19 17:44:58 - INFO - Added JavaScript script tag to <head>
2025-12-19 17:44:58 - INFO - Writing attacked HTML to: out/attacked\Maths\css_before\exam.html
2025-12-19 17:44:58 - INFO - Attacked HTML written successfully (11617 bytes)
2025-12-19 17:44:58 - INFO - Copied CSS file to: out/attacked\Maths\css_before\styles.css
2025-12-19 17:44:58 - INFO - ================================================================================
2025-12-19 17:44:58 - INFO - CSS ::before Attack Application Complete
2025-12-19 17:44:58 - INFO - Total questions processed: 12
2025-12-19 17:44:58 - INFO - Questions with attacks applied: 12
2025-12-19 17:44:58 - INFO - Questions skipped: 0
2025-12-19 17:44:58 - INFO - Total CSS rules injected: 12
2025-12-19 17:44:58 - INFO - Output HTML: out/attacked\Maths\css_before\exam.html (11617 bytes)
2025-12-19 17:44:58 - INFO - ================================================================================
