2025-12-19 18:42:01 - INFO - ================================================================================
2025-12-19 18:42:01 - INFO - Starting CSS ::before Attack Application
2025-12-19 18:42:01 - INFO - Baseline HTML: out/baseline\Science\exam.html
2025-12-19 18:42:01 - INFO - Perturbed JSON: data\exam_content_perturbed.json
2025-12-19 18:42:01 - INFO - Output directory: out/attacked
2025-12-19 18:42:01 - INFO - Subject name: Science
2025-12-19 18:42:01 - INFO - ================================================================================
2025-12-19 18:42:01 - INFO - Loading baseline HTML: out/baseline\Science\exam.html
2025-12-19 18:42:01 - INFO - Baseline HTML loaded (19470 bytes), found 12 question cards
2025-12-19 18:42:01 - INFO - Loading perturbed exam JSON: data\exam_content_perturbed.json
2025-12-19 18:42:01 - INFO - Successfully loaded perturbed exam data (17108 bytes)
2025-12-19 18:42:01 - INFO - Number of sections: 3
2025-12-19 18:42:01 - INFO - Total questions: 12
2025-12-19 18:42:01 - INFO - Questions with perturbations: 12
2025-12-19 18:42:01 - INFO - Processing question: science_k-12_doc_01_science_arc_mcq_1
2025-12-19 18:42:01 - INFO - Question science_k-12_doc_01_science_arc_mcq_1: Using pre-validated perturbation
2025-12-19 18:42:01 - INFO - Question science_k-12_doc_01_science_arc_mcq_1: Original substring: 'made up entirely of the same mineral...'
2025-12-19 18:42:01 - INFO - Question science_k-12_doc_01_science_arc_mcq_1: Replacement substring: 'the same size...'
2025-12-19 18:42:01 - INFO - Question science_k-12_doc_01_science_arc_mcq_1: Replaced 'made up entirely of the same mineral...' with 'the same size...' at position [36, 72)
2025-12-19 18:42:01 - INFO - Question science_k-12_doc_01_science_arc_mcq_1: Generated CSS rule for mapping 0, class: cf8fd32247162
2025-12-19 18:42:01 - INFO - Question science_k-12_doc_01_science_arc_mcq_1: CSS rule generated, class: cf8fd32247162
2025-12-19 18:42:01 - INFO - Processing question: science_k-12_doc_01_science_arc_mcq_2
2025-12-19 18:42:01 - INFO - Question science_k-12_doc_01_science_arc_mcq_2: Using pre-validated perturbation
2025-12-19 18:42:01 - INFO - Question science_k-12_doc_01_science_arc_mcq_2: Original substring: 'human-made...'
2025-12-19 18:42:01 - INFO - Question science_k-12_doc_01_science_arc_mcq_2: Replacement substring: 'natural...'
2025-12-19 18:42:01 - INFO - Question science_k-12_doc_01_science_arc_mcq_2: Replaced 'human-made...' with 'natural...' at position [25, 35)
2025-12-19 18:42:01 - INFO - Question science_k-12_doc_01_science_arc_mcq_2: Generated CSS rule for mapping 0, class: c97e1d10ba477
2025-12-19 18:42:01 - INFO - Question science_k-12_doc_01_science_arc_mcq_2: CSS rule generated, class: c97e1d10ba477
2025-12-19 18:42:01 - INFO - Processing question: science_k-12_doc_01_science_arc_mcq_3
2025-12-19 18:42:01 - INFO - Question science_k-12_doc_01_science_arc_mcq_3: Using pre-validated perturbation
2025-12-19 18:42:01 - INFO - Question science_k-12_doc_01_science_arc_mcq_3: Original substring: 'describes all pure substances...'
2025-12-19 18:42:01 - INFO - Question science_k-12_doc_01_science_arc_mcq_3: Replacement substring: 'describes elements...'
2025-12-19 18:42:01 - INFO - Question science_k-12_doc_01_science_arc_mcq_3: Replaced 'describes all pure substances...' with 'describes elements...' at position [125, 154)
2025-12-19 18:42:01 - INFO - Question science_k-12_doc_01_science_arc_mcq_3: Generated CSS rule for mapping 0, class: c5100ba62a4ac
2025-12-19 18:42:01 - INFO - Question science_k-12_doc_01_science_arc_mcq_3: CSS rule generated, class: c5100ba62a4ac
2025-12-19 18:42:01 - INFO - Processing question: science_k-12_doc_01_science_arc_mcq_4
2025-12-19 18:42:01 - INFO - Question science_k-12_doc_01_science_arc_mcq_4: Using pre-validated perturbation
2025-12-19 18:42:01 - INFO - Question science_k-12_doc_01_science_arc_mcq_4: Original substring: 'the speed of a sound wave...'
2025-12-19 18:42:01 - INFO - Question science_k-12_doc_01_science_arc_mcq_4: Replacement substring: 'the wavelength of a sound wave...'
2025-12-19 18:42:01 - INFO - Question science_k-12_doc_01_science_arc_mcq_4: Replaced 'the speed of a sound wave...' with 'the wavelength of a sound wave...' at position [107, 132)
2025-12-19 18:42:01 - INFO - Question science_k-12_doc_01_science_arc_mcq_4: Generated CSS rule for mapping 0, class: cbd70316afce2
2025-12-19 18:42:01 - INFO - Question science_k-12_doc_01_science_arc_mcq_4: CSS rule generated, class: cbd70316afce2
2025-12-19 18:42:01 - INFO - Processing question: science_k-12_doc_01_science_arc_mcq_5
2025-12-19 18:42:01 - INFO - Question science_k-12_doc_01_science_arc_mcq_5: Using pre-validated perturbation
2025-12-19 18:42:01 - INFO - Question science_k-12_doc_01_science_arc_mcq_5: Original substring: 'will most likely survive...'
2025-12-19 18:42:01 - INFO - Question science_k-12_doc_01_science_arc_mcq_5: Replacement substring: 'will blend in better...'
2025-12-19 18:42:01 - INFO - Question science_k-12_doc_01_science_arc_mcq_5: Replaced 'will most likely survive...' with 'will blend in better...' at position [129, 153)
2025-12-19 18:42:01 - INFO - Question science_k-12_doc_01_science_arc_mcq_5: Generated CSS rule for mapping 0, class: cf280c024a6e8
2025-12-19 18:42:01 - INFO - Question science_k-12_doc_01_science_arc_mcq_5: CSS rule generated, class: cf280c024a6e8
2025-12-19 18:42:01 - INFO - Processing question: science_k-12_doc_01_science_arc_tf_1
2025-12-19 18:42:01 - INFO - Question science_k-12_doc_01_science_arc_tf_1: Using pre-validated perturbation
2025-12-19 18:42:01 - INFO - Question science_k-12_doc_01_science_arc_tf_1: Original substring: 'convection...'
2025-12-19 18:42:01 - INFO - Question science_k-12_doc_01_science_arc_tf_1: Replacement substring: 'conduction...'
2025-12-19 18:42:01 - INFO - Question science_k-12_doc_01_science_arc_tf_1: Replaced 'convection...' with 'conduction...' at position [41, 51)
2025-12-19 18:42:01 - INFO - Question science_k-12_doc_01_science_arc_tf_1: Generated CSS rule for mapping 0, class: c3592e6450cf0
2025-12-19 18:42:01 - INFO - Question science_k-12_doc_01_science_arc_tf_1: CSS rule generated, class: c3592e6450cf0
2025-12-19 18:42:01 - INFO - Processing question: science_k-12_doc_01_science_arc_tf_2
2025-12-19 18:42:01 - INFO - Question science_k-12_doc_01_science_arc_tf_2: Using pre-validated perturbation
2025-12-19 18:42:01 - INFO - Question science_k-12_doc_01_science_arc_tf_2: Original substring: 'by hand...'
2025-12-19 18:42:01 - INFO - Question science_k-12_doc_01_science_arc_tf_2: Replacement substring: 'with tools...'
2025-12-19 18:42:01 - INFO - Question science_k-12_doc_01_science_arc_tf_2: Replaced 'by hand...' with 'with tools...' at position [31, 38)
2025-12-19 18:42:01 - INFO - Question science_k-12_doc_01_science_arc_tf_2: Generated CSS rule for mapping 0, class: cea4b53ba73a4
2025-12-19 18:42:01 - INFO - Question science_k-12_doc_01_science_arc_tf_2: CSS rule generated, class: cea4b53ba73a4
2025-12-19 18:42:01 - INFO - Processing question: science_k-12_doc_01_science_arc_tf_3
2025-12-19 18:42:01 - INFO - Question science_k-12_doc_01_science_arc_tf_3: Using pre-validated perturbation
2025-12-19 18:42:01 - INFO - Question science_k-12_doc_01_science_arc_tf_3: Original substring: 'and can be found outside the nucleus...'
2025-12-19 18:42:01 - INFO - Question science_k-12_doc_01_science_arc_tf_3: Replacement substring: 'and is found in the nucleus...'
2025-12-19 18:42:01 - INFO - Question science_k-12_doc_01_science_arc_tf_3: Replaced 'and can be found outside the nucleus...' with 'and is found in the nucleus...' at position [51, 87)
2025-12-19 18:42:01 - INFO - Question science_k-12_doc_01_science_arc_tf_3: Generated CSS rule for mapping 0, class: c608977528e2f
2025-12-19 18:42:01 - INFO - Question science_k-12_doc_01_science_arc_tf_3: CSS rule generated, class: c608977528e2f
2025-12-19 18:42:01 - INFO - Processing question: science_k-12_doc_01_science_arc_tf_4
2025-12-19 18:42:01 - INFO - Question science_k-12_doc_01_science_arc_tf_4: Using pre-validated perturbation
2025-12-19 18:42:01 - INFO - Question science_k-12_doc_01_science_arc_tf_4: Original substring: 'in forests...'
2025-12-19 18:42:01 - INFO - Question science_k-12_doc_01_science_arc_tf_4: Replacement substring: 'in open fields...'
2025-12-19 18:42:01 - INFO - Question science_k-12_doc_01_science_arc_tf_4: Replaced 'in forests...' with 'in open fields...' at position [26, 36)
2025-12-19 18:42:01 - INFO - Question science_k-12_doc_01_science_arc_tf_4: Generated CSS rule for mapping 0, class: c83eb8d96ad45
2025-12-19 18:42:01 - INFO - Question science_k-12_doc_01_science_arc_tf_4: CSS rule generated, class: c83eb8d96ad45
2025-12-19 18:42:01 - INFO - Processing question: science_k-12_doc_01_science_arc_tf_5
2025-12-19 18:42:01 - INFO - Question science_k-12_doc_01_science_arc_tf_5: Using pre-validated perturbation
2025-12-19 18:42:01 - INFO - Question science_k-12_doc_01_science_arc_tf_5: Original substring: 'remain the same...'
2025-12-19 18:42:01 - INFO - Question science_k-12_doc_01_science_arc_tf_5: Replacement substring: 'increase...'
2025-12-19 18:42:01 - INFO - Question science_k-12_doc_01_science_arc_tf_5: Replaced 'remain the same...' with 'increase...' at position [37, 52)
2025-12-19 18:42:01 - INFO - Question science_k-12_doc_01_science_arc_tf_5: Generated CSS rule for mapping 0, class: c66e3d56b4582
2025-12-19 18:42:01 - INFO - Question science_k-12_doc_01_science_arc_tf_5: CSS rule generated, class: c66e3d56b4582
2025-12-19 18:42:01 - INFO - Processing question: science_k-12_doc_01_science_long_1
2025-12-19 18:42:01 - INFO - Question science_k-12_doc_01_science_long_1: Using pre-validated perturbation
2025-12-19 18:42:01 - INFO - Question science_k-12_doc_01_science_long_1: Original substring: 'Earth's atmosphere...'
2025-12-19 18:42:01 - INFO - Question science_k-12_doc_01_science_long_1: Replacement substring: 'local ecosystems...'
2025-12-19 18:42:01 - INFO - Question science_k-12_doc_01_science_long_1: Replaced 'Earth's atmosphere...' with 'local ecosystems...' at position [72, 90)
2025-12-19 18:42:01 - INFO - Question science_k-12_doc_01_science_long_1: Generated CSS rule for mapping 0, class: c082c1925975c
2025-12-19 18:42:01 - INFO - Question science_k-12_doc_01_science_long_1: CSS rule generated, class: c082c1925975c
2025-12-19 18:42:01 - INFO - Processing question: science_k-12_doc_01_science_long_2
2025-12-19 18:42:01 - INFO - Question science_k-12_doc_01_science_long_2: Using pre-validated perturbation
2025-12-19 18:42:01 - INFO - Question science_k-12_doc_01_science_long_2: Original substring: 'freezing temperature of water...'
2025-12-19 18:42:01 - INFO - Question science_k-12_doc_01_science_long_2: Replacement substring: 'boiling point of water...'
2025-12-19 18:42:01 - INFO - Question science_k-12_doc_01_science_long_2: Replaced 'freezing temperature of water...' with 'boiling point of water...' at position [16, 45)
2025-12-19 18:42:01 - INFO - Question science_k-12_doc_01_science_long_2: Generated CSS rule for mapping 0, class: c220c7f489d45
2025-12-19 18:42:01 - INFO - Question science_k-12_doc_01_science_long_2: CSS rule generated, class: c220c7f489d45
2025-12-19 18:42:01 - INFO - Created output directory: out/attacked\Science\css_before
2025-12-19 18:42:01 - INFO - Writing CSS rules to external file: out/attacked\Science\css_before\styles_enhanced.css
2025-12-19 18:42:01 - INFO - CSS file written successfully (4534 bytes, 12 rules)
2025-12-19 18:42:01 - INFO - Added stylesheet link to <head>
2025-12-19 18:42:01 - INFO - Writing JavaScript to external file: out/attacked\Science\css_before\width_calc.js
2025-12-19 18:42:01 - INFO - JavaScript file written successfully (1259 bytes, 12 mappings)
2025-12-19 18:42:01 - INFO - Added JavaScript script tag to <head>
2025-12-19 18:42:01 - INFO - Writing attacked HTML to: out/attacked\Science\css_before\exam.html
2025-12-19 18:42:01 - INFO - Attacked HTML written successfully (12056 bytes)
2025-12-19 18:42:01 - INFO - Copied CSS file to: out/attacked\Science\css_before\styles.css
2025-12-19 18:42:01 - INFO - ================================================================================
2025-12-19 18:42:01 - INFO - CSS ::before Attack Application Complete
2025-12-19 18:42:01 - INFO - Total questions processed: 12
2025-12-19 18:42:01 - INFO - Questions with attacks applied: 12
2025-12-19 18:42:01 - INFO - Questions skipped: 0
2025-12-19 18:42:01 - INFO - Total CSS rules injected: 12
2025-12-19 18:42:01 - INFO - Output HTML: out/attacked\Science\css_before\exam.html (12056 bytes)
2025-12-19 18:42:01 - INFO - ================================================================================
