2025-12-19 12:08:32 - INFO - ================================================================================
2025-12-19 12:08:32 - INFO - Starting CSS ::before Attack Application
2025-12-19 12:08:32 - INFO - Baseline HTML: out/baseline\Science\exam.html
2025-12-19 12:08:32 - INFO - Perturbed JSON: data\exam_content_perturbed.json
2025-12-19 12:08:32 - INFO - Output directory: out/attacked
2025-12-19 12:08:32 - INFO - Subject name: Science
2025-12-19 12:08:32 - INFO - ================================================================================
2025-12-19 12:08:32 - INFO - Loading baseline HTML: out/baseline\Science\exam.html
2025-12-19 12:08:32 - INFO - Baseline HTML loaded (19470 bytes), found 12 question cards
2025-12-19 12:08:32 - INFO - Loading perturbed exam JSON: data\exam_content_perturbed.json
2025-12-19 12:08:32 - INFO - Successfully loaded perturbed exam data (17410 bytes)
2025-12-19 12:08:32 - INFO - Number of sections: 3
2025-12-19 12:08:32 - INFO - Total questions: 12
2025-12-19 12:08:32 - INFO - Questions with perturbations: 12
2025-12-19 12:08:32 - INFO - Processing question: science_k-12_doc_01_science_arc_mcq_1
2025-12-19 12:08:32 - INFO - Question science_k-12_doc_01_science_arc_mcq_1: Using pre-validated perturbation
2025-12-19 12:08:32 - INFO - Question science_k-12_doc_01_science_arc_mcq_1: Original substring: 'made up entirely of the same mineral...'
2025-12-19 12:08:32 - INFO - Question science_k-12_doc_01_science_arc_mcq_1: Replacement substring: 'identically shaped...'
2025-12-19 12:08:32 - INFO - Question science_k-12_doc_01_science_arc_mcq_1: Replaced 'made up entirely of the same mineral...' with 'identically shaped...' at position [36, 72)
2025-12-19 12:08:32 - INFO - Question science_k-12_doc_01_science_arc_mcq_1: Generated CSS rule for mapping 0, class: cf8fd32247162
2025-12-19 12:08:32 - INFO - Question science_k-12_doc_01_science_arc_mcq_1: CSS rule generated, class: cf8fd32247162
2025-12-19 12:08:32 - INFO - Processing question: science_k-12_doc_01_science_arc_mcq_2
2025-12-19 12:08:32 - INFO - Question science_k-12_doc_01_science_arc_mcq_2: Using pre-validated perturbation
2025-12-19 12:08:32 - INFO - Question science_k-12_doc_01_science_arc_mcq_2: Original substring: 'human-made product...'
2025-12-19 12:08:32 - INFO - Question science_k-12_doc_01_science_arc_mcq_2: Replacement substring: 'natural product...'
2025-12-19 12:08:32 - INFO - Question science_k-12_doc_01_science_arc_mcq_2: Replaced 'human-made product...' with 'natural product...' at position [25, 43)
2025-12-19 12:08:32 - INFO - Question science_k-12_doc_01_science_arc_mcq_2: Generated CSS rule for mapping 0, class: c97e1d10ba477
2025-12-19 12:08:32 - INFO - Question science_k-12_doc_01_science_arc_mcq_2: CSS rule generated, class: c97e1d10ba477
2025-12-19 12:08:32 - INFO - Processing question: science_k-12_doc_01_science_arc_mcq_3
2025-12-19 12:08:32 - INFO - Question science_k-12_doc_01_science_arc_mcq_3: Using pre-validated perturbation
2025-12-19 12:08:32 - INFO - Question science_k-12_doc_01_science_arc_mcq_3: Original substring: 'describes all pure substances?...'
2025-12-19 12:08:32 - INFO - Question science_k-12_doc_01_science_arc_mcq_3: Replacement substring: 'is true for elements?...'
2025-12-19 12:08:32 - INFO - Question science_k-12_doc_01_science_arc_mcq_3: Replaced 'describes all pure substances?...' with 'is true for elements?...' at position [125, 155)
2025-12-19 12:08:32 - INFO - Question science_k-12_doc_01_science_arc_mcq_3: Generated CSS rule for mapping 0, class: c5100ba62a4ac
2025-12-19 12:08:32 - INFO - Question science_k-12_doc_01_science_arc_mcq_3: CSS rule generated, class: c5100ba62a4ac
2025-12-19 12:08:32 - INFO - Processing question: science_k-12_doc_01_science_arc_mcq_4
2025-12-19 12:08:32 - INFO - Question science_k-12_doc_01_science_arc_mcq_4: Using pre-validated perturbation
2025-12-19 12:08:32 - INFO - Question science_k-12_doc_01_science_arc_mcq_4: Original substring: 'factor will most affect the speed of a sound wave...'
2025-12-19 12:08:32 - INFO - Question science_k-12_doc_01_science_arc_mcq_4: Replacement substring: 'property determines the wavelength of a sound wave...'
2025-12-19 12:08:32 - INFO - Question science_k-12_doc_01_science_arc_mcq_4: Replaced 'factor will most affect the speed of a sound wave...' with 'property determines the wavelength of a sound wave...' at position [83, 132)
2025-12-19 12:08:32 - INFO - Question science_k-12_doc_01_science_arc_mcq_4: Generated CSS rule for mapping 0, class: cbd70316afce2
2025-12-19 12:08:32 - INFO - Question science_k-12_doc_01_science_arc_mcq_4: CSS rule generated, class: cbd70316afce2
2025-12-19 12:08:32 - INFO - Processing question: science_k-12_doc_01_science_arc_mcq_5
2025-12-19 12:08:32 - INFO - Question science_k-12_doc_01_science_arc_mcq_5: Using pre-validated perturbation
2025-12-19 12:08:32 - INFO - Question science_k-12_doc_01_science_arc_mcq_5: Original substring: 'kills most these trees...'
2025-12-19 12:08:32 - INFO - Question science_k-12_doc_01_science_arc_mcq_5: Replacement substring: 'changes the tree bark color...'
2025-12-19 12:08:32 - INFO - Question science_k-12_doc_01_science_arc_mcq_5: Replaced 'kills most these trees...' with 'changes the tree bark color...' at position [80, 102)
2025-12-19 12:08:32 - INFO - Question science_k-12_doc_01_science_arc_mcq_5: Generated CSS rule for mapping 0, class: cf280c024a6e8
2025-12-19 12:08:32 - INFO - Question science_k-12_doc_01_science_arc_mcq_5: CSS rule generated, class: cf280c024a6e8
2025-12-19 12:08:32 - INFO - Processing question: science_k-12_doc_01_science_arc_tf_1
2025-12-19 12:08:32 - INFO - Question science_k-12_doc_01_science_arc_tf_1: Using pre-validated perturbation
2025-12-19 12:08:32 - INFO - Question science_k-12_doc_01_science_arc_tf_1: Original substring: 'convection...'
2025-12-19 12:08:32 - INFO - Question science_k-12_doc_01_science_arc_tf_1: Replacement substring: 'conduction...'
2025-12-19 12:08:32 - INFO - Question science_k-12_doc_01_science_arc_tf_1: Replaced 'convection...' with 'conduction...' at position [41, 51)
2025-12-19 12:08:32 - INFO - Question science_k-12_doc_01_science_arc_tf_1: Generated CSS rule for mapping 0, class: c3592e6450cf0
2025-12-19 12:08:32 - INFO - Question science_k-12_doc_01_science_arc_tf_1: CSS rule generated, class: c3592e6450cf0
2025-12-19 12:08:32 - INFO - Processing question: science_k-12_doc_01_science_arc_tf_2
2025-12-19 12:08:32 - INFO - Question science_k-12_doc_01_science_arc_tf_2: Using pre-validated perturbation
2025-12-19 12:08:32 - INFO - Question science_k-12_doc_01_science_arc_tf_2: Original substring: 'best...'
2025-12-19 12:08:32 - INFO - Question science_k-12_doc_01_science_arc_tf_2: Replacement substring: 'worst...'
2025-12-19 12:08:32 - INFO - Question science_k-12_doc_01_science_arc_tf_2: Replaced 'best...' with 'worst...' at position [46, 50)
2025-12-19 12:08:32 - INFO - Question science_k-12_doc_01_science_arc_tf_2: Generated CSS rule for mapping 0, class: cea4b53ba73a4
2025-12-19 12:08:32 - INFO - Question science_k-12_doc_01_science_arc_tf_2: CSS rule generated, class: cea4b53ba73a4
2025-12-19 12:08:32 - INFO - Processing question: science_k-12_doc_01_science_arc_tf_3
2025-12-19 12:08:32 - INFO - Question science_k-12_doc_01_science_arc_tf_3: Using pre-validated perturbation
2025-12-19 12:08:32 - INFO - Question science_k-12_doc_01_science_arc_tf_3: Original substring: 'not a fundamental component...'
2025-12-19 12:08:32 - INFO - Question science_k-12_doc_01_science_arc_tf_3: Replacement substring: 'a fundamental component...'
2025-12-19 12:08:32 - INFO - Question science_k-12_doc_01_science_arc_tf_3: Replaced 'not a fundamental component...' with 'a fundamental component...' at position [12, 39)
2025-12-19 12:08:32 - INFO - Question science_k-12_doc_01_science_arc_tf_3: Generated CSS rule for mapping 0, class: c608977528e2f
2025-12-19 12:08:32 - INFO - Question science_k-12_doc_01_science_arc_tf_3: CSS rule generated, class: c608977528e2f
2025-12-19 12:08:32 - INFO - Processing question: science_k-12_doc_01_science_arc_tf_4
2025-12-19 12:08:32 - INFO - Question science_k-12_doc_01_science_arc_tf_4: Using pre-validated perturbation
2025-12-19 12:08:32 - INFO - Question science_k-12_doc_01_science_arc_tf_4: Original substring: 'in forests...'
2025-12-19 12:08:32 - INFO - Question science_k-12_doc_01_science_arc_tf_4: Replacement substring: 'in open fields...'
2025-12-19 12:08:32 - INFO - Question science_k-12_doc_01_science_arc_tf_4: Replaced 'in forests...' with 'in open fields...' at position [26, 36)
2025-12-19 12:08:32 - INFO - Question science_k-12_doc_01_science_arc_tf_4: Generated CSS rule for mapping 0, class: c83eb8d96ad45
2025-12-19 12:08:32 - INFO - Question science_k-12_doc_01_science_arc_tf_4: CSS rule generated, class: c83eb8d96ad45
2025-12-19 12:08:32 - INFO - Processing question: science_k-12_doc_01_science_arc_tf_5
2025-12-19 12:08:32 - INFO - Question science_k-12_doc_01_science_arc_tf_5: Using pre-validated perturbation
2025-12-19 12:08:32 - INFO - Question science_k-12_doc_01_science_arc_tf_5: Original substring: 'remain the same...'
2025-12-19 12:08:32 - INFO - Question science_k-12_doc_01_science_arc_tf_5: Replacement substring: 'decrease...'
2025-12-19 12:08:32 - INFO - Question science_k-12_doc_01_science_arc_tf_5: Replaced 'remain the same...' with 'decrease...' at position [37, 52)
2025-12-19 12:08:32 - INFO - Question science_k-12_doc_01_science_arc_tf_5: Generated CSS rule for mapping 0, class: c66e3d56b4582
2025-12-19 12:08:32 - INFO - Question science_k-12_doc_01_science_arc_tf_5: CSS rule generated, class: c66e3d56b4582
2025-12-19 12:08:32 - INFO - Processing question: science_k-12_doc_01_science_long_1
2025-12-19 12:08:32 - INFO - Question science_k-12_doc_01_science_long_1: Using pre-validated perturbation
2025-12-19 12:08:32 - INFO - Question science_k-12_doc_01_science_long_1: Original substring: 'deforestation and land burning...'
2025-12-19 12:08:32 - INFO - Question science_k-12_doc_01_science_long_1: Replacement substring: 'urbanization and industrial activities...'
2025-12-19 12:08:32 - INFO - Question science_k-12_doc_01_science_long_1: Replaced 'deforestation and land burning...' with 'urbanization and industrial activities...' at position [22, 52)
2025-12-19 12:08:32 - INFO - Question science_k-12_doc_01_science_long_1: Generated CSS rule for mapping 0, class: c082c1925975c
2025-12-19 12:08:32 - INFO - Question science_k-12_doc_01_science_long_1: CSS rule generated, class: c082c1925975c
2025-12-19 12:08:32 - INFO - Processing question: science_k-12_doc_01_science_long_2
2025-12-19 12:08:32 - INFO - Question science_k-12_doc_01_science_long_2: Using pre-validated perturbation
2025-12-19 12:08:32 - INFO - Question science_k-12_doc_01_science_long_2: Original substring: 'the freezing temperature of water...'
2025-12-19 12:08:32 - INFO - Question science_k-12_doc_01_science_long_2: Replacement substring: 'the boiling temperature of water...'
2025-12-19 12:08:32 - INFO - Question science_k-12_doc_01_science_long_2: Replaced 'the freezing temperature of water...' with 'the boiling temperature of water...' at position [12, 45)
2025-12-19 12:08:32 - INFO - Question science_k-12_doc_01_science_long_2: Generated CSS rule for mapping 0, class: c220c7f489d45
2025-12-19 12:08:32 - INFO - Question science_k-12_doc_01_science_long_2: CSS rule generated, class: c220c7f489d45
2025-12-19 12:08:32 - INFO - Created output directory: out/attacked\Science\css_before
2025-12-19 12:08:32 - INFO - Writing CSS rules to external file: out/attacked\Science\css_before\styles_enhanced.css
2025-12-19 12:08:32 - INFO - CSS file written successfully (5922 bytes, 12 rules)
2025-12-19 12:08:32 - INFO - Added stylesheet link to <head>
2025-12-19 12:08:32 - INFO - Writing JavaScript to external file: out/attacked\Science\css_before\width_calc.js
2025-12-19 12:08:32 - INFO - JavaScript file written successfully (1293 bytes, 12 mappings)
2025-12-19 12:08:32 - INFO - Added JavaScript script tag to <head>
2025-12-19 12:08:32 - INFO - Writing attacked HTML to: out/attacked\Science\css_before\exam.html
2025-12-19 12:08:32 - INFO - Attacked HTML written successfully (11250 bytes)
2025-12-19 12:08:32 - INFO - Copied CSS file to: out/attacked\Science\css_before\styles.css
2025-12-19 12:08:32 - INFO - ================================================================================
2025-12-19 12:08:32 - INFO - CSS ::before Attack Application Complete
2025-12-19 12:08:32 - INFO - Total questions processed: 12
2025-12-19 12:08:32 - INFO - Questions with attacks applied: 12
2025-12-19 12:08:32 - INFO - Questions skipped: 0
2025-12-19 12:08:32 - INFO - Total CSS rules injected: 12
2025-12-19 12:08:32 - INFO - Output HTML: out/attacked\Science\css_before\exam.html (11250 bytes)
2025-12-19 12:08:32 - INFO - ================================================================================
