2025-12-20 01:38:58 - INFO - ================================================================================
2025-12-20 01:38:58 - INFO - Starting CSS ::before Attack Application
2025-12-20 01:38:58 - INFO - Baseline HTML: out/baseline\Maths\exam.html
2025-12-20 01:38:58 - INFO - Perturbed JSON: data\exam_content_perturbed.json
2025-12-20 01:38:58 - INFO - Output directory: out/attacked
2025-12-20 01:38:58 - INFO - Subject name: Maths
2025-12-20 01:38:58 - INFO - ================================================================================
2025-12-20 01:38:58 - INFO - Loading baseline HTML: out/baseline\Maths\exam.html
2025-12-20 01:38:59 - INFO - Baseline HTML loaded (19086 bytes), found 12 question cards
2025-12-20 01:38:59 - INFO - Loading perturbed exam JSON: data\exam_content_perturbed.json
2025-12-20 01:38:59 - INFO - Successfully loaded perturbed exam data (16673 bytes)
2025-12-20 01:38:59 - INFO - Number of sections: 3
2025-12-20 01:38:59 - INFO - Total questions: 12
2025-12-20 01:38:59 - INFO - Questions with perturbations: 12
2025-12-20 01:38:59 - INFO - Processing question: mathematics_k-12_doc_01_mathematics_mcq_1
2025-12-20 01:38:59 - INFO - Question mathematics_k-12_doc_01_mathematics_mcq_1: Using pre-validated perturbation
2025-12-20 01:38:59 - INFO - Question mathematics_k-12_doc_01_mathematics_mcq_1: Original substring: '20 miles per hour...'
2025-12-20 01:38:59 - INFO - Question mathematics_k-12_doc_01_mathematics_mcq_1: Replacement substring: '15 miles per hour...'
2025-12-20 01:38:59 - INFO - Question mathematics_k-12_doc_01_mathematics_mcq_1: Replaced '20 miles per hour...' with '15 miles per hour...' at position [41, 58)
2025-12-20 01:38:59 - INFO - Question mathematics_k-12_doc_01_mathematics_mcq_1: Generated CSS rule for mapping 0, class: c2b13316a7b98
2025-12-20 01:38:59 - INFO - Question mathematics_k-12_doc_01_mathematics_mcq_1: CSS rule generated, class: c2b13316a7b98
2025-12-20 01:38:59 - INFO - Processing question: mathematics_k-12_doc_01_mathematics_mcq_2
2025-12-20 01:38:59 - INFO - Question mathematics_k-12_doc_01_mathematics_mcq_2: Using pre-validated perturbation
2025-12-20 01:38:59 - INFO - Question mathematics_k-12_doc_01_mathematics_mcq_2: Original substring: 'rounded to the nearest thousand...'
2025-12-20 01:38:59 - INFO - Question mathematics_k-12_doc_01_mathematics_mcq_2: Replacement substring: 'rounded to the nearest hundred...'
2025-12-20 01:38:59 - INFO - Question mathematics_k-12_doc_01_mathematics_mcq_2: Replaced 'rounded to the nearest thousand...' with 'rounded to the nearest hundred...' at position [105, 136)
2025-12-20 01:38:59 - INFO - Question mathematics_k-12_doc_01_mathematics_mcq_2: Generated CSS rule for mapping 0, class: cfed4d732a1f8
2025-12-20 01:38:59 - INFO - Question mathematics_k-12_doc_01_mathematics_mcq_2: CSS rule generated, class: cfed4d732a1f8
2025-12-20 01:38:59 - INFO - Processing question: mathematics_k-12_doc_01_mathematics_mcq_3
2025-12-20 01:38:59 - INFO - Question mathematics_k-12_doc_01_mathematics_mcq_3: Using pre-validated perturbation
2025-12-20 01:38:59 - INFO - Question mathematics_k-12_doc_01_mathematics_mcq_3: Original substring: 'where y = 4...'
2025-12-20 01:38:59 - INFO - Question mathematics_k-12_doc_01_mathematics_mcq_3: Replacement substring: 'where y = 2...'
2025-12-20 01:38:59 - INFO - Question mathematics_k-12_doc_01_mathematics_mcq_3: Replaced 'where y = 4...' with 'where y = 2...' at position [98, 109)
2025-12-20 01:38:59 - INFO - Question mathematics_k-12_doc_01_mathematics_mcq_3: Generated CSS rule for mapping 0, class: c853c8d3ed990
2025-12-20 01:38:59 - INFO - Question mathematics_k-12_doc_01_mathematics_mcq_3: CSS rule generated, class: c853c8d3ed990
2025-12-20 01:38:59 - INFO - Processing question: mathematics_k-12_doc_01_mathematics_mcq_4
2025-12-20 01:38:59 - INFO - Question mathematics_k-12_doc_01_mathematics_mcq_4: Using pre-validated perturbation
2025-12-20 01:38:59 - INFO - Question mathematics_k-12_doc_01_mathematics_mcq_4: Original substring: 'shortest...'
2025-12-20 01:38:59 - INFO - Question mathematics_k-12_doc_01_mathematics_mcq_4: Replacement substring: 'longest...'
2025-12-20 01:38:59 - INFO - Question mathematics_k-12_doc_01_mathematics_mcq_4: Replaced 'shortest...' with 'longest...' at position [12, 20)
2025-12-20 01:38:59 - INFO - Question mathematics_k-12_doc_01_mathematics_mcq_4: Generated CSS rule for mapping 0, class: c8a9795dc65f9
2025-12-20 01:38:59 - INFO - Question mathematics_k-12_doc_01_mathematics_mcq_4: CSS rule generated, class: c8a9795dc65f9
2025-12-20 01:38:59 - INFO - Processing question: mathematics_k-12_doc_01_mathematics_mcq_5
2025-12-20 01:38:59 - INFO - Question mathematics_k-12_doc_01_mathematics_mcq_5: Using pre-validated perturbation
2025-12-20 01:38:59 - INFO - Question mathematics_k-12_doc_01_mathematics_mcq_5: Original substring: '1 over 2 hour on science...'
2025-12-20 01:38:59 - INFO - Question mathematics_k-12_doc_01_mathematics_mcq_5: Replacement substring: '1 hour on science...'
2025-12-20 01:38:59 - INFO - Question mathematics_k-12_doc_01_mathematics_mcq_5: Replaced '1 over 2 hour on science...' with '1 hour on science...' at position [99, 123)
2025-12-20 01:38:59 - INFO - Question mathematics_k-12_doc_01_mathematics_mcq_5: Generated CSS rule for mapping 0, class: c2e7912e33d9b
2025-12-20 01:38:59 - INFO - Question mathematics_k-12_doc_01_mathematics_mcq_5: CSS rule generated, class: c2e7912e33d9b
2025-12-20 01:38:59 - INFO - Processing question: mathematics_k-12_doc_01_mathematics_tf_1
2025-12-20 01:38:59 - INFO - Question mathematics_k-12_doc_01_mathematics_tf_1: Using pre-validated perturbation
2025-12-20 01:38:59 - INFO - Question mathematics_k-12_doc_01_mathematics_tf_1: Original substring: '45...'
2025-12-20 01:38:59 - INFO - Question mathematics_k-12_doc_01_mathematics_tf_1: Replacement substring: '46...'
2025-12-20 01:38:59 - INFO - Question mathematics_k-12_doc_01_mathematics_tf_1: Replaced '45...' with '46...' at position [10, 12)
2025-12-20 01:38:59 - INFO - Question mathematics_k-12_doc_01_mathematics_tf_1: Generated CSS rule for mapping 0, class: c5f7f05da9839
2025-12-20 01:38:59 - INFO - Question mathematics_k-12_doc_01_mathematics_tf_1: CSS rule generated, class: c5f7f05da9839
2025-12-20 01:38:59 - INFO - Processing question: mathematics_k-12_doc_01_mathematics_tf_2
2025-12-20 01:38:59 - INFO - Question mathematics_k-12_doc_01_mathematics_tf_2: Using pre-validated perturbation
2025-12-20 01:38:59 - INFO - Question mathematics_k-12_doc_01_mathematics_tf_2: Original substring: 'more than half...'
2025-12-20 01:38:59 - INFO - Question mathematics_k-12_doc_01_mathematics_tf_2: Replacement substring: 'less than half...'
2025-12-20 01:38:59 - INFO - Question mathematics_k-12_doc_01_mathematics_tf_2: Replaced 'more than half...' with 'less than half...' at position [65, 79)
2025-12-20 01:38:59 - INFO - Question mathematics_k-12_doc_01_mathematics_tf_2: Generated CSS rule for mapping 0, class: cd4dea30ab998
2025-12-20 01:38:59 - INFO - Question mathematics_k-12_doc_01_mathematics_tf_2: CSS rule generated, class: cd4dea30ab998
2025-12-20 01:38:59 - INFO - Processing question: mathematics_k-12_doc_01_mathematics_tf_3
2025-12-20 01:38:59 - INFO - Question mathematics_k-12_doc_01_mathematics_tf_3: Using pre-validated perturbation
2025-12-20 01:38:59 - INFO - Question mathematics_k-12_doc_01_mathematics_tf_3: Original substring: '1:4...'
2025-12-20 01:38:59 - INFO - Question mathematics_k-12_doc_01_mathematics_tf_3: Replacement substring: '1:1...'
2025-12-20 01:38:59 - INFO - Question mathematics_k-12_doc_01_mathematics_tf_3: Replaced '1:4...' with '1:1...' at position [83, 86)
2025-12-20 01:38:59 - INFO - Question mathematics_k-12_doc_01_mathematics_tf_3: Generated CSS rule for mapping 0, class: ca5ea4311943c
2025-12-20 01:38:59 - INFO - Question mathematics_k-12_doc_01_mathematics_tf_3: CSS rule generated, class: ca5ea4311943c
2025-12-20 01:38:59 - INFO - Processing question: mathematics_k-12_doc_01_mathematics_tf_4
2025-12-20 01:38:59 - INFO - Question mathematics_k-12_doc_01_mathematics_tf_4: Using pre-validated perturbation
2025-12-20 01:38:59 - INFO - Question mathematics_k-12_doc_01_mathematics_tf_4: Original substring: 'w = -9...'
2025-12-20 01:38:59 - INFO - Question mathematics_k-12_doc_01_mathematics_tf_4: Replacement substring: 'w = -7...'
2025-12-20 01:38:59 - INFO - Question mathematics_k-12_doc_01_mathematics_tf_4: Replaced 'w = -9...' with 'w = -7...' at position [44, 50)
2025-12-20 01:38:59 - INFO - Question mathematics_k-12_doc_01_mathematics_tf_4: Generated CSS rule for mapping 0, class: c58e852d1759e
2025-12-20 01:38:59 - INFO - Question mathematics_k-12_doc_01_mathematics_tf_4: CSS rule generated, class: c58e852d1759e
2025-12-20 01:38:59 - INFO - Processing question: mathematics_k-12_doc_01_mathematics_tf_5
2025-12-20 01:38:59 - INFO - Question mathematics_k-12_doc_01_mathematics_tf_5: Using pre-validated perturbation
2025-12-20 01:38:59 - INFO - Question mathematics_k-12_doc_01_mathematics_tf_5: Original substring: 'not in the domain...'
2025-12-20 01:38:59 - INFO - Question mathematics_k-12_doc_01_mathematics_tf_5: Replacement substring: 'in the domain...'
2025-12-20 01:38:59 - INFO - Question mathematics_k-12_doc_01_mathematics_tf_5: Replaced 'not in the domain...' with 'in the domain...' at position [34, 51)
2025-12-20 01:38:59 - INFO - Question mathematics_k-12_doc_01_mathematics_tf_5: Generated CSS rule for mapping 0, class: c28f28066f535
2025-12-20 01:38:59 - INFO - Question mathematics_k-12_doc_01_mathematics_tf_5: CSS rule generated, class: c28f28066f535
2025-12-20 01:38:59 - INFO - Processing question: mathematics_k-12_doc_01_mathematics_long_1
2025-12-20 01:38:59 - INFO - Question mathematics_k-12_doc_01_mathematics_long_1: Using pre-validated perturbation
2025-12-20 01:38:59 - INFO - Question mathematics_k-12_doc_01_mathematics_long_1: Original substring: 'the factors that can influence...'
2025-12-20 01:38:59 - INFO - Question mathematics_k-12_doc_01_mathematics_long_1: Replacement substring: 'how sample size can affect...'
2025-12-20 01:38:59 - INFO - Question mathematics_k-12_doc_01_mathematics_long_1: Replaced 'the factors that can influence...' with 'how sample size can affect...' at position [8, 38)
2025-12-20 01:38:59 - INFO - Question mathematics_k-12_doc_01_mathematics_long_1: Generated CSS rule for mapping 0, class: c204b0e91c5a2
2025-12-20 01:38:59 - INFO - Question mathematics_k-12_doc_01_mathematics_long_1: CSS rule generated, class: c204b0e91c5a2
2025-12-20 01:38:59 - INFO - Processing question: mathematics_k-12_doc_01_mathematics_long_2
2025-12-20 01:38:59 - INFO - Question mathematics_k-12_doc_01_mathematics_long_2: Using pre-validated perturbation
2025-12-20 01:38:59 - INFO - Question mathematics_k-12_doc_01_mathematics_long_2: Original substring: '$\{\frac{2}{5}, \frac{1}{2}, 5, 10\}$...'
2025-12-20 01:38:59 - INFO - Question mathematics_k-12_doc_01_mathematics_long_2: Replacement substring: '$\{\frac{2}{5}, \frac{1}{2}, 5, 8\}$...'
2025-12-20 01:38:59 - INFO - Question mathematics_k-12_doc_01_mathematics_long_2: Replaced '$\{\frac{2}{5}, \frac{1}{2}, 5, 10\}$...' with '$\{\frac{2}{5}, \frac{1}{2}, 5, 8\}$...' at position [16, 53)
2025-12-20 01:38:59 - INFO - Question mathematics_k-12_doc_01_mathematics_long_2: Generated CSS rule for mapping 0, class: cb2c98053ef95
2025-12-20 01:38:59 - INFO - Question mathematics_k-12_doc_01_mathematics_long_2: CSS rule generated, class: cb2c98053ef95
2025-12-20 01:38:59 - INFO - Created output directory: out/attacked\Maths\css_before
2025-12-20 01:38:59 - INFO - Writing CSS rules to external file: out/attacked\Maths\css_before\styles_enhanced.css
2025-12-20 01:38:59 - INFO - CSS file written successfully (4534 bytes, 12 rules)
2025-12-20 01:38:59 - INFO - Added stylesheet link to <head>
2025-12-20 01:38:59 - INFO - Writing JavaScript to external file: out/attacked\Maths\css_before\width_calc.js
2025-12-20 01:38:59 - INFO - JavaScript file written successfully (1213 bytes, 12 mappings)
2025-12-20 01:38:59 - INFO - Added JavaScript script tag to <head>
2025-12-20 01:38:59 - INFO - Writing attacked HTML to: out/attacked\Maths\css_before\exam.html
2025-12-20 01:38:59 - INFO - Attacked HTML written successfully (11659 bytes)
2025-12-20 01:38:59 - INFO - Copied CSS file to: out/attacked\Maths\css_before\styles.css
2025-12-20 01:38:59 - INFO - ================================================================================
2025-12-20 01:38:59 - INFO - CSS ::before Attack Application Complete
2025-12-20 01:38:59 - INFO - Total questions processed: 12
2025-12-20 01:38:59 - INFO - Questions with attacks applied: 12
2025-12-20 01:38:59 - INFO - Questions skipped: 0
2025-12-20 01:38:59 - INFO - Total CSS rules injected: 12
2025-12-20 01:38:59 - INFO - Output HTML: out/attacked\Maths\css_before\exam.html (11659 bytes)
2025-12-20 01:38:59 - INFO - ================================================================================
