2025-12-19 16:56:39 - INFO - ================================================================================
2025-12-19 16:56:39 - INFO - Starting CSS ::before Attack Application
2025-12-19 16:56:39 - INFO - Baseline HTML: out/baseline\Maths\exam.html
2025-12-19 16:56:39 - INFO - Perturbed JSON: data\exam_content_perturbed.json
2025-12-19 16:56:39 - INFO - Output directory: out/attacked
2025-12-19 16:56:39 - INFO - Subject name: Maths
2025-12-19 16:56:39 - INFO - ================================================================================
2025-12-19 16:56:39 - INFO - Loading baseline HTML: out/baseline\Maths\exam.html
2025-12-19 16:56:39 - INFO - Baseline HTML loaded (19086 bytes), found 12 question cards
2025-12-19 16:56:39 - INFO - Loading perturbed exam JSON: data\exam_content_perturbed.json
2025-12-19 16:56:39 - INFO - Successfully loaded perturbed exam data (16826 bytes)
2025-12-19 16:56:39 - INFO - Number of sections: 3
2025-12-19 16:56:39 - INFO - Total questions: 12
2025-12-19 16:56:39 - INFO - Questions with perturbations: 12
2025-12-19 16:56:39 - INFO - Processing question: mathematics_k-12_doc_01_mathematics_mcq_1
2025-12-19 16:56:39 - INFO - Question mathematics_k-12_doc_01_mathematics_mcq_1: Using pre-validated perturbation
2025-12-19 16:56:39 - INFO - Question mathematics_k-12_doc_01_mathematics_mcq_1: Original substring: '6 hours...'
2025-12-19 16:56:39 - INFO - Question mathematics_k-12_doc_01_mathematics_mcq_1: Replacement substring: '4 hours...'
2025-12-19 16:56:39 - INFO - Question mathematics_k-12_doc_01_mathematics_mcq_1: Replaced '6 hours...' with '4 hours...' at position [63, 70)
2025-12-19 16:56:39 - INFO - Question mathematics_k-12_doc_01_mathematics_mcq_1: Generated CSS rule for mapping 0, class: c2b13316a7b98
2025-12-19 16:56:39 - INFO - Question mathematics_k-12_doc_01_mathematics_mcq_1: CSS rule generated, class: c2b13316a7b98
2025-12-19 16:56:39 - INFO - Processing question: mathematics_k-12_doc_01_mathematics_mcq_2
2025-12-19 16:56:39 - INFO - Question mathematics_k-12_doc_01_mathematics_mcq_2: Using pre-validated perturbation
2025-12-19 16:56:39 - INFO - Question mathematics_k-12_doc_01_mathematics_mcq_2: Original substring: 'rounded to the nearest thousand...'
2025-12-19 16:56:39 - INFO - Question mathematics_k-12_doc_01_mathematics_mcq_2: Replacement substring: 'rounded to the nearest hundred...'
2025-12-19 16:56:39 - INFO - Question mathematics_k-12_doc_01_mathematics_mcq_2: Replaced 'rounded to the nearest thousand...' with 'rounded to the nearest hundred...' at position [105, 136)
2025-12-19 16:56:39 - INFO - Question mathematics_k-12_doc_01_mathematics_mcq_2: Generated CSS rule for mapping 0, class: cfed4d732a1f8
2025-12-19 16:56:39 - INFO - Question mathematics_k-12_doc_01_mathematics_mcq_2: CSS rule generated, class: cfed4d732a1f8
2025-12-19 16:56:39 - INFO - Processing question: mathematics_k-12_doc_01_mathematics_mcq_3
2025-12-19 16:56:39 - INFO - Question mathematics_k-12_doc_01_mathematics_mcq_3: Using pre-validated perturbation
2025-12-19 16:56:39 - INFO - Question mathematics_k-12_doc_01_mathematics_mcq_3: Original substring: 'tangent to the curve...'
2025-12-19 16:56:39 - INFO - Question mathematics_k-12_doc_01_mathematics_mcq_3: Replacement substring: 'normal to the curve...'
2025-12-19 16:56:39 - INFO - Question mathematics_k-12_doc_01_mathematics_mcq_3: Replaced 'tangent to the curve...' with 'normal to the curve...' at position [31, 51)
2025-12-19 16:56:39 - INFO - Question mathematics_k-12_doc_01_mathematics_mcq_3: Generated CSS rule for mapping 0, class: c853c8d3ed990
2025-12-19 16:56:39 - INFO - Question mathematics_k-12_doc_01_mathematics_mcq_3: CSS rule generated, class: c853c8d3ed990
2025-12-19 16:56:39 - INFO - Processing question: mathematics_k-12_doc_01_mathematics_mcq_4
2025-12-19 16:56:39 - INFO - Question mathematics_k-12_doc_01_mathematics_mcq_4: Using pre-validated perturbation
2025-12-19 16:56:39 - INFO - Question mathematics_k-12_doc_01_mathematics_mcq_4: Original substring: 'circle...'
2025-12-19 16:56:39 - INFO - Question mathematics_k-12_doc_01_mathematics_mcq_4: Replacement substring: 'point...'
2025-12-19 16:56:39 - INFO - Question mathematics_k-12_doc_01_mathematics_mcq_4: Replaced 'circle...' with 'point...' at position [53, 59)
2025-12-19 16:56:39 - INFO - Question mathematics_k-12_doc_01_mathematics_mcq_4: Generated CSS rule for mapping 0, class: c8a9795dc65f9
2025-12-19 16:56:39 - INFO - Question mathematics_k-12_doc_01_mathematics_mcq_4: CSS rule generated, class: c8a9795dc65f9
2025-12-19 16:56:39 - INFO - Processing question: mathematics_k-12_doc_01_mathematics_mcq_5
2025-12-19 16:56:39 - INFO - Question mathematics_k-12_doc_01_mathematics_mcq_5: Using pre-validated perturbation
2025-12-19 16:56:39 - INFO - Question mathematics_k-12_doc_01_mathematics_mcq_5: Original substring: '1 over 2 hour...'
2025-12-19 16:56:39 - INFO - Question mathematics_k-12_doc_01_mathematics_mcq_5: Replacement substring: '1 over 1 hour...'
2025-12-19 16:56:39 - INFO - Question mathematics_k-12_doc_01_mathematics_mcq_5: Replaced '1 over 2 hour...' with '1 over 1 hour...' at position [99, 112)
2025-12-19 16:56:39 - INFO - Question mathematics_k-12_doc_01_mathematics_mcq_5: Generated CSS rule for mapping 0, class: c2e7912e33d9b
2025-12-19 16:56:39 - INFO - Question mathematics_k-12_doc_01_mathematics_mcq_5: CSS rule generated, class: c2e7912e33d9b
2025-12-19 16:56:39 - INFO - Processing question: mathematics_k-12_doc_01_mathematics_tf_1
2025-12-19 16:56:39 - INFO - Question mathematics_k-12_doc_01_mathematics_tf_1: Using pre-validated perturbation
2025-12-19 16:56:39 - INFO - Question mathematics_k-12_doc_01_mathematics_tf_1: Original substring: '45...'
2025-12-19 16:56:39 - INFO - Question mathematics_k-12_doc_01_mathematics_tf_1: Replacement substring: '46...'
2025-12-19 16:56:39 - INFO - Question mathematics_k-12_doc_01_mathematics_tf_1: Replaced '45...' with '46...' at position [10, 12)
2025-12-19 16:56:39 - INFO - Question mathematics_k-12_doc_01_mathematics_tf_1: Generated CSS rule for mapping 0, class: c5f7f05da9839
2025-12-19 16:56:39 - INFO - Question mathematics_k-12_doc_01_mathematics_tf_1: CSS rule generated, class: c5f7f05da9839
2025-12-19 16:56:39 - INFO - Processing question: mathematics_k-12_doc_01_mathematics_tf_2
2025-12-19 16:56:39 - INFO - Question mathematics_k-12_doc_01_mathematics_tf_2: Using pre-validated perturbation
2025-12-19 16:56:39 - INFO - Question mathematics_k-12_doc_01_mathematics_tf_2: Original substring: 'Forty-nine...'
2025-12-19 16:56:39 - INFO - Question mathematics_k-12_doc_01_mathematics_tf_2: Replacement substring: 'Thirty-six...'
2025-12-19 16:56:39 - INFO - Question mathematics_k-12_doc_01_mathematics_tf_2: Replaced 'Forty-nine...' with 'Thirty-six...' at position [0, 10)
2025-12-19 16:56:39 - INFO - Question mathematics_k-12_doc_01_mathematics_tf_2: Generated CSS rule for mapping 0, class: cd4dea30ab998
2025-12-19 16:56:39 - INFO - Question mathematics_k-12_doc_01_mathematics_tf_2: CSS rule generated, class: cd4dea30ab998
2025-12-19 16:56:39 - INFO - Processing question: mathematics_k-12_doc_01_mathematics_tf_3
2025-12-19 16:56:39 - INFO - Question mathematics_k-12_doc_01_mathematics_tf_3: Using pre-validated perturbation
2025-12-19 16:56:39 - INFO - Question mathematics_k-12_doc_01_mathematics_tf_3: Original substring: '1:4...'
2025-12-19 16:56:39 - INFO - Question mathematics_k-12_doc_01_mathematics_tf_3: Replacement substring: '1:1...'
2025-12-19 16:56:39 - INFO - Question mathematics_k-12_doc_01_mathematics_tf_3: Replaced '1:4...' with '1:1...' at position [83, 86)
2025-12-19 16:56:39 - INFO - Question mathematics_k-12_doc_01_mathematics_tf_3: Generated CSS rule for mapping 0, class: ca5ea4311943c
2025-12-19 16:56:39 - INFO - Question mathematics_k-12_doc_01_mathematics_tf_3: CSS rule generated, class: ca5ea4311943c
2025-12-19 16:56:39 - INFO - Processing question: mathematics_k-12_doc_01_mathematics_tf_4
2025-12-19 16:56:39 - INFO - Question mathematics_k-12_doc_01_mathematics_tf_4: Using pre-validated perturbation
2025-12-19 16:56:39 - INFO - Question mathematics_k-12_doc_01_mathematics_tf_4: Original substring: '23...'
2025-12-19 16:56:39 - INFO - Question mathematics_k-12_doc_01_mathematics_tf_4: Replacement substring: '28...'
2025-12-19 16:56:39 - INFO - Question mathematics_k-12_doc_01_mathematics_tf_4: Replaced '23...' with '28...' at position [38, 40)
2025-12-19 16:56:39 - INFO - Question mathematics_k-12_doc_01_mathematics_tf_4: Generated CSS rule for mapping 0, class: c58e852d1759e
2025-12-19 16:56:39 - INFO - Question mathematics_k-12_doc_01_mathematics_tf_4: CSS rule generated, class: c58e852d1759e
2025-12-19 16:56:39 - INFO - Processing question: mathematics_k-12_doc_01_mathematics_tf_5
2025-12-19 16:56:39 - INFO - Question mathematics_k-12_doc_01_mathematics_tf_5: Using pre-validated perturbation
2025-12-19 16:56:39 - INFO - Question mathematics_k-12_doc_01_mathematics_tf_5: Original substring: 'three...'
2025-12-19 16:56:39 - INFO - Question mathematics_k-12_doc_01_mathematics_tf_5: Replacement substring: 'four...'
2025-12-19 16:56:39 - INFO - Question mathematics_k-12_doc_01_mathematics_tf_5: Replaced 'three...' with 'four...' at position [15, 20)
2025-12-19 16:56:39 - INFO - Question mathematics_k-12_doc_01_mathematics_tf_5: Generated CSS rule for mapping 0, class: c28f28066f535
2025-12-19 16:56:39 - INFO - Question mathematics_k-12_doc_01_mathematics_tf_5: CSS rule generated, class: c28f28066f535
2025-12-19 16:56:39 - INFO - Processing question: mathematics_k-12_doc_01_mathematics_long_1
2025-12-19 16:56:39 - INFO - Question mathematics_k-12_doc_01_mathematics_long_1: Using pre-validated perturbation
2025-12-19 16:56:39 - INFO - Question mathematics_k-12_doc_01_mathematics_long_1: Original substring: 'the factors that can influence the value...'
2025-12-19 16:56:39 - INFO - Question mathematics_k-12_doc_01_mathematics_long_1: Replacement substring: 'the methods to calculate...'
2025-12-19 16:56:39 - INFO - Question mathematics_k-12_doc_01_mathematics_long_1: Replaced 'the factors that can influence the value...' with 'the methods to calculate...' at position [8, 48)
2025-12-19 16:56:39 - INFO - Question mathematics_k-12_doc_01_mathematics_long_1: Generated CSS rule for mapping 0, class: c204b0e91c5a2
2025-12-19 16:56:39 - INFO - Question mathematics_k-12_doc_01_mathematics_long_1: CSS rule generated, class: c204b0e91c5a2
2025-12-19 16:56:39 - INFO - Processing question: mathematics_k-12_doc_01_mathematics_long_2
2025-12-19 16:56:39 - INFO - Question mathematics_k-12_doc_01_mathematics_long_2: Using pre-validated perturbation
2025-12-19 16:56:39 - INFO - Question mathematics_k-12_doc_01_mathematics_long_2: Original substring: 'maximum possible value...'
2025-12-19 16:56:39 - INFO - Question mathematics_k-12_doc_01_mathematics_long_2: Replacement substring: 'minimum possible value...'
2025-12-19 16:56:39 - INFO - Question mathematics_k-12_doc_01_mathematics_long_2: Replaced 'maximum possible value...' with 'minimum possible value...' at position [72, 94)
2025-12-19 16:56:39 - INFO - Question mathematics_k-12_doc_01_mathematics_long_2: Generated CSS rule for mapping 0, class: cb2c98053ef95
2025-12-19 16:56:39 - INFO - Question mathematics_k-12_doc_01_mathematics_long_2: CSS rule generated, class: cb2c98053ef95
2025-12-19 16:56:39 - INFO - Created output directory: out/attacked\Maths\css_before
2025-12-19 16:56:39 - INFO - Writing CSS rules to external file: out/attacked\Maths\css_before\styles_enhanced.css
2025-12-19 16:56:39 - INFO - CSS file written successfully (4534 bytes, 12 rules)
2025-12-19 16:56:39 - INFO - Added stylesheet link to <head>
2025-12-19 16:56:39 - INFO - Writing JavaScript to external file: out/attacked\Maths\css_before\width_calc.js
2025-12-19 16:56:39 - INFO - JavaScript file written successfully (1170 bytes, 12 mappings)
2025-12-19 16:56:39 - INFO - Added JavaScript script tag to <head>
2025-12-19 16:56:39 - INFO - Writing attacked HTML to: out/attacked\Maths\css_before\exam.html
2025-12-19 16:56:39 - INFO - Attacked HTML written successfully (11618 bytes)
2025-12-19 16:56:39 - INFO - Copied CSS file to: out/attacked\Maths\css_before\styles.css
2025-12-19 16:56:39 - INFO - ================================================================================
2025-12-19 16:56:39 - INFO - CSS ::before Attack Application Complete
2025-12-19 16:56:39 - INFO - Total questions processed: 12
2025-12-19 16:56:39 - INFO - Questions with attacks applied: 12
2025-12-19 16:56:39 - INFO - Questions skipped: 0
2025-12-19 16:56:39 - INFO - Total CSS rules injected: 12
2025-12-19 16:56:39 - INFO - Output HTML: out/attacked\Maths\css_before\exam.html (11618 bytes)
2025-12-19 16:56:39 - INFO - ================================================================================
