2025-12-19 17:53:35 - INFO - ================================================================================
2025-12-19 17:53:35 - INFO - Starting CSS ::before Attack Application
2025-12-19 17:53:35 - INFO - Baseline HTML: out/baseline\Science\exam.html
2025-12-19 17:53:35 - INFO - Perturbed JSON: data\exam_content_perturbed.json
2025-12-19 17:53:35 - INFO - Output directory: out/attacked
2025-12-19 17:53:35 - INFO - Subject name: Science
2025-12-19 17:53:35 - INFO - ================================================================================
2025-12-19 17:53:35 - INFO - Loading baseline HTML: out/baseline\Science\exam.html
2025-12-19 17:53:35 - INFO - Baseline HTML loaded (19470 bytes), found 12 question cards
2025-12-19 17:53:35 - INFO - Loading perturbed exam JSON: data\exam_content_perturbed.json
2025-12-19 17:53:35 - INFO - Successfully loaded perturbed exam data (17496 bytes)
2025-12-19 17:53:35 - INFO - Number of sections: 3
2025-12-19 17:53:35 - INFO - Total questions: 12
2025-12-19 17:53:35 - INFO - Questions with perturbations: 12
2025-12-19 17:53:35 - INFO - Processing question: science_k-12_doc_01_science_arc_mcq_1
2025-12-19 17:53:35 - INFO - Question science_k-12_doc_01_science_arc_mcq_1: Using pre-validated perturbation
2025-12-19 17:53:35 - INFO - Question science_k-12_doc_01_science_arc_mcq_1: Original substring: 'mineral...'
2025-12-19 17:53:35 - INFO - Question science_k-12_doc_01_science_arc_mcq_1: Replacement substring: 'size...'
2025-12-19 17:53:35 - INFO - Question science_k-12_doc_01_science_arc_mcq_1: Replaced 'mineral...' with 'size...' at position [65, 72)
2025-12-19 17:53:35 - INFO - Question science_k-12_doc_01_science_arc_mcq_1: Generated CSS rule for mapping 0, class: cf8fd32247162
2025-12-19 17:53:35 - INFO - Question science_k-12_doc_01_science_arc_mcq_1: CSS rule generated, class: cf8fd32247162
2025-12-19 17:53:35 - INFO - Processing question: science_k-12_doc_01_science_arc_mcq_2
2025-12-19 17:53:35 - INFO - Question science_k-12_doc_01_science_arc_mcq_2: Using pre-validated perturbation
2025-12-19 17:53:35 - INFO - Question science_k-12_doc_01_science_arc_mcq_2: Original substring: 'human-made...'
2025-12-19 17:53:35 - INFO - Question science_k-12_doc_01_science_arc_mcq_2: Replacement substring: 'naturally occurring...'
2025-12-19 17:53:35 - INFO - Question science_k-12_doc_01_science_arc_mcq_2: Replaced 'human-made...' with 'naturally occurring...' at position [25, 35)
2025-12-19 17:53:35 - INFO - Question science_k-12_doc_01_science_arc_mcq_2: Generated CSS rule for mapping 0, class: c97e1d10ba477
2025-12-19 17:53:35 - INFO - Question science_k-12_doc_01_science_arc_mcq_2: CSS rule generated, class: c97e1d10ba477
2025-12-19 17:53:35 - INFO - Processing question: science_k-12_doc_01_science_arc_mcq_3
2025-12-19 17:53:35 - INFO - Question science_k-12_doc_01_science_arc_mcq_3: Using pre-validated perturbation
2025-12-19 17:53:35 - INFO - Question science_k-12_doc_01_science_arc_mcq_3: Original substring: 'pure substances...'
2025-12-19 17:53:35 - INFO - Question science_k-12_doc_01_science_arc_mcq_3: Replacement substring: 'elements...'
2025-12-19 17:53:35 - INFO - Question science_k-12_doc_01_science_arc_mcq_3: Replaced 'pure substances...' with 'elements...' at position [85, 100)
2025-12-19 17:53:35 - INFO - Question science_k-12_doc_01_science_arc_mcq_3: Generated CSS rule for mapping 0, class: c5100ba62a4ac
2025-12-19 17:53:35 - INFO - Question science_k-12_doc_01_science_arc_mcq_3: CSS rule generated, class: c5100ba62a4ac
2025-12-19 17:53:35 - INFO - Processing question: science_k-12_doc_01_science_arc_mcq_4
2025-12-19 17:53:35 - INFO - Question science_k-12_doc_01_science_arc_mcq_4: Using pre-validated perturbation
2025-12-19 17:53:35 - INFO - Question science_k-12_doc_01_science_arc_mcq_4: Original substring: 'will most affect...'
2025-12-19 17:53:35 - INFO - Question science_k-12_doc_01_science_arc_mcq_4: Replacement substring: 'is most related to...'
2025-12-19 17:53:35 - INFO - Question science_k-12_doc_01_science_arc_mcq_4: Replaced 'will most affect...' with 'is most related to...' at position [90, 106)
2025-12-19 17:53:35 - INFO - Question science_k-12_doc_01_science_arc_mcq_4: Generated CSS rule for mapping 0, class: cbd70316afce2
2025-12-19 17:53:35 - INFO - Question science_k-12_doc_01_science_arc_mcq_4: CSS rule generated, class: cbd70316afce2
2025-12-19 17:53:35 - INFO - Processing question: science_k-12_doc_01_science_arc_mcq_5
2025-12-19 17:53:35 - INFO - Question science_k-12_doc_01_science_arc_mcq_5: Using pre-validated perturbation
2025-12-19 17:53:35 - INFO - Question science_k-12_doc_01_science_arc_mcq_5: Original substring: 'If a virus kills most these trees...'
2025-12-19 17:53:35 - INFO - Question science_k-12_doc_01_science_arc_mcq_5: Replacement substring: 'If the trees grow darker...'
2025-12-19 17:53:35 - INFO - Question science_k-12_doc_01_science_arc_mcq_5: Replaced 'If a virus kills most these trees...' with 'If the trees grow darker...' at position [69, 102)
2025-12-19 17:53:35 - INFO - Question science_k-12_doc_01_science_arc_mcq_5: Generated CSS rule for mapping 0, class: cf280c024a6e8
2025-12-19 17:53:35 - INFO - Question science_k-12_doc_01_science_arc_mcq_5: CSS rule generated, class: cf280c024a6e8
2025-12-19 17:53:35 - INFO - Processing question: science_k-12_doc_01_science_arc_tf_1
2025-12-19 17:53:35 - INFO - Question science_k-12_doc_01_science_arc_tf_1: Using pre-validated perturbation
2025-12-19 17:53:35 - INFO - Question science_k-12_doc_01_science_arc_tf_1: Original substring: 'convection...'
2025-12-19 17:53:35 - INFO - Question science_k-12_doc_01_science_arc_tf_1: Replacement substring: 'conduction...'
2025-12-19 17:53:35 - INFO - Question science_k-12_doc_01_science_arc_tf_1: Replaced 'convection...' with 'conduction...' at position [41, 51)
2025-12-19 17:53:35 - INFO - Question science_k-12_doc_01_science_arc_tf_1: Generated CSS rule for mapping 0, class: c3592e6450cf0
2025-12-19 17:53:35 - INFO - Question science_k-12_doc_01_science_arc_tf_1: CSS rule generated, class: c3592e6450cf0
2025-12-19 17:53:35 - INFO - Processing question: science_k-12_doc_01_science_arc_tf_2
2025-12-19 17:53:35 - INFO - Question science_k-12_doc_01_science_arc_tf_2: Using pre-validated perturbation
2025-12-19 17:53:35 - INFO - Question science_k-12_doc_01_science_arc_tf_2: Original substring: 'by hand...'
2025-12-19 17:53:35 - INFO - Question science_k-12_doc_01_science_arc_tf_2: Replacement substring: 'with gloves...'
2025-12-19 17:53:35 - INFO - Question science_k-12_doc_01_science_arc_tf_2: Replaced 'by hand...' with 'with gloves...' at position [31, 38)
2025-12-19 17:53:35 - INFO - Question science_k-12_doc_01_science_arc_tf_2: Generated CSS rule for mapping 0, class: cea4b53ba73a4
2025-12-19 17:53:35 - INFO - Question science_k-12_doc_01_science_arc_tf_2: CSS rule generated, class: cea4b53ba73a4
2025-12-19 17:53:35 - INFO - Processing question: science_k-12_doc_01_science_arc_tf_3
2025-12-19 17:53:35 - INFO - Question science_k-12_doc_01_science_arc_tf_3: Using pre-validated perturbation
2025-12-19 17:53:35 - INFO - Question science_k-12_doc_01_science_arc_tf_3: Original substring: 'not a fundamental component...'
2025-12-19 17:53:35 - INFO - Question science_k-12_doc_01_science_arc_tf_3: Replacement substring: 'a fundamental component...'
2025-12-19 17:53:35 - INFO - Question science_k-12_doc_01_science_arc_tf_3: Replaced 'not a fundamental component...' with 'a fundamental component...' at position [12, 39)
2025-12-19 17:53:35 - INFO - Question science_k-12_doc_01_science_arc_tf_3: Generated CSS rule for mapping 0, class: c608977528e2f
2025-12-19 17:53:35 - INFO - Question science_k-12_doc_01_science_arc_tf_3: CSS rule generated, class: c608977528e2f
2025-12-19 17:53:35 - INFO - Processing question: science_k-12_doc_01_science_arc_tf_4
2025-12-19 17:53:35 - INFO - Question science_k-12_doc_01_science_arc_tf_4: Using pre-validated perturbation
2025-12-19 17:53:35 - INFO - Question science_k-12_doc_01_science_arc_tf_4: Original substring: 'forests...'
2025-12-19 17:53:35 - INFO - Question science_k-12_doc_01_science_arc_tf_4: Replacement substring: 'open fields...'
2025-12-19 17:53:35 - INFO - Question science_k-12_doc_01_science_arc_tf_4: Replaced 'forests...' with 'open fields...' at position [29, 36)
2025-12-19 17:53:35 - INFO - Question science_k-12_doc_01_science_arc_tf_4: Generated CSS rule for mapping 0, class: c83eb8d96ad45
2025-12-19 17:53:35 - INFO - Question science_k-12_doc_01_science_arc_tf_4: CSS rule generated, class: c83eb8d96ad45
2025-12-19 17:53:35 - INFO - Processing question: science_k-12_doc_01_science_arc_tf_5
2025-12-19 17:53:35 - INFO - Question science_k-12_doc_01_science_arc_tf_5: Using pre-validated perturbation
2025-12-19 17:53:35 - INFO - Question science_k-12_doc_01_science_arc_tf_5: Original substring: 'regardless of the distance...'
2025-12-19 17:53:35 - INFO - Question science_k-12_doc_01_science_arc_tf_5: Replacement substring: 'up to a certain distance...'
2025-12-19 17:53:35 - INFO - Question science_k-12_doc_01_science_arc_tf_5: Replaced 'regardless of the distance...' with 'up to a certain distance...' at position [53, 79)
2025-12-19 17:53:35 - INFO - Question science_k-12_doc_01_science_arc_tf_5: Generated CSS rule for mapping 0, class: c66e3d56b4582
2025-12-19 17:53:35 - INFO - Question science_k-12_doc_01_science_arc_tf_5: CSS rule generated, class: c66e3d56b4582
2025-12-19 17:53:35 - INFO - Processing question: science_k-12_doc_01_science_long_1
2025-12-19 17:53:35 - INFO - Question science_k-12_doc_01_science_long_1: Using pre-validated perturbation
2025-12-19 17:53:35 - INFO - Question science_k-12_doc_01_science_long_1: Original substring: 'deforestation and land burning for agriculture...'
2025-12-19 17:53:35 - INFO - Question science_k-12_doc_01_science_long_1: Replacement substring: 'urbanization and industrial activities...'
2025-12-19 17:53:35 - INFO - Question science_k-12_doc_01_science_long_1: Replaced 'deforestation and land burning for agriculture...' with 'urbanization and industrial activities...' at position [22, 68)
2025-12-19 17:53:35 - INFO - Question science_k-12_doc_01_science_long_1: Generated CSS rule for mapping 0, class: c082c1925975c
2025-12-19 17:53:35 - INFO - Question science_k-12_doc_01_science_long_1: CSS rule generated, class: c082c1925975c
2025-12-19 17:53:35 - INFO - Processing question: science_k-12_doc_01_science_long_2
2025-12-19 17:53:35 - INFO - Question science_k-12_doc_01_science_long_2: Using pre-validated perturbation
2025-12-19 17:53:35 - INFO - Question science_k-12_doc_01_science_long_2: Original substring: 'freezing temperature of water...'
2025-12-19 17:53:35 - INFO - Question science_k-12_doc_01_science_long_2: Replacement substring: 'boiling temperature of water...'
2025-12-19 17:53:35 - INFO - Question science_k-12_doc_01_science_long_2: Replaced 'freezing temperature of water...' with 'boiling temperature of water...' at position [16, 45)
2025-12-19 17:53:35 - INFO - Question science_k-12_doc_01_science_long_2: Generated CSS rule for mapping 0, class: c220c7f489d45
2025-12-19 17:53:35 - INFO - Question science_k-12_doc_01_science_long_2: CSS rule generated, class: c220c7f489d45
2025-12-19 17:53:35 - INFO - Created output directory: out/attacked\Science\css_before
2025-12-19 17:53:35 - INFO - Writing CSS rules to external file: out/attacked\Science\css_before\styles_enhanced.css
2025-12-19 17:53:35 - INFO - CSS file written successfully (4534 bytes, 12 rules)
2025-12-19 17:53:35 - INFO - Added stylesheet link to <head>
2025-12-19 17:53:35 - INFO - Writing JavaScript to external file: out/attacked\Science\css_before\width_calc.js
2025-12-19 17:53:35 - INFO - JavaScript file written successfully (1242 bytes, 12 mappings)
2025-12-19 17:53:35 - INFO - Added JavaScript script tag to <head>
2025-12-19 17:53:35 - INFO - Writing attacked HTML to: out/attacked\Science\css_before\exam.html
2025-12-19 17:53:35 - INFO - Attacked HTML written successfully (12079 bytes)
2025-12-19 17:53:35 - INFO - Copied CSS file to: out/attacked\Science\css_before\styles.css
2025-12-19 17:53:35 - INFO - ================================================================================
2025-12-19 17:53:35 - INFO - CSS ::before Attack Application Complete
2025-12-19 17:53:35 - INFO - Total questions processed: 12
2025-12-19 17:53:35 - INFO - Questions with attacks applied: 12
2025-12-19 17:53:35 - INFO - Questions skipped: 0
2025-12-19 17:53:35 - INFO - Total CSS rules injected: 12
2025-12-19 17:53:35 - INFO - Output HTML: out/attacked\Science\css_before\exam.html (12079 bytes)
2025-12-19 17:53:35 - INFO - ================================================================================
