2025-12-18 16:57:19 - INFO - ================================================================================
2025-12-18 16:57:19 - INFO - Starting CSS ::before Attack Application
2025-12-18 16:57:19 - INFO - Baseline HTML: out/baseline\Science\exam.html
2025-12-18 16:57:19 - INFO - Perturbed JSON: data\exam_content_perturbed.json
2025-12-18 16:57:19 - INFO - Output directory: out/attacked
2025-12-18 16:57:19 - INFO - Subject name: Science
2025-12-18 16:57:19 - INFO - ================================================================================
2025-12-18 16:57:19 - INFO - Loading baseline HTML: out/baseline\Science\exam.html
2025-12-18 16:57:19 - INFO - Baseline HTML loaded (19470 bytes), found 12 question cards
2025-12-18 16:57:19 - INFO - Loading perturbed exam JSON: data\exam_content_perturbed.json
2025-12-18 16:57:19 - INFO - Successfully loaded perturbed exam data (17231 bytes)
2025-12-18 16:57:19 - INFO - Number of sections: 3
2025-12-18 16:57:19 - INFO - Total questions: 12
2025-12-18 16:57:19 - INFO - Questions with perturbations: 12
2025-12-18 16:57:19 - INFO - Processing question: science_k-12_doc_01_science_arc_mcq_1
2025-12-18 16:57:19 - INFO - Question science_k-12_doc_01_science_arc_mcq_1: Using pre-validated perturbation
2025-12-18 16:57:19 - INFO - Question science_k-12_doc_01_science_arc_mcq_1: Original substring: 'same mineral...'
2025-12-18 16:57:19 - INFO - Question science_k-12_doc_01_science_arc_mcq_1: Replacement substring: 'same size...'
2025-12-18 16:57:19 - INFO - Question science_k-12_doc_01_science_arc_mcq_1: Replaced 'same mineral...' with 'same size...' at position [60, 72)
2025-12-18 16:57:19 - INFO - Question science_k-12_doc_01_science_arc_mcq_1: Generated CSS rule for mapping 0, classes: cf8fd32247162, wf8fd32247162, rf8fd32247162
2025-12-18 16:57:19 - INFO - Question science_k-12_doc_01_science_arc_mcq_1: CSS rule generated, classes: cf8fd32247162, wf8fd32247162, rf8fd32247162
2025-12-18 16:57:19 - INFO - Processing question: science_k-12_doc_01_science_arc_mcq_2
2025-12-18 16:57:19 - INFO - Question science_k-12_doc_01_science_arc_mcq_2: Using pre-validated perturbation
2025-12-18 16:57:19 - INFO - Question science_k-12_doc_01_science_arc_mcq_2: Original substring: 'human-made...'
2025-12-18 16:57:19 - INFO - Question science_k-12_doc_01_science_arc_mcq_2: Replacement substring: 'natural...'
2025-12-18 16:57:19 - INFO - Question science_k-12_doc_01_science_arc_mcq_2: Replaced 'human-made...' with 'natural...' at position [25, 35)
2025-12-18 16:57:19 - INFO - Question science_k-12_doc_01_science_arc_mcq_2: Generated CSS rule for mapping 0, classes: c97e1d10ba477, w97e1d10ba477, r97e1d10ba477
2025-12-18 16:57:19 - INFO - Question science_k-12_doc_01_science_arc_mcq_2: CSS rule generated, classes: c97e1d10ba477, w97e1d10ba477, r97e1d10ba477
2025-12-18 16:57:19 - INFO - Processing question: science_k-12_doc_01_science_arc_mcq_3
2025-12-18 16:57:19 - INFO - Question science_k-12_doc_01_science_arc_mcq_3: Using pre-validated perturbation
2025-12-18 16:57:19 - INFO - Question science_k-12_doc_01_science_arc_mcq_3: Original substring: 'all pure substances...'
2025-12-18 16:57:19 - INFO - Question science_k-12_doc_01_science_arc_mcq_3: Replacement substring: 'pure elements...'
2025-12-18 16:57:19 - INFO - Question science_k-12_doc_01_science_arc_mcq_3: Replaced 'all pure substances...' with 'pure elements...' at position [135, 154)
2025-12-18 16:57:19 - INFO - Question science_k-12_doc_01_science_arc_mcq_3: Generated CSS rule for mapping 0, classes: c5100ba62a4ac, w5100ba62a4ac, r5100ba62a4ac
2025-12-18 16:57:19 - INFO - Question science_k-12_doc_01_science_arc_mcq_3: CSS rule generated, classes: c5100ba62a4ac, w5100ba62a4ac, r5100ba62a4ac
2025-12-18 16:57:19 - INFO - Processing question: science_k-12_doc_01_science_arc_mcq_4
2025-12-18 16:57:19 - INFO - Question science_k-12_doc_01_science_arc_mcq_4: Using pre-validated perturbation
2025-12-18 16:57:19 - INFO - Question science_k-12_doc_01_science_arc_mcq_4: Original substring: 'factor...'
2025-12-18 16:57:19 - INFO - Question science_k-12_doc_01_science_arc_mcq_4: Replacement substring: 'property...'
2025-12-18 16:57:20 - INFO - Question science_k-12_doc_01_science_arc_mcq_4: Replaced 'factor...' with 'property...' at position [83, 89)
2025-12-18 16:57:20 - INFO - Question science_k-12_doc_01_science_arc_mcq_4: Generated CSS rule for mapping 0, classes: cbd70316afce2, wbd70316afce2, rbd70316afce2
2025-12-18 16:57:20 - INFO - Question science_k-12_doc_01_science_arc_mcq_4: CSS rule generated, classes: cbd70316afce2, wbd70316afce2, rbd70316afce2
2025-12-18 16:57:20 - INFO - Processing question: science_k-12_doc_01_science_arc_mcq_5
2025-12-18 16:57:20 - INFO - Question science_k-12_doc_01_science_arc_mcq_5: Using pre-validated perturbation
2025-12-18 16:57:20 - INFO - Question science_k-12_doc_01_science_arc_mcq_5: Original substring: 'If a virus kills most these trees...'
2025-12-18 16:57:20 - INFO - Question science_k-12_doc_01_science_arc_mcq_5: Replacement substring: 'If a virus darkens these trees...'
2025-12-18 16:57:20 - INFO - Question science_k-12_doc_01_science_arc_mcq_5: Replaced 'If a virus kills most these trees...' with 'If a virus darkens these trees...' at position [69, 102)
2025-12-18 16:57:20 - INFO - Question science_k-12_doc_01_science_arc_mcq_5: Generated CSS rule for mapping 0, classes: cf280c024a6e8, wf280c024a6e8, rf280c024a6e8
2025-12-18 16:57:20 - INFO - Question science_k-12_doc_01_science_arc_mcq_5: CSS rule generated, classes: cf280c024a6e8, wf280c024a6e8, rf280c024a6e8
2025-12-18 16:57:20 - INFO - Processing question: science_k-12_doc_01_science_arc_tf_1
2025-12-18 16:57:20 - INFO - Question science_k-12_doc_01_science_arc_tf_1: Using pre-validated perturbation
2025-12-18 16:57:20 - INFO - Question science_k-12_doc_01_science_arc_tf_1: Original substring: 'by convection...'
2025-12-18 16:57:20 - INFO - Question science_k-12_doc_01_science_arc_tf_1: Replacement substring: 'by conduction...'
2025-12-18 16:57:20 - INFO - Question science_k-12_doc_01_science_arc_tf_1: Replaced 'by convection...' with 'by conduction...' at position [38, 51)
2025-12-18 16:57:20 - INFO - Question science_k-12_doc_01_science_arc_tf_1: Generated CSS rule for mapping 0, classes: c3592e6450cf0, w3592e6450cf0, r3592e6450cf0
2025-12-18 16:57:20 - INFO - Question science_k-12_doc_01_science_arc_tf_1: CSS rule generated, classes: c3592e6450cf0, w3592e6450cf0, r3592e6450cf0
2025-12-18 16:57:20 - INFO - Processing question: science_k-12_doc_01_science_arc_tf_2
2025-12-18 16:57:20 - INFO - Question science_k-12_doc_01_science_arc_tf_2: Using pre-validated perturbation
2025-12-18 16:57:20 - INFO - Question science_k-12_doc_01_science_arc_tf_2: Original substring: 'by hand...'
2025-12-18 16:57:20 - INFO - Question science_k-12_doc_01_science_arc_tf_2: Replacement substring: 'with a broom...'
2025-12-18 16:57:20 - INFO - Question science_k-12_doc_01_science_arc_tf_2: Replaced 'by hand...' with 'with a broom...' at position [31, 38)
2025-12-18 16:57:20 - INFO - Question science_k-12_doc_01_science_arc_tf_2: Generated CSS rule for mapping 0, classes: cea4b53ba73a4, wea4b53ba73a4, rea4b53ba73a4
2025-12-18 16:57:20 - INFO - Question science_k-12_doc_01_science_arc_tf_2: CSS rule generated, classes: cea4b53ba73a4, wea4b53ba73a4, rea4b53ba73a4
2025-12-18 16:57:20 - INFO - Processing question: science_k-12_doc_01_science_arc_tf_3
2025-12-18 16:57:20 - INFO - Question science_k-12_doc_01_science_arc_tf_3: Using pre-validated perturbation
2025-12-18 16:57:20 - INFO - Question science_k-12_doc_01_science_arc_tf_3: Original substring: 'not a fundamental component of an atom...'
2025-12-18 16:57:20 - INFO - Question science_k-12_doc_01_science_arc_tf_3: Replacement substring: 'a fundamental component of an atom...'
2025-12-18 16:57:20 - INFO - Question science_k-12_doc_01_science_arc_tf_3: Replaced 'not a fundamental component of an atom...' with 'a fundamental component of an atom...' at position [12, 50)
2025-12-18 16:57:20 - INFO - Question science_k-12_doc_01_science_arc_tf_3: Generated CSS rule for mapping 0, classes: c608977528e2f, w608977528e2f, r608977528e2f
2025-12-18 16:57:20 - INFO - Question science_k-12_doc_01_science_arc_tf_3: CSS rule generated, classes: c608977528e2f, w608977528e2f, r608977528e2f
2025-12-18 16:57:20 - INFO - Processing question: science_k-12_doc_01_science_arc_tf_4
2025-12-18 16:57:20 - INFO - Question science_k-12_doc_01_science_arc_tf_4: Using pre-validated perturbation
2025-12-18 16:57:20 - INFO - Question science_k-12_doc_01_science_arc_tf_4: Original substring: 'forests...'
2025-12-18 16:57:20 - INFO - Question science_k-12_doc_01_science_arc_tf_4: Replacement substring: 'open plains...'
2025-12-18 16:57:20 - INFO - Question science_k-12_doc_01_science_arc_tf_4: Replaced 'forests...' with 'open plains...' at position [29, 36)
2025-12-18 16:57:20 - INFO - Question science_k-12_doc_01_science_arc_tf_4: Generated CSS rule for mapping 0, classes: c83eb8d96ad45, w83eb8d96ad45, r83eb8d96ad45
2025-12-18 16:57:20 - INFO - Question science_k-12_doc_01_science_arc_tf_4: CSS rule generated, classes: c83eb8d96ad45, w83eb8d96ad45, r83eb8d96ad45
2025-12-18 16:57:20 - INFO - Processing question: science_k-12_doc_01_science_arc_tf_5
2025-12-18 16:57:20 - INFO - Question science_k-12_doc_01_science_arc_tf_5: Using pre-validated perturbation
2025-12-18 16:57:20 - INFO - Question science_k-12_doc_01_science_arc_tf_5: Original substring: 'remain the same...'
2025-12-18 16:57:20 - INFO - Question science_k-12_doc_01_science_arc_tf_5: Replacement substring: 'decrease...'
2025-12-18 16:57:20 - INFO - Question science_k-12_doc_01_science_arc_tf_5: Replaced 'remain the same...' with 'decrease...' at position [37, 52)
2025-12-18 16:57:20 - INFO - Question science_k-12_doc_01_science_arc_tf_5: Generated CSS rule for mapping 0, classes: c66e3d56b4582, w66e3d56b4582, r66e3d56b4582
2025-12-18 16:57:20 - INFO - Question science_k-12_doc_01_science_arc_tf_5: CSS rule generated, classes: c66e3d56b4582, w66e3d56b4582, r66e3d56b4582
2025-12-18 16:57:20 - INFO - Processing question: science_k-12_doc_01_science_long_1
2025-12-18 16:57:20 - INFO - Question science_k-12_doc_01_science_long_1: Using pre-validated perturbation
2025-12-18 16:57:20 - INFO - Question science_k-12_doc_01_science_long_1: Original substring: 'deforestation and land burning for agriculture...'
2025-12-18 16:57:20 - INFO - Question science_k-12_doc_01_science_long_1: Replacement substring: 'industrial emissions and fossil fuel burning...'
2025-12-18 16:57:20 - INFO - Question science_k-12_doc_01_science_long_1: Replaced 'deforestation and land burning for agriculture...' with 'industrial emissions and fossil fuel burning...' at position [22, 68)
2025-12-18 16:57:20 - INFO - Question science_k-12_doc_01_science_long_1: Generated CSS rule for mapping 0, classes: c082c1925975c, w082c1925975c, r082c1925975c
2025-12-18 16:57:20 - INFO - Question science_k-12_doc_01_science_long_1: CSS rule generated, classes: c082c1925975c, w082c1925975c, r082c1925975c
2025-12-18 16:57:20 - INFO - Processing question: science_k-12_doc_01_science_long_2
2025-12-18 16:57:20 - INFO - Question science_k-12_doc_01_science_long_2: Using pre-validated perturbation
2025-12-18 16:57:20 - INFO - Question science_k-12_doc_01_science_long_2: Original substring: 'freezing temperature...'
2025-12-18 16:57:20 - INFO - Question science_k-12_doc_01_science_long_2: Replacement substring: 'boiling temperature...'
2025-12-18 16:57:20 - INFO - Question science_k-12_doc_01_science_long_2: Replaced 'freezing temperature...' with 'boiling temperature...' at position [16, 36)
2025-12-18 16:57:20 - INFO - Question science_k-12_doc_01_science_long_2: Generated CSS rule for mapping 0, classes: c220c7f489d45, w220c7f489d45, r220c7f489d45
2025-12-18 16:57:20 - INFO - Question science_k-12_doc_01_science_long_2: CSS rule generated, classes: c220c7f489d45, w220c7f489d45, r220c7f489d45
2025-12-18 16:57:20 - INFO - Created output directory: out/attacked\Science\css_before
2025-12-18 16:57:20 - INFO - Writing CSS rules to external file: out/attacked\Science\css_before\styles_enhanced.css
2025-12-18 16:57:20 - INFO - CSS file written successfully (9188 bytes, 12 rules)
2025-12-18 16:57:20 - INFO - Added stylesheet link to <head>
2025-12-18 16:57:20 - INFO - Writing attacked HTML to: out/attacked\Science\css_before\exam.html
2025-12-18 16:57:20 - INFO - Attacked HTML written successfully (12284 bytes)
2025-12-18 16:57:20 - INFO - Copied CSS file to: out/attacked\Science\css_before\styles.css
2025-12-18 16:57:20 - INFO - ================================================================================
2025-12-18 16:57:20 - INFO - CSS ::before Attack Application Complete
2025-12-18 16:57:20 - INFO - Total questions processed: 12
2025-12-18 16:57:20 - INFO - Questions with attacks applied: 12
2025-12-18 16:57:20 - INFO - Questions skipped: 0
2025-12-18 16:57:20 - INFO - Total CSS rules injected: 12
2025-12-18 16:57:20 - INFO - Output HTML: out/attacked\Science\css_before\exam.html (12284 bytes)
2025-12-18 16:57:20 - INFO - ================================================================================
