2025-12-18 11:03:04 - INFO - ================================================================================
2025-12-18 11:03:04 - INFO - Starting CSS ::before Attack Application
2025-12-18 11:03:04 - INFO - Baseline HTML: out/baseline\Science\exam.html
2025-12-18 11:03:04 - INFO - Perturbed JSON: data\exam_content_perturbed.json
2025-12-18 11:03:04 - INFO - Output directory: out/attacked
2025-12-18 11:03:04 - INFO - Subject name: Science
2025-12-18 11:03:04 - INFO - ================================================================================
2025-12-18 11:03:04 - INFO - Loading baseline HTML: out/baseline\Science\exam.html
2025-12-18 11:03:04 - INFO - Baseline HTML loaded (19470 bytes), found 12 question cards
2025-12-18 11:03:04 - INFO - Loading perturbed exam JSON: data\exam_content_perturbed.json
2025-12-18 11:03:04 - INFO - Successfully loaded perturbed exam data (10857 bytes)
2025-12-18 11:03:04 - INFO - Number of sections: 3
2025-12-18 11:03:04 - INFO - Total questions: 12
2025-12-18 11:03:04 - INFO - Questions with perturbations: 4
2025-12-18 11:03:04 - INFO - Processing question: science_k-12_doc_01_science_arc_mcq_1
2025-12-18 11:03:04 - WARNING - Question science_k-12_doc_01_science_arc_mcq_1: No validated perturbations found in perturbed data, skipping
2025-12-18 11:03:04 - INFO - Processing question: science_k-12_doc_01_science_arc_mcq_2
2025-12-18 11:03:04 - WARNING - Question science_k-12_doc_01_science_arc_mcq_2: No validated perturbations found in perturbed data, skipping
2025-12-18 11:03:04 - INFO - Processing question: science_k-12_doc_01_science_arc_mcq_3
2025-12-18 11:03:04 - WARNING - Question science_k-12_doc_01_science_arc_mcq_3: No validated perturbations found in perturbed data, skipping
2025-12-18 11:03:04 - INFO - Processing question: science_k-12_doc_01_science_arc_mcq_4
2025-12-18 11:03:04 - WARNING - Question science_k-12_doc_01_science_arc_mcq_4: No validated perturbations found in perturbed data, skipping
2025-12-18 11:03:04 - INFO - Processing question: science_k-12_doc_01_science_arc_mcq_5
2025-12-18 11:03:04 - WARNING - Question science_k-12_doc_01_science_arc_mcq_5: No validated perturbations found in perturbed data, skipping
2025-12-18 11:03:04 - INFO - Processing question: science_k-12_doc_01_science_arc_tf_1
2025-12-18 11:03:04 - INFO - Question science_k-12_doc_01_science_arc_tf_1: Using pre-validated perturbation
2025-12-18 11:03:04 - INFO - Question science_k-12_doc_01_science_arc_tf_1: Original substring: 'Heat transferred through...'
2025-12-18 11:03:04 - INFO - Question science_k-12_doc_01_science_arc_tf_1: Replacement substring: 'Sunlight absorbed by...'
2025-12-18 11:03:04 - INFO - Question science_k-12_doc_01_science_arc_tf_1: Replaced 'Heat transferred through...' with 'Sunlight absorbed by...' at position [0, 24)
2025-12-18 11:03:04 - INFO - Question science_k-12_doc_01_science_arc_tf_1: Generated CSS rule for mapping 0, class: fake-science_k_12_doc_01_science_arc_tf_1-0
2025-12-18 11:03:04 - INFO - Question science_k-12_doc_01_science_arc_tf_1: CSS rule injected, class: fake-science_k_12_doc_01_science_arc_tf_1-0
2025-12-18 11:03:04 - INFO - Processing question: science_k-12_doc_01_science_arc_tf_2
2025-12-18 11:03:04 - WARNING - Question science_k-12_doc_01_science_arc_tf_2: No validated perturbations found in perturbed data, skipping
2025-12-18 11:03:04 - INFO - Processing question: science_k-12_doc_01_science_arc_tf_3
2025-12-18 11:03:04 - INFO - Question science_k-12_doc_01_science_arc_tf_3: Using pre-validated perturbation
2025-12-18 11:03:04 - INFO - Question science_k-12_doc_01_science_arc_tf_3: Original substring: 'A proton is not...'
2025-12-18 11:03:04 - INFO - Question science_k-12_doc_01_science_arc_tf_3: Replacement substring: 'A proton is...'
2025-12-18 11:03:04 - INFO - Question science_k-12_doc_01_science_arc_tf_3: Replaced 'A proton is not...' with 'A proton is...' at position [0, 15)
2025-12-18 11:03:04 - INFO - Question science_k-12_doc_01_science_arc_tf_3: Generated CSS rule for mapping 0, class: fake-science_k_12_doc_01_science_arc_tf_3-0
2025-12-18 11:03:04 - INFO - Question science_k-12_doc_01_science_arc_tf_3: CSS rule injected, class: fake-science_k_12_doc_01_science_arc_tf_3-0
2025-12-18 11:03:04 - INFO - Processing question: science_k-12_doc_01_science_arc_tf_4
2025-12-18 11:03:04 - INFO - Question science_k-12_doc_01_science_arc_tf_4: Using pre-validated perturbation
2025-12-18 11:03:04 - INFO - Question science_k-12_doc_01_science_arc_tf_4: Original substring: 'forests...'
2025-12-18 11:03:04 - INFO - Question science_k-12_doc_01_science_arc_tf_4: Replacement substring: 'open plains...'
2025-12-18 11:03:04 - INFO - Question science_k-12_doc_01_science_arc_tf_4: Replaced 'forests...' with 'open plains...' at position [29, 36)
2025-12-18 11:03:04 - INFO - Question science_k-12_doc_01_science_arc_tf_4: Generated CSS rule for mapping 0, class: fake-science_k_12_doc_01_science_arc_tf_4-0
2025-12-18 11:03:04 - INFO - Question science_k-12_doc_01_science_arc_tf_4: CSS rule injected, class: fake-science_k_12_doc_01_science_arc_tf_4-0
2025-12-18 11:03:04 - INFO - Processing question: science_k-12_doc_01_science_arc_tf_5
2025-12-18 11:03:04 - INFO - Question science_k-12_doc_01_science_arc_tf_5: Using pre-validated perturbation
2025-12-18 11:03:04 - INFO - Question science_k-12_doc_01_science_arc_tf_5: Original substring: 'magnetic force...'
2025-12-18 11:03:04 - INFO - Question science_k-12_doc_01_science_arc_tf_5: Replacement substring: 'gravitational force...'
2025-12-18 11:03:04 - INFO - Question science_k-12_doc_01_science_arc_tf_5: Replaced 'magnetic force...' with 'gravitational force...' at position [4, 18)
2025-12-18 11:03:04 - INFO - Question science_k-12_doc_01_science_arc_tf_5: Generated CSS rule for mapping 0, class: fake-science_k_12_doc_01_science_arc_tf_5-0
2025-12-18 11:03:04 - INFO - Question science_k-12_doc_01_science_arc_tf_5: CSS rule injected, class: fake-science_k_12_doc_01_science_arc_tf_5-0
2025-12-18 11:03:04 - INFO - Processing question: science_k-12_doc_01_science_long_1
2025-12-18 11:03:04 - WARNING - Question science_k-12_doc_01_science_long_1: No validated perturbations found in perturbed data, skipping
2025-12-18 11:03:04 - INFO - Processing question: science_k-12_doc_01_science_long_2
2025-12-18 11:03:04 - WARNING - Question science_k-12_doc_01_science_long_2: No validated perturbations found in perturbed data, skipping
2025-12-18 11:03:04 - INFO - Injected 4 CSS rules into <head>
2025-12-18 11:03:04 - INFO - Created output directory: out/attacked\Science\css_before
2025-12-18 11:03:04 - INFO - Writing attacked HTML to: out/attacked\Science\css_before\exam.html
2025-12-18 11:03:04 - INFO - Attacked HTML written successfully (13714 bytes)
2025-12-18 11:03:04 - INFO - Copied CSS file to: out/attacked\Science\css_before\styles.css
2025-12-18 11:03:04 - INFO - ================================================================================
2025-12-18 11:03:04 - INFO - CSS ::before Attack Application Complete
2025-12-18 11:03:04 - INFO - Total questions processed: 12
2025-12-18 11:03:04 - INFO - Questions with attacks applied: 4
2025-12-18 11:03:04 - INFO - Questions skipped: 8
2025-12-18 11:03:04 - INFO - Total CSS rules injected: 4
2025-12-18 11:03:04 - INFO - Output HTML: out/attacked\Science\css_before\exam.html (13714 bytes)
2025-12-18 11:03:04 - INFO - ================================================================================
