2025-12-18 11:30:43 - INFO - ================================================================================
2025-12-18 11:30:43 - INFO - Starting CSS ::before Attack Application
2025-12-18 11:30:43 - INFO - Baseline HTML: out/baseline\Science\exam.html
2025-12-18 11:30:43 - INFO - Perturbed JSON: data\exam_content_perturbed.json
2025-12-18 11:30:43 - INFO - Output directory: out/attacked
2025-12-18 11:30:43 - INFO - Subject name: Science
2025-12-18 11:30:43 - INFO - ================================================================================
2025-12-18 11:30:43 - INFO - Loading baseline HTML: out/baseline\Science\exam.html
2025-12-18 11:30:43 - INFO - Baseline HTML loaded (19470 bytes), found 12 question cards
2025-12-18 11:30:43 - INFO - Loading perturbed exam JSON: data\exam_content_perturbed.json
2025-12-18 11:30:43 - INFO - Successfully loaded perturbed exam data (10414 bytes)
2025-12-18 11:30:43 - INFO - Number of sections: 3
2025-12-18 11:30:43 - INFO - Total questions: 12
2025-12-18 11:30:43 - INFO - Questions with perturbations: 3
2025-12-18 11:30:43 - INFO - Processing question: science_k-12_doc_01_science_arc_mcq_1
2025-12-18 11:30:43 - WARNING - Question science_k-12_doc_01_science_arc_mcq_1: No validated perturbations found in perturbed data, skipping
2025-12-18 11:30:43 - INFO - Processing question: science_k-12_doc_01_science_arc_mcq_2
2025-12-18 11:30:43 - WARNING - Question science_k-12_doc_01_science_arc_mcq_2: No validated perturbations found in perturbed data, skipping
2025-12-18 11:30:43 - INFO - Processing question: science_k-12_doc_01_science_arc_mcq_3
2025-12-18 11:30:43 - WARNING - Question science_k-12_doc_01_science_arc_mcq_3: No validated perturbations found in perturbed data, skipping
2025-12-18 11:30:43 - INFO - Processing question: science_k-12_doc_01_science_arc_mcq_4
2025-12-18 11:30:43 - INFO - Question science_k-12_doc_01_science_arc_mcq_4: Using pre-validated perturbation
2025-12-18 11:30:43 - INFO - Question science_k-12_doc_01_science_arc_mcq_4: Original substring: 'The speed of a sound wave varies...'
2025-12-18 11:30:43 - INFO - Question science_k-12_doc_01_science_arc_mcq_4: Replacement substring: 'The frequency of a sound wave changes...'
2025-12-18 11:30:43 - INFO - Question science_k-12_doc_01_science_arc_mcq_4: Replaced 'The speed of a sound wave varies...' with 'The frequency of a sound wave changes...' at position [0, 32)
2025-12-18 11:30:43 - INFO - Question science_k-12_doc_01_science_arc_mcq_4: Generated CSS rule for mapping 0, class: fake-science_k_12_doc_01_science_arc_mcq_4-0
2025-12-18 11:30:43 - INFO - Question science_k-12_doc_01_science_arc_mcq_4: CSS rule injected, class: fake-science_k_12_doc_01_science_arc_mcq_4-0
2025-12-18 11:30:43 - INFO - Processing question: science_k-12_doc_01_science_arc_mcq_5
2025-12-18 11:30:43 - WARNING - Question science_k-12_doc_01_science_arc_mcq_5: No validated perturbations found in perturbed data, skipping
2025-12-18 11:30:43 - INFO - Processing question: science_k-12_doc_01_science_arc_tf_1
2025-12-18 11:30:43 - WARNING - Question science_k-12_doc_01_science_arc_tf_1: No validated perturbations found in perturbed data, skipping
2025-12-18 11:30:43 - INFO - Processing question: science_k-12_doc_01_science_arc_tf_2
2025-12-18 11:30:43 - WARNING - Question science_k-12_doc_01_science_arc_tf_2: No validated perturbations found in perturbed data, skipping
2025-12-18 11:30:43 - INFO - Processing question: science_k-12_doc_01_science_arc_tf_3
2025-12-18 11:30:43 - INFO - Question science_k-12_doc_01_science_arc_tf_3: Using pre-validated perturbation
2025-12-18 11:30:43 - INFO - Question science_k-12_doc_01_science_arc_tf_3: Original substring: 'A proton is not...'
2025-12-18 11:30:43 - INFO - Question science_k-12_doc_01_science_arc_tf_3: Replacement substring: 'Neutrons are...'
2025-12-18 11:30:43 - INFO - Question science_k-12_doc_01_science_arc_tf_3: Replaced 'A proton is not...' with 'Neutrons are...' at position [0, 15)
2025-12-18 11:30:43 - INFO - Question science_k-12_doc_01_science_arc_tf_3: Generated CSS rule for mapping 0, class: fake-science_k_12_doc_01_science_arc_tf_3-0
2025-12-18 11:30:43 - INFO - Question science_k-12_doc_01_science_arc_tf_3: CSS rule injected, class: fake-science_k_12_doc_01_science_arc_tf_3-0
2025-12-18 11:30:43 - INFO - Processing question: science_k-12_doc_01_science_arc_tf_4
2025-12-18 11:30:43 - INFO - Question science_k-12_doc_01_science_arc_tf_4: Using pre-validated perturbation
2025-12-18 11:30:43 - INFO - Question science_k-12_doc_01_science_arc_tf_4: Original substring: 'forests...'
2025-12-18 11:30:43 - INFO - Question science_k-12_doc_01_science_arc_tf_4: Replacement substring: 'open fields...'
2025-12-18 11:30:43 - INFO - Question science_k-12_doc_01_science_arc_tf_4: Replaced 'forests...' with 'open fields...' at position [29, 36)
2025-12-18 11:30:43 - INFO - Question science_k-12_doc_01_science_arc_tf_4: Generated CSS rule for mapping 0, class: fake-science_k_12_doc_01_science_arc_tf_4-0
2025-12-18 11:30:43 - INFO - Question science_k-12_doc_01_science_arc_tf_4: CSS rule injected, class: fake-science_k_12_doc_01_science_arc_tf_4-0
2025-12-18 11:30:43 - INFO - Processing question: science_k-12_doc_01_science_arc_tf_5
2025-12-18 11:30:43 - WARNING - Question science_k-12_doc_01_science_arc_tf_5: No validated perturbations found in perturbed data, skipping
2025-12-18 11:30:43 - INFO - Processing question: science_k-12_doc_01_science_long_1
2025-12-18 11:30:43 - WARNING - Question science_k-12_doc_01_science_long_1: No validated perturbations found in perturbed data, skipping
2025-12-18 11:30:43 - INFO - Processing question: science_k-12_doc_01_science_long_2
2025-12-18 11:30:43 - WARNING - Question science_k-12_doc_01_science_long_2: No validated perturbations found in perturbed data, skipping
2025-12-18 11:30:43 - INFO - Injected 3 CSS rules into <head>
2025-12-18 11:30:43 - INFO - Created output directory: out/attacked\Science\css_before
2025-12-18 11:30:43 - INFO - Writing attacked HTML to: out/attacked\Science\css_before\exam.html
2025-12-18 11:30:43 - INFO - Attacked HTML written successfully (13902 bytes)
2025-12-18 11:30:43 - INFO - Copied CSS file to: out/attacked\Science\css_before\styles.css
2025-12-18 11:30:43 - INFO - ================================================================================
2025-12-18 11:30:43 - INFO - CSS ::before Attack Application Complete
2025-12-18 11:30:43 - INFO - Total questions processed: 12
2025-12-18 11:30:43 - INFO - Questions with attacks applied: 3
2025-12-18 11:30:43 - INFO - Questions skipped: 9
2025-12-18 11:30:43 - INFO - Total CSS rules injected: 3
2025-12-18 11:30:43 - INFO - Output HTML: out/attacked\Science\css_before\exam.html (13902 bytes)
2025-12-18 11:30:43 - INFO - ================================================================================
