2025-12-17 18:13:50 - INFO - ================================================================================
2025-12-17 18:13:50 - INFO - Starting CSS ::before Attack Application
2025-12-17 18:13:50 - INFO - Baseline HTML: out/baseline\Maths\exam.html
2025-12-17 18:13:50 - INFO - Perturbed JSON: data\exam_content_perturbed.json
2025-12-17 18:13:50 - INFO - Output directory: out/attacked
2025-12-17 18:13:50 - INFO - Subject name: Maths
2025-12-17 18:13:50 - INFO - ================================================================================
2025-12-17 18:13:50 - INFO - Loading baseline HTML: out/baseline\Maths\exam.html
2025-12-17 18:13:51 - INFO - Baseline HTML loaded (19094 bytes), found 12 question cards
2025-12-17 18:13:51 - INFO - Loading perturbed exam JSON: data\exam_content_perturbed.json
2025-12-17 18:13:51 - INFO - Successfully loaded perturbed exam data (10727 bytes)
2025-12-17 18:13:51 - INFO - Number of sections: 3
2025-12-17 18:13:51 - INFO - Total questions: 12
2025-12-17 18:13:51 - INFO - Questions with perturbations: 4
2025-12-17 18:13:51 - INFO - Processing question: mathematics_k-12_doc_01_mathematics_mcq_1
2025-12-17 18:13:51 - WARNING - Question mathematics_k-12_doc_01_mathematics_mcq_1: No validated perturbations found in perturbed data, skipping
2025-12-17 18:13:51 - INFO - Processing question: mathematics_k-12_doc_01_mathematics_mcq_2
2025-12-17 18:13:51 - WARNING - Question mathematics_k-12_doc_01_mathematics_mcq_2: No validated perturbations found in perturbed data, skipping
2025-12-17 18:13:51 - INFO - Processing question: mathematics_k-12_doc_01_mathematics_mcq_3
2025-12-17 18:13:51 - WARNING - Question mathematics_k-12_doc_01_mathematics_mcq_3: No validated perturbations found in perturbed data, skipping
2025-12-17 18:13:51 - INFO - Processing question: mathematics_k-12_doc_01_mathematics_mcq_4
2025-12-17 18:13:51 - WARNING - Question mathematics_k-12_doc_01_mathematics_mcq_4: No validated perturbations found in perturbed data, skipping
2025-12-17 18:13:51 - INFO - Processing question: mathematics_k-12_doc_01_mathematics_mcq_5
2025-12-17 18:13:51 - WARNING - Question mathematics_k-12_doc_01_mathematics_mcq_5: No validated perturbations found in perturbed data, skipping
2025-12-17 18:13:51 - INFO - Processing question: mathematics_k-12_doc_01_mathematics_tf_1
2025-12-17 18:13:51 - INFO - Question mathematics_k-12_doc_01_mathematics_tf_1: Using pre-validated perturbation
2025-12-17 18:13:51 - INFO - Question mathematics_k-12_doc_01_mathematics_tf_1: Original substring: '45...'
2025-12-17 18:13:51 - INFO - Question mathematics_k-12_doc_01_mathematics_tf_1: Replacement substring: '46...'
2025-12-17 18:13:51 - INFO - Question mathematics_k-12_doc_01_mathematics_tf_1: Replaced '45...' with '46...' at position [10, 12)
2025-12-17 18:13:51 - INFO - Question mathematics_k-12_doc_01_mathematics_tf_1: Generated CSS rule for mapping 0, class: fake-mathematics_k_12_doc_01_mathematics_tf_1-0
2025-12-17 18:13:51 - INFO - Question mathematics_k-12_doc_01_mathematics_tf_1: CSS rule injected, class: fake-mathematics_k_12_doc_01_mathematics_tf_1-0
2025-12-17 18:13:51 - INFO - Processing question: mathematics_k-12_doc_01_mathematics_tf_2
2025-12-17 18:13:51 - INFO - Question mathematics_k-12_doc_01_mathematics_tf_2: Using pre-validated perturbation
2025-12-17 18:13:51 - INFO - Question mathematics_k-12_doc_01_mathematics_tf_2: Original substring: 'Forty-nine...'
2025-12-17 18:13:51 - INFO - Question mathematics_k-12_doc_01_mathematics_tf_2: Replacement substring: 'Thirty-six...'
2025-12-17 18:13:51 - INFO - Question mathematics_k-12_doc_01_mathematics_tf_2: Replaced 'Forty-nine...' with 'Thirty-six...' at position [0, 10)
2025-12-17 18:13:51 - INFO - Question mathematics_k-12_doc_01_mathematics_tf_2: Generated CSS rule for mapping 0, class: fake-mathematics_k_12_doc_01_mathematics_tf_2-0
2025-12-17 18:13:51 - INFO - Question mathematics_k-12_doc_01_mathematics_tf_2: CSS rule injected, class: fake-mathematics_k_12_doc_01_mathematics_tf_2-0
2025-12-17 18:13:51 - INFO - Processing question: mathematics_k-12_doc_01_mathematics_tf_3
2025-12-17 18:13:51 - WARNING - Question mathematics_k-12_doc_01_mathematics_tf_3: No validated perturbations found in perturbed data, skipping
2025-12-17 18:13:51 - INFO - Processing question: mathematics_k-12_doc_01_mathematics_tf_4
2025-12-17 18:13:51 - WARNING - Question mathematics_k-12_doc_01_mathematics_tf_4: No validated perturbations found in perturbed data, skipping
2025-12-17 18:13:51 - INFO - Processing question: mathematics_k-12_doc_01_mathematics_tf_5
2025-12-17 18:13:51 - INFO - Question mathematics_k-12_doc_01_mathematics_tf_5: Using pre-validated perturbation
2025-12-17 18:13:51 - INFO - Question mathematics_k-12_doc_01_mathematics_tf_5: Original substring: 'sum...'
2025-12-17 18:13:51 - INFO - Question mathematics_k-12_doc_01_mathematics_tf_5: Replacement substring: 'product...'
2025-12-17 18:13:51 - INFO - Question mathematics_k-12_doc_01_mathematics_tf_5: Replaced 'sum...' with 'product...' at position [4, 7)
2025-12-17 18:13:51 - INFO - Question mathematics_k-12_doc_01_mathematics_tf_5: Generated CSS rule for mapping 0, class: fake-mathematics_k_12_doc_01_mathematics_tf_5-0
2025-12-17 18:13:51 - INFO - Question mathematics_k-12_doc_01_mathematics_tf_5: CSS rule injected, class: fake-mathematics_k_12_doc_01_mathematics_tf_5-0
2025-12-17 18:13:51 - INFO - Processing question: mathematics_k-12_doc_01_mathematics_long_1
2025-12-17 18:13:51 - INFO - Question mathematics_k-12_doc_01_mathematics_long_1: Using pre-validated perturbation
2025-12-17 18:13:51 - INFO - Question mathematics_k-12_doc_01_mathematics_long_1: Original substring: 'Discuss the factors that can influence...'
2025-12-17 18:13:51 - INFO - Question mathematics_k-12_doc_01_mathematics_long_1: Replacement substring: 'Identify the key elements that determine...'
2025-12-17 18:13:51 - INFO - Question mathematics_k-12_doc_01_mathematics_long_1: Replaced 'Discuss the factors that can influence...' with 'Identify the key elements that determine...' at position [0, 38)
2025-12-17 18:13:51 - INFO - Question mathematics_k-12_doc_01_mathematics_long_1: Generated CSS rule for mapping 0, class: fake-mathematics_k_12_doc_01_mathematics_long_1-0
2025-12-17 18:13:51 - INFO - Question mathematics_k-12_doc_01_mathematics_long_1: CSS rule injected, class: fake-mathematics_k_12_doc_01_mathematics_long_1-0
2025-12-17 18:13:51 - INFO - Processing question: mathematics_k-12_doc_01_mathematics_long_2
2025-12-17 18:13:51 - WARNING - Question mathematics_k-12_doc_01_mathematics_long_2: No validated perturbations found in perturbed data, skipping
2025-12-17 18:13:51 - INFO - Injected 4 CSS rules into <head>
2025-12-17 18:13:51 - INFO - Created output directory: out/attacked\Maths\css_before
2025-12-17 18:13:51 - INFO - Writing attacked HTML to: out/attacked\Maths\css_before\exam.html
2025-12-17 18:13:51 - INFO - Attacked HTML written successfully (12189 bytes)
2025-12-17 18:13:51 - INFO - Copied CSS file to: out/attacked\Maths\css_before\styles.css
2025-12-17 18:13:51 - INFO - ================================================================================
2025-12-17 18:13:51 - INFO - CSS ::before Attack Application Complete
2025-12-17 18:13:51 - INFO - Total questions processed: 12
2025-12-17 18:13:51 - INFO - Questions with attacks applied: 4
2025-12-17 18:13:51 - INFO - Questions skipped: 8
2025-12-17 18:13:51 - INFO - Total CSS rules injected: 4
2025-12-17 18:13:51 - INFO - Output HTML: out/attacked\Maths\css_before\exam.html (12189 bytes)
2025-12-17 18:13:51 - INFO - ================================================================================
