2025-12-20 19:55:16 - INFO - ================================================================================
2025-12-20 19:55:16 - INFO - Starting CSS ::before Attack Application
2025-12-20 19:55:16 - INFO - Baseline HTML: out/baseline\Maths\exam.html
2025-12-20 19:55:16 - INFO - Perturbed JSON: data\exam_content_perturbed.json
2025-12-20 19:55:16 - INFO - Output directory: out/attacked
2025-12-20 19:55:16 - INFO - Subject name: Maths
2025-12-20 19:55:16 - INFO - ================================================================================
2025-12-20 19:55:16 - INFO - Loading baseline HTML: out/baseline\Maths\exam.html
2025-12-20 19:55:16 - INFO - Baseline HTML loaded (32697 bytes), found 12 question cards
2025-12-20 19:55:16 - INFO - Loading perturbed exam JSON: data\exam_content_perturbed.json
2025-12-20 19:55:16 - INFO - Successfully loaded perturbed exam data (16861 bytes)
2025-12-20 19:55:16 - INFO - Number of sections: 3
2025-12-20 19:55:16 - INFO - Total questions: 12
2025-12-20 19:55:16 - INFO - Questions with perturbations: 12
2025-12-20 19:55:16 - INFO - Processing question: mathematics_k-12_doc_01_mathematics_mcq_1
2025-12-20 19:55:16 - INFO - Question mathematics_k-12_doc_01_mathematics_mcq_1: Using pre-validated perturbation
2025-12-20 19:55:16 - INFO - Question mathematics_k-12_doc_01_mathematics_mcq_1: Original substring: '20 miles per hour...'
2025-12-20 19:55:16 - INFO - Question mathematics_k-12_doc_01_mathematics_mcq_1: Replacement substring: '15 miles per hour...'
2025-12-20 19:55:16 - INFO - Question mathematics_k-12_doc_01_mathematics_mcq_1: Replaced '20 miles per hour...' with '15 miles per hour...' at position [41, 58)
2025-12-20 19:55:16 - INFO - Question mathematics_k-12_doc_01_mathematics_mcq_1: Generated CSS rule for mapping 0, class: c2b13316a7b98
2025-12-20 19:55:16 - INFO - Question mathematics_k-12_doc_01_mathematics_mcq_1: CSS rule generated, class: c2b13316a7b98
2025-12-20 19:55:16 - INFO - Processing question: mathematics_k-12_doc_01_mathematics_mcq_2
2025-12-20 19:55:16 - INFO - Question mathematics_k-12_doc_01_mathematics_mcq_2: Using pre-validated perturbation
2025-12-20 19:55:16 - INFO - Question mathematics_k-12_doc_01_mathematics_mcq_2: Original substring: 'nearest thousand...'
2025-12-20 19:55:16 - INFO - Question mathematics_k-12_doc_01_mathematics_mcq_2: Replacement substring: 'nearest hundred...'
2025-12-20 19:55:16 - INFO - Question mathematics_k-12_doc_01_mathematics_mcq_2: Replaced 'nearest thousand...' with 'nearest hundred...' at position [120, 136)
2025-12-20 19:55:16 - INFO - Question mathematics_k-12_doc_01_mathematics_mcq_2: Generated CSS rule for mapping 0, class: cfed4d732a1f8
2025-12-20 19:55:16 - INFO - Question mathematics_k-12_doc_01_mathematics_mcq_2: CSS rule generated, class: cfed4d732a1f8
2025-12-20 19:55:16 - INFO - Processing question: mathematics_k-12_doc_01_mathematics_mcq_3
2025-12-20 19:55:16 - INFO - Question mathematics_k-12_doc_01_mathematics_mcq_3: Using pre-validated perturbation
2025-12-20 19:55:16 - INFO - Question mathematics_k-12_doc_01_mathematics_mcq_3: Original substring: 'F(t) = (t^2 + 1, 2^t)...'
2025-12-20 19:55:16 - INFO - Question mathematics_k-12_doc_01_mathematics_mcq_3: Replacement substring: 'F(t) = (t^2 + 1, 4^t)...'
2025-12-20 19:55:16 - INFO - Question mathematics_k-12_doc_01_mathematics_mcq_3: Replaced 'F(t) = (t^2 + 1, 2^t)...' with 'F(t) = (t^2 + 1, 4^t)...' at position [63, 84)
2025-12-20 19:55:16 - INFO - Question mathematics_k-12_doc_01_mathematics_mcq_3: Generated CSS rule for mapping 0, class: c853c8d3ed990
2025-12-20 19:55:16 - INFO - Question mathematics_k-12_doc_01_mathematics_mcq_3: CSS rule generated, class: c853c8d3ed990
2025-12-20 19:55:16 - INFO - Processing question: mathematics_k-12_doc_01_mathematics_mcq_4
2025-12-20 19:55:16 - INFO - Question mathematics_k-12_doc_01_mathematics_mcq_4: Using pre-validated perturbation
2025-12-20 19:55:16 - INFO - Question mathematics_k-12_doc_01_mathematics_mcq_4: Original substring: 'shortest...'
2025-12-20 19:55:16 - INFO - Question mathematics_k-12_doc_01_mathematics_mcq_4: Replacement substring: 'longest...'
2025-12-20 19:55:16 - INFO - Question mathematics_k-12_doc_01_mathematics_mcq_4: Replaced 'shortest...' with 'longest...' at position [12, 20)
2025-12-20 19:55:16 - INFO - Question mathematics_k-12_doc_01_mathematics_mcq_4: Generated CSS rule for mapping 0, class: c8a9795dc65f9
2025-12-20 19:55:16 - INFO - Question mathematics_k-12_doc_01_mathematics_mcq_4: CSS rule generated, class: c8a9795dc65f9
2025-12-20 19:55:16 - INFO - Processing question: mathematics_k-12_doc_01_mathematics_mcq_5
2025-12-20 19:55:16 - INFO - Question mathematics_k-12_doc_01_mathematics_mcq_5: Using pre-validated perturbation
2025-12-20 19:55:16 - INFO - Question mathematics_k-12_doc_01_mathematics_mcq_5: Original substring: '3 hours...'
2025-12-20 19:55:16 - INFO - Question mathematics_k-12_doc_01_mathematics_mcq_5: Replacement substring: '1 hour...'
2025-12-20 19:55:16 - INFO - Question mathematics_k-12_doc_01_mathematics_mcq_5: Replaced '3 hours...' with '1 hour...' at position [11, 18)
2025-12-20 19:55:16 - INFO - Question mathematics_k-12_doc_01_mathematics_mcq_5: Generated CSS rule for mapping 0, class: c2e7912e33d9b
2025-12-20 19:55:16 - INFO - Question mathematics_k-12_doc_01_mathematics_mcq_5: CSS rule generated, class: c2e7912e33d9b
2025-12-20 19:55:16 - INFO - Processing question: mathematics_k-12_doc_01_mathematics_tf_1
2025-12-20 19:55:16 - INFO - Question mathematics_k-12_doc_01_mathematics_tf_1: Using pre-validated perturbation
2025-12-20 19:55:16 - INFO - Question mathematics_k-12_doc_01_mathematics_tf_1: Original substring: '45...'
2025-12-20 19:55:16 - INFO - Question mathematics_k-12_doc_01_mathematics_tf_1: Replacement substring: '50...'
2025-12-20 19:55:16 - INFO - Question mathematics_k-12_doc_01_mathematics_tf_1: Replaced '45...' with '50...' at position [10, 12)
2025-12-20 19:55:16 - INFO - Question mathematics_k-12_doc_01_mathematics_tf_1: Generated CSS rule for mapping 0, class: c5f7f05da9839
2025-12-20 19:55:16 - INFO - Question mathematics_k-12_doc_01_mathematics_tf_1: CSS rule generated, class: c5f7f05da9839
2025-12-20 19:55:16 - INFO - Processing question: mathematics_k-12_doc_01_mathematics_tf_2
2025-12-20 19:55:16 - INFO - Question mathematics_k-12_doc_01_mathematics_tf_2: Using pre-validated perturbation
2025-12-20 19:55:16 - INFO - Question mathematics_k-12_doc_01_mathematics_tf_2: Original substring: 'Forty-nine...'
2025-12-20 19:55:16 - INFO - Question mathematics_k-12_doc_01_mathematics_tf_2: Replacement substring: 'Thirty-five...'
2025-12-20 19:55:16 - INFO - Question mathematics_k-12_doc_01_mathematics_tf_2: Replaced 'Forty-nine...' with 'Thirty-five...' at position [0, 10)
2025-12-20 19:55:16 - INFO - Question mathematics_k-12_doc_01_mathematics_tf_2: Generated CSS rule for mapping 0, class: cd4dea30ab998
2025-12-20 19:55:16 - INFO - Question mathematics_k-12_doc_01_mathematics_tf_2: CSS rule generated, class: cd4dea30ab998
2025-12-20 19:55:16 - INFO - Processing question: mathematics_k-12_doc_01_mathematics_tf_3
2025-12-20 19:55:16 - INFO - Question mathematics_k-12_doc_01_mathematics_tf_3: Using pre-validated perturbation
2025-12-20 19:55:16 - INFO - Question mathematics_k-12_doc_01_mathematics_tf_3: Original substring: '1:4...'
2025-12-20 19:55:16 - INFO - Question mathematics_k-12_doc_01_mathematics_tf_3: Replacement substring: '2:4...'
2025-12-20 19:55:16 - INFO - Question mathematics_k-12_doc_01_mathematics_tf_3: Replaced '1:4...' with '2:4...' at position [83, 86)
2025-12-20 19:55:16 - INFO - Question mathematics_k-12_doc_01_mathematics_tf_3: Generated CSS rule for mapping 0, class: ca5ea4311943c
2025-12-20 19:55:16 - INFO - Question mathematics_k-12_doc_01_mathematics_tf_3: CSS rule generated, class: ca5ea4311943c
2025-12-20 19:55:16 - INFO - Processing question: mathematics_k-12_doc_01_mathematics_tf_4
2025-12-20 19:55:16 - INFO - Question mathematics_k-12_doc_01_mathematics_tf_4: Using pre-validated perturbation
2025-12-20 19:55:16 - INFO - Question mathematics_k-12_doc_01_mathematics_tf_4: Original substring: '23...'
2025-12-20 19:55:16 - INFO - Question mathematics_k-12_doc_01_mathematics_tf_4: Replacement substring: '24...'
2025-12-20 19:55:16 - INFO - Question mathematics_k-12_doc_01_mathematics_tf_4: Replaced '23...' with '24...' at position [38, 40)
2025-12-20 19:55:16 - INFO - Question mathematics_k-12_doc_01_mathematics_tf_4: Generated CSS rule for mapping 0, class: c58e852d1759e
2025-12-20 19:55:16 - INFO - Question mathematics_k-12_doc_01_mathematics_tf_4: CSS rule generated, class: c58e852d1759e
2025-12-20 19:55:16 - INFO - Processing question: mathematics_k-12_doc_01_mathematics_tf_5
2025-12-20 19:55:16 - INFO - Question mathematics_k-12_doc_01_mathematics_tf_5: Using pre-validated perturbation
2025-12-20 19:55:16 - INFO - Question mathematics_k-12_doc_01_mathematics_tf_5: Original substring: 'not in the domain...'
2025-12-20 19:55:16 - INFO - Question mathematics_k-12_doc_01_mathematics_tf_5: Replacement substring: 'in the domain...'
2025-12-20 19:55:16 - INFO - Question mathematics_k-12_doc_01_mathematics_tf_5: Replaced 'not in the domain...' with 'in the domain...' at position [34, 51)
2025-12-20 19:55:16 - INFO - Question mathematics_k-12_doc_01_mathematics_tf_5: Generated CSS rule for mapping 0, class: c28f28066f535
2025-12-20 19:55:16 - INFO - Question mathematics_k-12_doc_01_mathematics_tf_5: CSS rule generated, class: c28f28066f535
2025-12-20 19:55:16 - INFO - Processing question: mathematics_k-12_doc_01_mathematics_long_1
2025-12-20 19:55:16 - INFO - Question mathematics_k-12_doc_01_mathematics_long_1: Using pre-validated perturbation
2025-12-20 19:55:16 - INFO - Question mathematics_k-12_doc_01_mathematics_long_1: Original substring: 'factors that can influence...'
2025-12-20 19:55:16 - INFO - Question mathematics_k-12_doc_01_mathematics_long_1: Replacement substring: 'conditions that determine...'
2025-12-20 19:55:16 - INFO - Question mathematics_k-12_doc_01_mathematics_long_1: Replaced 'factors that can influence...' with 'conditions that determine...' at position [12, 38)
2025-12-20 19:55:16 - INFO - Question mathematics_k-12_doc_01_mathematics_long_1: Generated CSS rule for mapping 0, class: c204b0e91c5a2
2025-12-20 19:55:16 - INFO - Question mathematics_k-12_doc_01_mathematics_long_1: CSS rule generated, class: c204b0e91c5a2
2025-12-20 19:55:16 - INFO - Processing question: mathematics_k-12_doc_01_mathematics_long_2
2025-12-20 19:55:16 - INFO - Question mathematics_k-12_doc_01_mathematics_long_2: Using pre-validated perturbation
2025-12-20 19:55:16 - INFO - Question mathematics_k-12_doc_01_mathematics_long_2: Original substring: 'maximum possible value of the quotient...'
2025-12-20 19:55:16 - INFO - Question mathematics_k-12_doc_01_mathematics_long_2: Replacement substring: 'minimum possible value of the quotient...'
2025-12-20 19:55:16 - INFO - Question mathematics_k-12_doc_01_mathematics_long_2: Replaced 'maximum possible value of the quotient...' with 'minimum possible value of the quotient...' at position [72, 110)
2025-12-20 19:55:16 - INFO - Question mathematics_k-12_doc_01_mathematics_long_2: Generated CSS rule for mapping 0, class: cb2c98053ef95
2025-12-20 19:55:16 - INFO - Question mathematics_k-12_doc_01_mathematics_long_2: CSS rule generated, class: cb2c98053ef95
2025-12-20 19:55:16 - INFO - Created output directory: out/attacked\Maths\css_before
2025-12-20 19:55:16 - INFO - Writing CSS rules to external file: out/attacked\Maths\css_before\styles_enhanced.css
2025-12-20 19:55:16 - INFO - CSS file written successfully (4534 bytes, 12 rules)
2025-12-20 19:55:16 - INFO - Added stylesheet link to <head>
2025-12-20 19:55:16 - INFO - Writing JavaScript to external file: out/attacked\Maths\css_before\width_calc.js
2025-12-20 19:55:16 - INFO - JavaScript file written successfully (1176 bytes, 12 mappings)
2025-12-20 19:55:16 - INFO - Added JavaScript script tag to <head>
2025-12-20 19:55:16 - INFO - Writing attacked HTML to: out/attacked\Maths\css_before\exam.html
2025-12-20 19:55:16 - INFO - Attacked HTML written successfully (24474 bytes)
2025-12-20 19:55:16 - INFO - Copied CSS file to: out/attacked\Maths\css_before\styles.css
2025-12-20 19:55:16 - INFO - ================================================================================
2025-12-20 19:55:16 - INFO - CSS ::before Attack Application Complete
2025-12-20 19:55:16 - INFO - Total questions processed: 12
2025-12-20 19:55:16 - INFO - Questions with attacks applied: 12
2025-12-20 19:55:16 - INFO - Questions skipped: 0
2025-12-20 19:55:16 - INFO - Total CSS rules injected: 12
2025-12-20 19:55:16 - INFO - Output HTML: out/attacked\Maths\css_before\exam.html (24474 bytes)
2025-12-20 19:55:16 - INFO - ================================================================================
