2025-12-19 16:15:24 - INFO - ================================================================================
2025-12-19 16:15:24 - INFO - Starting CSS ::before Attack Application
2025-12-19 16:15:24 - INFO - Baseline HTML: out/baseline\Science\exam.html
2025-12-19 16:15:24 - INFO - Perturbed JSON: data\exam_content_perturbed.json
2025-12-19 16:15:24 - INFO - Output directory: out/attacked
2025-12-19 16:15:24 - INFO - Subject name: Science
2025-12-19 16:15:24 - INFO - ================================================================================
2025-12-19 16:15:24 - INFO - Loading baseline HTML: out/baseline\Science\exam.html
2025-12-19 16:15:24 - INFO - Baseline HTML loaded (19470 bytes), found 12 question cards
2025-12-19 16:15:24 - INFO - Loading perturbed exam JSON: data\exam_content_perturbed.json
2025-12-19 16:15:24 - INFO - Successfully loaded perturbed exam data (17595 bytes)
2025-12-19 16:15:24 - INFO - Number of sections: 3
2025-12-19 16:15:24 - INFO - Total questions: 12
2025-12-19 16:15:24 - INFO - Questions with perturbations: 12
2025-12-19 16:15:24 - INFO - Processing question: science_k-12_doc_01_science_arc_mcq_1
2025-12-19 16:15:24 - INFO - Question science_k-12_doc_01_science_arc_mcq_1: Using pre-validated perturbation
2025-12-19 16:15:24 - INFO - Question science_k-12_doc_01_science_arc_mcq_1: Original substring: 'of the same mineral...'
2025-12-19 16:15:24 - INFO - Question science_k-12_doc_01_science_arc_mcq_1: Replacement substring: 'of similar size...'
2025-12-19 16:15:24 - INFO - Question science_k-12_doc_01_science_arc_mcq_1: Replaced 'of the same mineral...' with 'of similar size...' at position [53, 72)
2025-12-19 16:15:24 - INFO - Question science_k-12_doc_01_science_arc_mcq_1: Generated CSS rule for mapping 0, class: cf8fd32247162
2025-12-19 16:15:24 - INFO - Question science_k-12_doc_01_science_arc_mcq_1: CSS rule generated, class: cf8fd32247162
2025-12-19 16:15:24 - INFO - Processing question: science_k-12_doc_01_science_arc_mcq_2
2025-12-19 16:15:24 - INFO - Question science_k-12_doc_01_science_arc_mcq_2: Using pre-validated perturbation
2025-12-19 16:15:24 - INFO - Question science_k-12_doc_01_science_arc_mcq_2: Original substring: 'human-made product...'
2025-12-19 16:15:24 - INFO - Question science_k-12_doc_01_science_arc_mcq_2: Replacement substring: 'natural food item...'
2025-12-19 16:15:24 - INFO - Question science_k-12_doc_01_science_arc_mcq_2: Replaced 'human-made product...' with 'natural food item...' at position [25, 43)
2025-12-19 16:15:24 - INFO - Question science_k-12_doc_01_science_arc_mcq_2: Generated CSS rule for mapping 0, class: c97e1d10ba477
2025-12-19 16:15:24 - INFO - Question science_k-12_doc_01_science_arc_mcq_2: CSS rule generated, class: c97e1d10ba477
2025-12-19 16:15:24 - INFO - Processing question: science_k-12_doc_01_science_arc_mcq_3
2025-12-19 16:15:24 - INFO - Question science_k-12_doc_01_science_arc_mcq_3: Using pre-validated perturbation
2025-12-19 16:15:24 - INFO - Question science_k-12_doc_01_science_arc_mcq_3: Original substring: 'all examples of pure substances...'
2025-12-19 16:15:24 - INFO - Question science_k-12_doc_01_science_arc_mcq_3: Replacement substring: 'always found as solids...'
2025-12-19 16:15:24 - INFO - Question science_k-12_doc_01_science_arc_mcq_3: Replaced 'all examples of pure substances...' with 'always found as solids...' at position [69, 100)
2025-12-19 16:15:24 - INFO - Question science_k-12_doc_01_science_arc_mcq_3: Generated CSS rule for mapping 0, class: c5100ba62a4ac
2025-12-19 16:15:24 - INFO - Question science_k-12_doc_01_science_arc_mcq_3: CSS rule generated, class: c5100ba62a4ac
2025-12-19 16:15:24 - INFO - Processing question: science_k-12_doc_01_science_arc_mcq_4
2025-12-19 16:15:24 - INFO - Question science_k-12_doc_01_science_arc_mcq_4: Using pre-validated perturbation
2025-12-19 16:15:24 - INFO - Question science_k-12_doc_01_science_arc_mcq_4: Original substring: 'Which factor will most affect the speed of a sound...'
2025-12-19 16:15:24 - INFO - Question science_k-12_doc_01_science_arc_mcq_4: Replacement substring: 'Which factor will most determine the wavelength of...'
2025-12-19 16:15:24 - INFO - Question science_k-12_doc_01_science_arc_mcq_4: Replaced 'Which factor will most affect the speed of a sound...' with 'Which factor will most determine the wavelength of...' at position [77, 133)
2025-12-19 16:15:24 - INFO - Question science_k-12_doc_01_science_arc_mcq_4: Generated CSS rule for mapping 0, class: cbd70316afce2
2025-12-19 16:15:24 - INFO - Question science_k-12_doc_01_science_arc_mcq_4: CSS rule generated, class: cbd70316afce2
2025-12-19 16:15:24 - INFO - Processing question: science_k-12_doc_01_science_arc_mcq_5
2025-12-19 16:15:24 - INFO - Question science_k-12_doc_01_science_arc_mcq_5: Using pre-validated perturbation
2025-12-19 16:15:24 - INFO - Question science_k-12_doc_01_science_arc_mcq_5: Original substring: 'If a virus kills most these trees, which individua...'
2025-12-19 16:15:24 - INFO - Question science_k-12_doc_01_science_arc_mcq_5: Replacement substring: 'If a virus darkens the forest environment, which l...'
2025-12-19 16:15:24 - INFO - Question science_k-12_doc_01_science_arc_mcq_5: Replaced 'If a virus kills most these trees, which individua...' with 'If a virus darkens the forest environment, which l...' at position [69, 154)
2025-12-19 16:15:24 - INFO - Question science_k-12_doc_01_science_arc_mcq_5: Generated CSS rule for mapping 0, class: cf280c024a6e8
2025-12-19 16:15:24 - INFO - Question science_k-12_doc_01_science_arc_mcq_5: CSS rule generated, class: cf280c024a6e8
2025-12-19 16:15:24 - INFO - Processing question: science_k-12_doc_01_science_arc_tf_1
2025-12-19 16:15:24 - INFO - Question science_k-12_doc_01_science_arc_tf_1: Using pre-validated perturbation
2025-12-19 16:15:24 - INFO - Question science_k-12_doc_01_science_arc_tf_1: Original substring: 'convection...'
2025-12-19 16:15:24 - INFO - Question science_k-12_doc_01_science_arc_tf_1: Replacement substring: 'conduction...'
2025-12-19 16:15:24 - INFO - Question science_k-12_doc_01_science_arc_tf_1: Replaced 'convection...' with 'conduction...' at position [41, 51)
2025-12-19 16:15:24 - INFO - Question science_k-12_doc_01_science_arc_tf_1: Generated CSS rule for mapping 0, class: c3592e6450cf0
2025-12-19 16:15:24 - INFO - Question science_k-12_doc_01_science_arc_tf_1: CSS rule generated, class: c3592e6450cf0
2025-12-19 16:15:24 - INFO - Processing question: science_k-12_doc_01_science_arc_tf_2
2025-12-19 16:15:24 - INFO - Question science_k-12_doc_01_science_arc_tf_2: Using pre-validated perturbation
2025-12-19 16:15:24 - INFO - Question science_k-12_doc_01_science_arc_tf_2: Original substring: 'by hand...'
2025-12-19 16:15:24 - INFO - Question science_k-12_doc_01_science_arc_tf_2: Replacement substring: 'with gloves...'
2025-12-19 16:15:24 - INFO - Question science_k-12_doc_01_science_arc_tf_2: Replaced 'by hand...' with 'with gloves...' at position [31, 38)
2025-12-19 16:15:24 - INFO - Question science_k-12_doc_01_science_arc_tf_2: Generated CSS rule for mapping 0, class: cea4b53ba73a4
2025-12-19 16:15:24 - INFO - Question science_k-12_doc_01_science_arc_tf_2: CSS rule generated, class: cea4b53ba73a4
2025-12-19 16:15:24 - INFO - Processing question: science_k-12_doc_01_science_arc_tf_3
2025-12-19 16:15:24 - INFO - Question science_k-12_doc_01_science_arc_tf_3: Using pre-validated perturbation
2025-12-19 16:15:24 - INFO - Question science_k-12_doc_01_science_arc_tf_3: Original substring: 'not a fundamental component of an atom and...'
2025-12-19 16:15:24 - INFO - Question science_k-12_doc_01_science_arc_tf_3: Replacement substring: 'a fundamental component of an atom that...'
2025-12-19 16:15:24 - INFO - Question science_k-12_doc_01_science_arc_tf_3: Replaced 'not a fundamental component of an atom and...' with 'a fundamental component of an atom that...' at position [12, 54)
2025-12-19 16:15:24 - INFO - Question science_k-12_doc_01_science_arc_tf_3: Generated CSS rule for mapping 0, class: c608977528e2f
2025-12-19 16:15:24 - INFO - Question science_k-12_doc_01_science_arc_tf_3: CSS rule generated, class: c608977528e2f
2025-12-19 16:15:24 - INFO - Processing question: science_k-12_doc_01_science_arc_tf_4
2025-12-19 16:15:24 - INFO - Question science_k-12_doc_01_science_arc_tf_4: Using pre-validated perturbation
2025-12-19 16:15:24 - INFO - Question science_k-12_doc_01_science_arc_tf_4: Original substring: 'in forests...'
2025-12-19 16:15:24 - INFO - Question science_k-12_doc_01_science_arc_tf_4: Replacement substring: 'in open fields...'
2025-12-19 16:15:24 - INFO - Question science_k-12_doc_01_science_arc_tf_4: Replaced 'in forests...' with 'in open fields...' at position [26, 36)
2025-12-19 16:15:24 - INFO - Question science_k-12_doc_01_science_arc_tf_4: Generated CSS rule for mapping 0, class: c83eb8d96ad45
2025-12-19 16:15:24 - INFO - Question science_k-12_doc_01_science_arc_tf_4: CSS rule generated, class: c83eb8d96ad45
2025-12-19 16:15:24 - INFO - Processing question: science_k-12_doc_01_science_arc_tf_5
2025-12-19 16:15:24 - INFO - Question science_k-12_doc_01_science_arc_tf_5: Using pre-validated perturbation
2025-12-19 16:15:24 - INFO - Question science_k-12_doc_01_science_arc_tf_5: Original substring: 'will remain the same...'
2025-12-19 16:15:24 - INFO - Question science_k-12_doc_01_science_arc_tf_5: Replacement substring: 'depends on conditions...'
2025-12-19 16:15:24 - INFO - Question science_k-12_doc_01_science_arc_tf_5: Replaced 'will remain the same...' with 'depends on conditions...' at position [32, 52)
2025-12-19 16:15:24 - INFO - Question science_k-12_doc_01_science_arc_tf_5: Generated CSS rule for mapping 0, class: c66e3d56b4582
2025-12-19 16:15:24 - INFO - Question science_k-12_doc_01_science_arc_tf_5: CSS rule generated, class: c66e3d56b4582
2025-12-19 16:15:24 - INFO - Processing question: science_k-12_doc_01_science_long_1
2025-12-19 16:15:24 - INFO - Question science_k-12_doc_01_science_long_1: Using pre-validated perturbation
2025-12-19 16:15:24 - INFO - Question science_k-12_doc_01_science_long_1: Original substring: 'deforestation and land burning for agriculture...'
2025-12-19 16:15:24 - INFO - Question science_k-12_doc_01_science_long_1: Replacement substring: 'urbanization and industrial growth...'
2025-12-19 16:15:24 - INFO - Question science_k-12_doc_01_science_long_1: Replaced 'deforestation and land burning for agriculture...' with 'urbanization and industrial growth...' at position [22, 68)
2025-12-19 16:15:24 - INFO - Question science_k-12_doc_01_science_long_1: Generated CSS rule for mapping 0, class: c082c1925975c
2025-12-19 16:15:24 - INFO - Question science_k-12_doc_01_science_long_1: CSS rule generated, class: c082c1925975c
2025-12-19 16:15:24 - INFO - Processing question: science_k-12_doc_01_science_long_2
2025-12-19 16:15:24 - INFO - Question science_k-12_doc_01_science_long_2: Using pre-validated perturbation
2025-12-19 16:15:24 - INFO - Question science_k-12_doc_01_science_long_2: Original substring: 'freezing temperature of water...'
2025-12-19 16:15:24 - INFO - Question science_k-12_doc_01_science_long_2: Replacement substring: 'boiling temperature of water...'
2025-12-19 16:15:24 - INFO - Question science_k-12_doc_01_science_long_2: Replaced 'freezing temperature of water...' with 'boiling temperature of water...' at position [16, 45)
2025-12-19 16:15:24 - INFO - Question science_k-12_doc_01_science_long_2: Generated CSS rule for mapping 0, class: c220c7f489d45
2025-12-19 16:15:24 - INFO - Question science_k-12_doc_01_science_long_2: CSS rule generated, class: c220c7f489d45
2025-12-19 16:15:24 - INFO - Created output directory: out/attacked\Science\css_before
2025-12-19 16:15:24 - INFO - Writing CSS rules to external file: out/attacked\Science\css_before\styles_enhanced.css
2025-12-19 16:15:24 - INFO - CSS file written successfully (5927 bytes, 12 rules)
2025-12-19 16:15:24 - INFO - Added stylesheet link to <head>
2025-12-19 16:15:24 - INFO - Writing JavaScript to external file: out/attacked\Science\css_before\width_calc.js
2025-12-19 16:15:24 - INFO - JavaScript file written successfully (1382 bytes, 12 mappings)
2025-12-19 16:15:24 - INFO - Added JavaScript script tag to <head>
2025-12-19 16:15:24 - INFO - Writing attacked HTML to: out/attacked\Science\css_before\exam.html
2025-12-19 16:15:24 - INFO - Attacked HTML written successfully (11533 bytes)
2025-12-19 16:15:24 - INFO - Copied CSS file to: out/attacked\Science\css_before\styles.css
2025-12-19 16:15:24 - INFO - ================================================================================
2025-12-19 16:15:24 - INFO - CSS ::before Attack Application Complete
2025-12-19 16:15:24 - INFO - Total questions processed: 12
2025-12-19 16:15:24 - INFO - Questions with attacks applied: 12
2025-12-19 16:15:24 - INFO - Questions skipped: 0
2025-12-19 16:15:24 - INFO - Total CSS rules injected: 12
2025-12-19 16:15:24 - INFO - Output HTML: out/attacked\Science\css_before\exam.html (11533 bytes)
2025-12-19 16:15:24 - INFO - ================================================================================
