2025-12-18 16:08:47 - INFO - ================================================================================
2025-12-18 16:08:47 - INFO - Starting CSS ::before Attack Application
2025-12-18 16:08:47 - INFO - Baseline HTML: out/baseline\Science\exam.html
2025-12-18 16:08:47 - INFO - Perturbed JSON: data\exam_content_perturbed.json
2025-12-18 16:08:47 - INFO - Output directory: out/attacked
2025-12-18 16:08:47 - INFO - Subject name: Science
2025-12-18 16:08:47 - INFO - ================================================================================
2025-12-18 16:08:47 - INFO - Loading baseline HTML: out/baseline\Science\exam.html
2025-12-18 16:08:47 - INFO - Baseline HTML loaded (19470 bytes), found 12 question cards
2025-12-18 16:08:47 - INFO - Loading perturbed exam JSON: data\exam_content_perturbed.json
2025-12-18 16:08:47 - INFO - Successfully loaded perturbed exam data (17269 bytes)
2025-12-18 16:08:47 - INFO - Number of sections: 3
2025-12-18 16:08:47 - INFO - Total questions: 12
2025-12-18 16:08:47 - INFO - Questions with perturbations: 12
2025-12-18 16:08:47 - INFO - Processing question: science_k-12_doc_01_science_arc_mcq_1
2025-12-18 16:08:47 - INFO - Question science_k-12_doc_01_science_arc_mcq_1: Using pre-validated perturbation
2025-12-18 16:08:47 - INFO - Question science_k-12_doc_01_science_arc_mcq_1: Original substring: 'made up entirely of the same mineral...'
2025-12-18 16:08:47 - INFO - Question science_k-12_doc_01_science_arc_mcq_1: Replacement substring: 'the same size...'
2025-12-18 16:08:47 - INFO - Question science_k-12_doc_01_science_arc_mcq_1: Replaced 'made up entirely of the same mineral...' with 'the same size...' at position [36, 72)
2025-12-18 16:08:47 - INFO - Question science_k-12_doc_01_science_arc_mcq_1: Generated CSS rule for mapping 0, class: fake-science_k_12_doc_01_science_arc_mcq_1-0
2025-12-18 16:08:47 - INFO - Question science_k-12_doc_01_science_arc_mcq_1: CSS rule injected, class: fake-science_k_12_doc_01_science_arc_mcq_1-0
2025-12-18 16:08:47 - INFO - Processing question: science_k-12_doc_01_science_arc_mcq_2
2025-12-18 16:08:47 - INFO - Question science_k-12_doc_01_science_arc_mcq_2: Using pre-validated perturbation
2025-12-18 16:08:47 - INFO - Question science_k-12_doc_01_science_arc_mcq_2: Original substring: 'human-made...'
2025-12-18 16:08:47 - INFO - Question science_k-12_doc_01_science_arc_mcq_2: Replacement substring: 'natural...'
2025-12-18 16:08:47 - INFO - Question science_k-12_doc_01_science_arc_mcq_2: Replaced 'human-made...' with 'natural...' at position [25, 35)
2025-12-18 16:08:47 - INFO - Question science_k-12_doc_01_science_arc_mcq_2: Generated CSS rule for mapping 0, class: fake-science_k_12_doc_01_science_arc_mcq_2-0
2025-12-18 16:08:47 - INFO - Question science_k-12_doc_01_science_arc_mcq_2: CSS rule injected, class: fake-science_k_12_doc_01_science_arc_mcq_2-0
2025-12-18 16:08:47 - INFO - Processing question: science_k-12_doc_01_science_arc_mcq_3
2025-12-18 16:08:47 - INFO - Question science_k-12_doc_01_science_arc_mcq_3: Using pre-validated perturbation
2025-12-18 16:08:47 - INFO - Question science_k-12_doc_01_science_arc_mcq_3: Original substring: 'all pure substances...'
2025-12-18 16:08:47 - INFO - Question science_k-12_doc_01_science_arc_mcq_3: Replacement substring: 'some pure substances...'
2025-12-18 16:08:47 - INFO - Question science_k-12_doc_01_science_arc_mcq_3: Replaced 'all pure substances...' with 'some pure substances...' at position [135, 154)
2025-12-18 16:08:47 - INFO - Question science_k-12_doc_01_science_arc_mcq_3: Generated CSS rule for mapping 0, class: fake-science_k_12_doc_01_science_arc_mcq_3-0
2025-12-18 16:08:47 - INFO - Question science_k-12_doc_01_science_arc_mcq_3: CSS rule injected, class: fake-science_k_12_doc_01_science_arc_mcq_3-0
2025-12-18 16:08:47 - INFO - Processing question: science_k-12_doc_01_science_arc_mcq_4
2025-12-18 16:08:47 - INFO - Question science_k-12_doc_01_science_arc_mcq_4: Using pre-validated perturbation
2025-12-18 16:08:47 - INFO - Question science_k-12_doc_01_science_arc_mcq_4: Original substring: 'factor...'
2025-12-18 16:08:47 - INFO - Question science_k-12_doc_01_science_arc_mcq_4: Replacement substring: 'property...'
2025-12-18 16:08:47 - INFO - Question science_k-12_doc_01_science_arc_mcq_4: Replaced 'factor...' with 'property...' at position [83, 89)
2025-12-18 16:08:47 - INFO - Question science_k-12_doc_01_science_arc_mcq_4: Generated CSS rule for mapping 0, class: fake-science_k_12_doc_01_science_arc_mcq_4-0
2025-12-18 16:08:47 - INFO - Question science_k-12_doc_01_science_arc_mcq_4: CSS rule injected, class: fake-science_k_12_doc_01_science_arc_mcq_4-0
2025-12-18 16:08:47 - INFO - Processing question: science_k-12_doc_01_science_arc_mcq_5
2025-12-18 16:08:47 - INFO - Question science_k-12_doc_01_science_arc_mcq_5: Using pre-validated perturbation
2025-12-18 16:08:47 - INFO - Question science_k-12_doc_01_science_arc_mcq_5: Original substring: 'mostly eats fruit from one particular type of tree...'
2025-12-18 16:08:47 - INFO - Question science_k-12_doc_01_science_arc_mcq_5: Replacement substring: 'depends on the color of its skin...'
2025-12-18 16:08:47 - INFO - Question science_k-12_doc_01_science_arc_mcq_5: Replaced 'mostly eats fruit from one particular type of tree...' with 'depends on the color of its skin...' at position [17, 67)
2025-12-18 16:08:47 - INFO - Question science_k-12_doc_01_science_arc_mcq_5: Generated CSS rule for mapping 0, class: fake-science_k_12_doc_01_science_arc_mcq_5-0
2025-12-18 16:08:47 - INFO - Question science_k-12_doc_01_science_arc_mcq_5: CSS rule injected, class: fake-science_k_12_doc_01_science_arc_mcq_5-0
2025-12-18 16:08:47 - INFO - Processing question: science_k-12_doc_01_science_arc_tf_1
2025-12-18 16:08:47 - INFO - Question science_k-12_doc_01_science_arc_tf_1: Using pre-validated perturbation
2025-12-18 16:08:47 - INFO - Question science_k-12_doc_01_science_arc_tf_1: Original substring: 'convection...'
2025-12-18 16:08:47 - INFO - Question science_k-12_doc_01_science_arc_tf_1: Replacement substring: 'conduction...'
2025-12-18 16:08:47 - INFO - Question science_k-12_doc_01_science_arc_tf_1: Replaced 'convection...' with 'conduction...' at position [41, 51)
2025-12-18 16:08:47 - INFO - Question science_k-12_doc_01_science_arc_tf_1: Generated CSS rule for mapping 0, class: fake-science_k_12_doc_01_science_arc_tf_1-0
2025-12-18 16:08:47 - INFO - Question science_k-12_doc_01_science_arc_tf_1: CSS rule injected, class: fake-science_k_12_doc_01_science_arc_tf_1-0
2025-12-18 16:08:47 - INFO - Processing question: science_k-12_doc_01_science_arc_tf_2
2025-12-18 16:08:47 - INFO - Question science_k-12_doc_01_science_arc_tf_2: Using pre-validated perturbation
2025-12-18 16:08:47 - INFO - Question science_k-12_doc_01_science_arc_tf_2: Original substring: 'by hand...'
2025-12-18 16:08:47 - INFO - Question science_k-12_doc_01_science_arc_tf_2: Replacement substring: 'with a broom...'
2025-12-18 16:08:47 - INFO - Question science_k-12_doc_01_science_arc_tf_2: Replaced 'by hand...' with 'with a broom...' at position [31, 38)
2025-12-18 16:08:47 - INFO - Question science_k-12_doc_01_science_arc_tf_2: Generated CSS rule for mapping 0, class: fake-science_k_12_doc_01_science_arc_tf_2-0
2025-12-18 16:08:47 - INFO - Question science_k-12_doc_01_science_arc_tf_2: CSS rule injected, class: fake-science_k_12_doc_01_science_arc_tf_2-0
2025-12-18 16:08:47 - INFO - Processing question: science_k-12_doc_01_science_arc_tf_3
2025-12-18 16:08:47 - INFO - Question science_k-12_doc_01_science_arc_tf_3: Using pre-validated perturbation
2025-12-18 16:08:47 - INFO - Question science_k-12_doc_01_science_arc_tf_3: Original substring: 'not a fundamental component of an atom...'
2025-12-18 16:08:47 - INFO - Question science_k-12_doc_01_science_arc_tf_3: Replacement substring: 'a fundamental component of an atom...'
2025-12-18 16:08:47 - INFO - Question science_k-12_doc_01_science_arc_tf_3: Replaced 'not a fundamental component of an atom...' with 'a fundamental component of an atom...' at position [12, 50)
2025-12-18 16:08:47 - INFO - Question science_k-12_doc_01_science_arc_tf_3: Generated CSS rule for mapping 0, class: fake-science_k_12_doc_01_science_arc_tf_3-0
2025-12-18 16:08:47 - INFO - Question science_k-12_doc_01_science_arc_tf_3: CSS rule injected, class: fake-science_k_12_doc_01_science_arc_tf_3-0
2025-12-18 16:08:47 - INFO - Processing question: science_k-12_doc_01_science_arc_tf_4
2025-12-18 16:08:47 - INFO - Question science_k-12_doc_01_science_arc_tf_4: Using pre-validated perturbation
2025-12-18 16:08:47 - INFO - Question science_k-12_doc_01_science_arc_tf_4: Original substring: 'in forests...'
2025-12-18 16:08:47 - INFO - Question science_k-12_doc_01_science_arc_tf_4: Replacement substring: 'near coasts...'
2025-12-18 16:08:47 - INFO - Question science_k-12_doc_01_science_arc_tf_4: Replaced 'in forests...' with 'near coasts...' at position [26, 36)
2025-12-18 16:08:47 - INFO - Question science_k-12_doc_01_science_arc_tf_4: Generated CSS rule for mapping 0, class: fake-science_k_12_doc_01_science_arc_tf_4-0
2025-12-18 16:08:47 - INFO - Question science_k-12_doc_01_science_arc_tf_4: CSS rule injected, class: fake-science_k_12_doc_01_science_arc_tf_4-0
2025-12-18 16:08:47 - INFO - Processing question: science_k-12_doc_01_science_arc_tf_5
2025-12-18 16:08:47 - INFO - Question science_k-12_doc_01_science_arc_tf_5: Using pre-validated perturbation
2025-12-18 16:08:47 - INFO - Question science_k-12_doc_01_science_arc_tf_5: Original substring: 'remain the same...'
2025-12-18 16:08:47 - INFO - Question science_k-12_doc_01_science_arc_tf_5: Replacement substring: 'decrease rapidly...'
2025-12-18 16:08:47 - INFO - Question science_k-12_doc_01_science_arc_tf_5: Replaced 'remain the same...' with 'decrease rapidly...' at position [37, 52)
2025-12-18 16:08:47 - INFO - Question science_k-12_doc_01_science_arc_tf_5: Generated CSS rule for mapping 0, class: fake-science_k_12_doc_01_science_arc_tf_5-0
2025-12-18 16:08:47 - INFO - Question science_k-12_doc_01_science_arc_tf_5: CSS rule injected, class: fake-science_k_12_doc_01_science_arc_tf_5-0
2025-12-18 16:08:47 - INFO - Processing question: science_k-12_doc_01_science_long_1
2025-12-18 16:08:47 - INFO - Question science_k-12_doc_01_science_long_1: Using pre-validated perturbation
2025-12-18 16:08:47 - INFO - Question science_k-12_doc_01_science_long_1: Original substring: 'deforestation and land burning for agriculture...'
2025-12-18 16:08:47 - INFO - Question science_k-12_doc_01_science_long_1: Replacement substring: 'industrial pollution...'
2025-12-18 16:08:47 - INFO - Question science_k-12_doc_01_science_long_1: Replaced 'deforestation and land burning for agriculture...' with 'industrial pollution...' at position [22, 68)
2025-12-18 16:08:47 - INFO - Question science_k-12_doc_01_science_long_1: Generated CSS rule for mapping 0, class: fake-science_k_12_doc_01_science_long_1-0
2025-12-18 16:08:47 - INFO - Question science_k-12_doc_01_science_long_1: CSS rule injected, class: fake-science_k_12_doc_01_science_long_1-0
2025-12-18 16:08:47 - INFO - Processing question: science_k-12_doc_01_science_long_2
2025-12-18 16:08:47 - INFO - Question science_k-12_doc_01_science_long_2: Using pre-validated perturbation
2025-12-18 16:08:47 - INFO - Question science_k-12_doc_01_science_long_2: Original substring: 'the freezing temperature of water...'
2025-12-18 16:08:47 - INFO - Question science_k-12_doc_01_science_long_2: Replacement substring: 'the boiling temperature of water...'
2025-12-18 16:08:47 - INFO - Question science_k-12_doc_01_science_long_2: Replaced 'the freezing temperature of water...' with 'the boiling temperature of water...' at position [12, 45)
2025-12-18 16:08:47 - INFO - Question science_k-12_doc_01_science_long_2: Generated CSS rule for mapping 0, class: fake-science_k_12_doc_01_science_long_2-0
2025-12-18 16:08:47 - INFO - Question science_k-12_doc_01_science_long_2: CSS rule injected, class: fake-science_k_12_doc_01_science_long_2-0
2025-12-18 16:08:47 - INFO - Injected 12 CSS rules into <head>
2025-12-18 16:08:47 - INFO - Created output directory: out/attacked\Science\css_before
2025-12-18 16:08:47 - INFO - Writing attacked HTML to: out/attacked\Science\css_before\exam.html
2025-12-18 16:08:47 - INFO - Attacked HTML written successfully (24647 bytes)
2025-12-18 16:08:47 - INFO - Copied CSS file to: out/attacked\Science\css_before\styles.css
2025-12-18 16:08:47 - INFO - ================================================================================
2025-12-18 16:08:47 - INFO - CSS ::before Attack Application Complete
2025-12-18 16:08:47 - INFO - Total questions processed: 12
2025-12-18 16:08:47 - INFO - Questions with attacks applied: 12
2025-12-18 16:08:47 - INFO - Questions skipped: 0
2025-12-18 16:08:47 - INFO - Total CSS rules injected: 12
2025-12-18 16:08:47 - INFO - Output HTML: out/attacked\Science\css_before\exam.html (24647 bytes)
2025-12-18 16:08:47 - INFO - ================================================================================
