2025-12-17 17:46:01 - INFO - ================================================================================
2025-12-17 17:46:01 - INFO - Starting CSS ::before Attack Application
2025-12-17 17:46:01 - INFO - Baseline HTML: out/baseline\Maths\exam.html
2025-12-17 17:46:01 - INFO - Perturbed JSON: data\exam_content_perturbed.json
2025-12-17 17:46:01 - INFO - Output directory: out/attacked
2025-12-17 17:46:01 - INFO - Subject name: Maths
2025-12-17 17:46:01 - INFO - ================================================================================
2025-12-17 17:46:01 - INFO - Loading baseline HTML: out/baseline\Maths\exam.html
2025-12-17 17:46:01 - INFO - Baseline HTML loaded (19094 bytes), found 12 question cards
2025-12-17 17:46:01 - INFO - Loading perturbed exam JSON: data\exam_content_perturbed.json
2025-12-17 17:46:01 - INFO - Successfully loaded perturbed exam data (8646 bytes)
2025-12-17 17:46:01 - INFO - Number of sections: 3
2025-12-17 17:46:01 - INFO - Total questions: 12
2025-12-17 17:46:01 - INFO - Questions with perturbations: 0
2025-12-17 17:46:01 - INFO - Processing question: mathematics_k-12_doc_01_mathematics_mcq_1
2025-12-17 17:46:01 - WARNING - Question mathematics_k-12_doc_01_mathematics_mcq_1: No validated perturbations found in perturbed data, skipping
2025-12-17 17:46:01 - INFO - Processing question: mathematics_k-12_doc_01_mathematics_mcq_2
2025-12-17 17:46:01 - WARNING - Question mathematics_k-12_doc_01_mathematics_mcq_2: No validated perturbations found in perturbed data, skipping
2025-12-17 17:46:01 - INFO - Processing question: mathematics_k-12_doc_01_mathematics_mcq_3
2025-12-17 17:46:01 - WARNING - Question mathematics_k-12_doc_01_mathematics_mcq_3: No validated perturbations found in perturbed data, skipping
2025-12-17 17:46:01 - INFO - Processing question: mathematics_k-12_doc_01_mathematics_mcq_4
2025-12-17 17:46:01 - WARNING - Question mathematics_k-12_doc_01_mathematics_mcq_4: No validated perturbations found in perturbed data, skipping
2025-12-17 17:46:01 - INFO - Processing question: mathematics_k-12_doc_01_mathematics_mcq_5
2025-12-17 17:46:01 - WARNING - Question mathematics_k-12_doc_01_mathematics_mcq_5: No validated perturbations found in perturbed data, skipping
2025-12-17 17:46:01 - INFO - Processing question: mathematics_k-12_doc_01_mathematics_tf_1
2025-12-17 17:46:01 - WARNING - Question mathematics_k-12_doc_01_mathematics_tf_1: No validated perturbations found in perturbed data, skipping
2025-12-17 17:46:01 - INFO - Processing question: mathematics_k-12_doc_01_mathematics_tf_2
2025-12-17 17:46:01 - WARNING - Question mathematics_k-12_doc_01_mathematics_tf_2: No validated perturbations found in perturbed data, skipping
2025-12-17 17:46:01 - INFO - Processing question: mathematics_k-12_doc_01_mathematics_tf_3
2025-12-17 17:46:01 - WARNING - Question mathematics_k-12_doc_01_mathematics_tf_3: No validated perturbations found in perturbed data, skipping
2025-12-17 17:46:01 - INFO - Processing question: mathematics_k-12_doc_01_mathematics_tf_4
2025-12-17 17:46:01 - WARNING - Question mathematics_k-12_doc_01_mathematics_tf_4: No validated perturbations found in perturbed data, skipping
2025-12-17 17:46:01 - INFO - Processing question: mathematics_k-12_doc_01_mathematics_tf_5
2025-12-17 17:46:01 - WARNING - Question mathematics_k-12_doc_01_mathematics_tf_5: No validated perturbations found in perturbed data, skipping
2025-12-17 17:46:01 - INFO - Processing question: mathematics_k-12_doc_01_mathematics_long_1
2025-12-17 17:46:01 - WARNING - Question mathematics_k-12_doc_01_mathematics_long_1: No validated perturbations found in perturbed data, skipping
2025-12-17 17:46:01 - INFO - Processing question: mathematics_k-12_doc_01_mathematics_long_2
2025-12-17 17:46:01 - WARNING - Question mathematics_k-12_doc_01_mathematics_long_2: No validated perturbations found in perturbed data, skipping
2025-12-17 17:46:01 - INFO - Created output directory: out/attacked\Maths\css_before
2025-12-17 17:46:01 - INFO - Writing attacked HTML to: out/attacked\Maths\css_before\exam.html
2025-12-17 17:46:01 - INFO - Attacked HTML written successfully (10965 bytes)
2025-12-17 17:46:01 - INFO - Copied CSS file to: out/attacked\Maths\css_before\styles.css
2025-12-17 17:46:01 - INFO - ================================================================================
2025-12-17 17:46:01 - INFO - CSS ::before Attack Application Complete
2025-12-17 17:46:01 - INFO - Total questions processed: 12
2025-12-17 17:46:01 - INFO - Questions with attacks applied: 0
2025-12-17 17:46:01 - INFO - Questions skipped: 12
2025-12-17 17:46:01 - INFO - Total CSS rules injected: 0
2025-12-17 17:46:01 - INFO - Output HTML: out/attacked\Maths\css_before\exam.html (10965 bytes)
2025-12-17 17:46:01 - INFO - ================================================================================
