2025-12-19 12:12:29 - INFO - ================================================================================
2025-12-19 12:12:29 - INFO - Starting Image/Canvas Attack Application
2025-12-19 12:12:29 - INFO - Baseline HTML: out/baseline\Maths\exam.html
2025-12-19 12:12:29 - INFO - Perturbed JSON: data\exam_content_perturbed.json
2025-12-19 12:12:29 - INFO - Output directory: out/attacked
2025-12-19 12:12:29 - INFO - Subject name: Maths
2025-12-19 12:12:29 - INFO - ================================================================================
2025-12-19 12:12:29 - INFO - Loading baseline HTML: out/baseline\Maths\exam.html
2025-12-19 12:12:29 - INFO - Baseline HTML loaded (19086 bytes), found 12 question cards
2025-12-19 12:12:29 - INFO - Loading perturbed exam JSON: data\exam_content_perturbed.json
2025-12-19 12:12:29 - INFO - Successfully loaded perturbed exam data (16928 bytes)
2025-12-19 12:12:29 - INFO - Number of sections: 3
2025-12-19 12:12:29 - INFO - Total questions: 12
2025-12-19 12:12:29 - INFO - Questions with perturbations: 12
2025-12-19 12:12:29 - INFO - Processing question: mathematics_k-12_doc_01_mathematics_mcq_1
2025-12-19 12:12:29 - INFO - Question mathematics_k-12_doc_01_mathematics_mcq_1: Using pre-validated perturbation
2025-12-19 12:12:29 - INFO - Question mathematics_k-12_doc_01_mathematics_mcq_1: Original substring: '20 miles per hour...'
2025-12-19 12:12:29 - INFO - Question mathematics_k-12_doc_01_mathematics_mcq_1: Replacement substring: '20 miles per 4 hours...'
2025-12-19 12:12:29 - INFO - Question mathematics_k-12_doc_01_mathematics_mcq_1: Replaced '20 miles per hour...' with '20 miles per 4 hours...' at position [41, 58)
2025-12-19 12:12:29 - INFO - Question mathematics_k-12_doc_01_mathematics_mcq_1: Element marked for canvas rendering, data attributes set
2025-12-19 12:12:29 - INFO - Processing question: mathematics_k-12_doc_01_mathematics_mcq_2
2025-12-19 12:12:29 - INFO - Question mathematics_k-12_doc_01_mathematics_mcq_2: Using pre-validated perturbation
2025-12-19 12:12:29 - INFO - Question mathematics_k-12_doc_01_mathematics_mcq_2: Original substring: 'to the nearest thousand...'
2025-12-19 12:12:29 - INFO - Question mathematics_k-12_doc_01_mathematics_mcq_2: Replacement substring: 'to the nearest hundred...'
2025-12-19 12:12:29 - INFO - Question mathematics_k-12_doc_01_mathematics_mcq_2: Replaced 'to the nearest thousand...' with 'to the nearest hundred...' at position [113, 136)
2025-12-19 12:12:29 - INFO - Question mathematics_k-12_doc_01_mathematics_mcq_2: Element marked for canvas rendering, data attributes set
2025-12-19 12:12:29 - INFO - Processing question: mathematics_k-12_doc_01_mathematics_mcq_3
2025-12-19 12:12:29 - INFO - Question mathematics_k-12_doc_01_mathematics_mcq_3: Using pre-validated perturbation
2025-12-19 12:12:29 - INFO - Question mathematics_k-12_doc_01_mathematics_mcq_3: Original substring: 'where y = 4...'
2025-12-19 12:12:29 - INFO - Question mathematics_k-12_doc_01_mathematics_mcq_3: Replacement substring: 'where y = 16...'
2025-12-19 12:12:29 - INFO - Question mathematics_k-12_doc_01_mathematics_mcq_3: Replaced 'where y = 4...' with 'where y = 16...' at position [98, 109)
2025-12-19 12:12:29 - INFO - Question mathematics_k-12_doc_01_mathematics_mcq_3: Element marked for canvas rendering, data attributes set
2025-12-19 12:12:29 - INFO - Processing question: mathematics_k-12_doc_01_mathematics_mcq_4
2025-12-19 12:12:29 - INFO - Question mathematics_k-12_doc_01_mathematics_mcq_4: Using pre-validated perturbation
2025-12-19 12:12:29 - INFO - Question mathematics_k-12_doc_01_mathematics_mcq_4: Original substring: 'shortest distance...'
2025-12-19 12:12:29 - INFO - Question mathematics_k-12_doc_01_mathematics_mcq_4: Replacement substring: 'farthest distance...'
2025-12-19 12:12:29 - INFO - Question mathematics_k-12_doc_01_mathematics_mcq_4: Replaced 'shortest distance...' with 'farthest distance...' at position [12, 29)
2025-12-19 12:12:29 - INFO - Question mathematics_k-12_doc_01_mathematics_mcq_4: Element marked for canvas rendering, data attributes set
2025-12-19 12:12:29 - INFO - Processing question: mathematics_k-12_doc_01_mathematics_mcq_5
2025-12-19 12:12:29 - INFO - Question mathematics_k-12_doc_01_mathematics_mcq_5: Using pre-validated perturbation
2025-12-19 12:12:30 - INFO - Question mathematics_k-12_doc_01_mathematics_mcq_5: Original substring: '1 over 2 hour on science...'
2025-12-19 12:12:30 - INFO - Question mathematics_k-12_doc_01_mathematics_mcq_5: Replacement substring: '1 hour on science...'
2025-12-19 12:12:30 - INFO - Question mathematics_k-12_doc_01_mathematics_mcq_5: Replaced '1 over 2 hour on science...' with '1 hour on science...' at position [99, 123)
2025-12-19 12:12:30 - INFO - Question mathematics_k-12_doc_01_mathematics_mcq_5: Element marked for canvas rendering, data attributes set
2025-12-19 12:12:30 - INFO - Processing question: mathematics_k-12_doc_01_mathematics_tf_1
2025-12-19 12:12:30 - INFO - Question mathematics_k-12_doc_01_mathematics_tf_1: Using pre-validated perturbation
2025-12-19 12:12:30 - INFO - Question mathematics_k-12_doc_01_mathematics_tf_1: Original substring: '45...'
2025-12-19 12:12:30 - INFO - Question mathematics_k-12_doc_01_mathematics_tf_1: Replacement substring: '46...'
2025-12-19 12:12:30 - INFO - Question mathematics_k-12_doc_01_mathematics_tf_1: Replaced '45...' with '46...' at position [10, 12)
2025-12-19 12:12:30 - INFO - Question mathematics_k-12_doc_01_mathematics_tf_1: Element marked for canvas rendering, data attributes set
2025-12-19 12:12:30 - INFO - Processing question: mathematics_k-12_doc_01_mathematics_tf_2
2025-12-19 12:12:30 - INFO - Question mathematics_k-12_doc_01_mathematics_tf_2: Using pre-validated perturbation
2025-12-19 12:12:30 - INFO - Question mathematics_k-12_doc_01_mathematics_tf_2: Original substring: 'Forty-nine...'
2025-12-19 12:12:30 - INFO - Question mathematics_k-12_doc_01_mathematics_tf_2: Replacement substring: 'Thirty-six...'
2025-12-19 12:12:30 - INFO - Question mathematics_k-12_doc_01_mathematics_tf_2: Replaced 'Forty-nine...' with 'Thirty-six...' at position [0, 10)
2025-12-19 12:12:30 - INFO - Question mathematics_k-12_doc_01_mathematics_tf_2: Element marked for canvas rendering, data attributes set
2025-12-19 12:12:30 - INFO - Processing question: mathematics_k-12_doc_01_mathematics_tf_3
2025-12-19 12:12:30 - INFO - Question mathematics_k-12_doc_01_mathematics_tf_3: Using pre-validated perturbation
2025-12-19 12:12:30 - INFO - Question mathematics_k-12_doc_01_mathematics_tf_3: Original substring: '1:4...'
2025-12-19 12:12:30 - INFO - Question mathematics_k-12_doc_01_mathematics_tf_3: Replacement substring: '4:1...'
2025-12-19 12:12:30 - INFO - Question mathematics_k-12_doc_01_mathematics_tf_3: Replaced '1:4...' with '4:1...' at position [83, 86)
2025-12-19 12:12:30 - INFO - Question mathematics_k-12_doc_01_mathematics_tf_3: Element marked for canvas rendering, data attributes set
2025-12-19 12:12:30 - INFO - Processing question: mathematics_k-12_doc_01_mathematics_tf_4
2025-12-19 12:12:30 - INFO - Question mathematics_k-12_doc_01_mathematics_tf_4: Using pre-validated perturbation
2025-12-19 12:12:30 - INFO - Question mathematics_k-12_doc_01_mathematics_tf_4: Original substring: '14...'
2025-12-19 12:12:30 - INFO - Question mathematics_k-12_doc_01_mathematics_tf_4: Replacement substring: '15...'
2025-12-19 12:12:30 - INFO - Question mathematics_k-12_doc_01_mathematics_tf_4: Replaced '14...' with '15...' at position [29, 31)
2025-12-19 12:12:30 - INFO - Question mathematics_k-12_doc_01_mathematics_tf_4: Element marked for canvas rendering, data attributes set
2025-12-19 12:12:30 - INFO - Processing question: mathematics_k-12_doc_01_mathematics_tf_5
2025-12-19 12:12:30 - INFO - Question mathematics_k-12_doc_01_mathematics_tf_5: Using pre-validated perturbation
2025-12-19 12:12:30 - INFO - Question mathematics_k-12_doc_01_mathematics_tf_5: Original substring: 'not in the domain...'
2025-12-19 12:12:30 - INFO - Question mathematics_k-12_doc_01_mathematics_tf_5: Replacement substring: 'in the domain...'
2025-12-19 12:12:30 - INFO - Question mathematics_k-12_doc_01_mathematics_tf_5: Replaced 'not in the domain...' with 'in the domain...' at position [34, 51)
2025-12-19 12:12:30 - INFO - Question mathematics_k-12_doc_01_mathematics_tf_5: Element marked for canvas rendering, data attributes set
2025-12-19 12:12:30 - INFO - Processing question: mathematics_k-12_doc_01_mathematics_long_1
2025-12-19 12:12:30 - INFO - Question mathematics_k-12_doc_01_mathematics_long_1: Using pre-validated perturbation
2025-12-19 12:12:30 - INFO - Question mathematics_k-12_doc_01_mathematics_long_1: Original substring: 'factors that can influence the value of the correl...'
2025-12-19 12:12:30 - INFO - Question mathematics_k-12_doc_01_mathematics_long_1: Replacement substring: 'mathematical properties that determine the calcula...'
2025-12-19 12:12:30 - INFO - Question mathematics_k-12_doc_01_mathematics_long_1: Replaced 'factors that can influence the value of the correl...' with 'mathematical properties that determine the calcula...' at position [12, 81)
2025-12-19 12:12:30 - INFO - Question mathematics_k-12_doc_01_mathematics_long_1: Element marked for canvas rendering, data attributes set
2025-12-19 12:12:30 - INFO - Processing question: mathematics_k-12_doc_01_mathematics_long_2
2025-12-19 12:12:30 - INFO - Question mathematics_k-12_doc_01_mathematics_long_2: Using pre-validated perturbation
2025-12-19 12:12:30 - INFO - Question mathematics_k-12_doc_01_mathematics_long_2: Original substring: 'maximum possible value...'
2025-12-19 12:12:30 - INFO - Question mathematics_k-12_doc_01_mathematics_long_2: Replacement substring: 'minimum possible value...'
2025-12-19 12:12:30 - INFO - Question mathematics_k-12_doc_01_mathematics_long_2: Replaced 'maximum possible value...' with 'minimum possible value...' at position [72, 94)
2025-12-19 12:12:30 - INFO - Question mathematics_k-12_doc_01_mathematics_long_2: Element marked for canvas rendering, data attributes set
2025-12-19 12:12:30 - INFO - Injected canvas rendering script (2664 bytes)
2025-12-19 12:12:30 - INFO - Created output directory: out/attacked\Maths\image_canvas
2025-12-19 12:12:30 - INFO - Writing attacked HTML to: out/attacked\Maths\image_canvas\exam.html
2025-12-19 12:12:30 - INFO - Attacked HTML written successfully (15546 bytes)
2025-12-19 12:12:30 - INFO - Copied CSS file to: out/attacked\Maths\image_canvas\styles.css
2025-12-19 12:12:30 - INFO - ================================================================================
2025-12-19 12:12:30 - INFO - Image/Canvas Attack Application Complete
2025-12-19 12:12:30 - INFO - Total questions processed: 12
2025-12-19 12:12:30 - INFO - Questions with attacks applied: 12
2025-12-19 12:12:30 - INFO - Questions skipped: 0
2025-12-19 12:12:30 - INFO - Canvas elements to be created: 12
2025-12-19 12:12:30 - INFO - Script injection: Success (2664 bytes)
2025-12-19 12:12:30 - INFO - Output HTML: out/attacked\Maths\image_canvas\exam.html (15546 bytes)
2025-12-19 12:12:30 - INFO - ================================================================================
