2025-12-18 17:39:19 - INFO - ================================================================================
2025-12-18 17:39:19 - INFO - Starting Image/Canvas Attack Application
2025-12-18 17:39:19 - INFO - Baseline HTML: out/baseline\Science\exam.html
2025-12-18 17:39:19 - INFO - Perturbed JSON: data\exam_content_perturbed.json
2025-12-18 17:39:19 - INFO - Output directory: out/attacked
2025-12-18 17:39:19 - INFO - Subject name: Science
2025-12-18 17:39:19 - INFO - ================================================================================
2025-12-18 17:39:19 - INFO - Loading baseline HTML: out/baseline\Science\exam.html
2025-12-18 17:39:19 - INFO - Baseline HTML loaded (19470 bytes), found 12 question cards
2025-12-18 17:39:19 - INFO - Loading perturbed exam JSON: data\exam_content_perturbed.json
2025-12-18 17:39:19 - INFO - Successfully loaded perturbed exam data (17205 bytes)
2025-12-18 17:39:19 - INFO - Number of sections: 3
2025-12-18 17:39:19 - INFO - Total questions: 12
2025-12-18 17:39:19 - INFO - Questions with perturbations: 12
2025-12-18 17:39:19 - INFO - Processing question: science_k-12_doc_01_science_arc_mcq_1
2025-12-18 17:39:19 - INFO - Question science_k-12_doc_01_science_arc_mcq_1: Using pre-validated perturbation
2025-12-18 17:39:19 - INFO - Question science_k-12_doc_01_science_arc_mcq_1: Original substring: 'property of his two rocks...'
2025-12-18 17:39:19 - INFO - Question science_k-12_doc_01_science_arc_mcq_1: Replacement substring: 'shape of the rocks...'
2025-12-18 17:39:19 - INFO - Question science_k-12_doc_01_science_arc_mcq_1: Replaced 'property of his two rocks...' with 'shape of the rocks...' at position [85, 110)
2025-12-18 17:39:19 - INFO - Question science_k-12_doc_01_science_arc_mcq_1: Element marked for canvas rendering, data attributes set
2025-12-18 17:39:19 - INFO - Processing question: science_k-12_doc_01_science_arc_mcq_2
2025-12-18 17:39:19 - INFO - Question science_k-12_doc_01_science_arc_mcq_2: Using pre-validated perturbation
2025-12-18 17:39:19 - INFO - Question science_k-12_doc_01_science_arc_mcq_2: Original substring: 'human-made product...'
2025-12-18 17:39:19 - INFO - Question science_k-12_doc_01_science_arc_mcq_2: Replacement substring: 'natural product...'
2025-12-18 17:39:19 - INFO - Question science_k-12_doc_01_science_arc_mcq_2: Replaced 'human-made product...' with 'natural product...' at position [25, 43)
2025-12-18 17:39:19 - INFO - Question science_k-12_doc_01_science_arc_mcq_2: Element marked for canvas rendering, data attributes set
2025-12-18 17:39:19 - INFO - Processing question: science_k-12_doc_01_science_arc_mcq_3
2025-12-18 17:39:19 - INFO - Question science_k-12_doc_01_science_arc_mcq_3: Using pre-validated perturbation
2025-12-18 17:39:19 - INFO - Question science_k-12_doc_01_science_arc_mcq_3: Original substring: 'all pure substances...'
2025-12-18 17:39:19 - INFO - Question science_k-12_doc_01_science_arc_mcq_3: Replacement substring: 'pure elements...'
2025-12-18 17:39:19 - INFO - Question science_k-12_doc_01_science_arc_mcq_3: Replaced 'all pure substances...' with 'pure elements...' at position [135, 154)
2025-12-18 17:39:19 - INFO - Question science_k-12_doc_01_science_arc_mcq_3: Element marked for canvas rendering, data attributes set
2025-12-18 17:39:19 - INFO - Processing question: science_k-12_doc_01_science_arc_mcq_4
2025-12-18 17:39:19 - INFO - Question science_k-12_doc_01_science_arc_mcq_4: Using pre-validated perturbation
2025-12-18 17:39:19 - INFO - Question science_k-12_doc_01_science_arc_mcq_4: Original substring: 'the speed of a sound wave...'
2025-12-18 17:39:19 - INFO - Question science_k-12_doc_01_science_arc_mcq_4: Replacement substring: 'the wavelength of a sound wave...'
2025-12-18 17:39:19 - INFO - Question science_k-12_doc_01_science_arc_mcq_4: Replaced 'the speed of a sound wave...' with 'the wavelength of a sound wave...' at position [107, 132)
2025-12-18 17:39:19 - INFO - Question science_k-12_doc_01_science_arc_mcq_4: Element marked for canvas rendering, data attributes set
2025-12-18 17:39:19 - INFO - Processing question: science_k-12_doc_01_science_arc_mcq_5
2025-12-18 17:39:19 - INFO - Question science_k-12_doc_01_science_arc_mcq_5: Using pre-validated perturbation
2025-12-18 17:39:19 - INFO - Question science_k-12_doc_01_science_arc_mcq_5: Original substring: 'If a virus kills most these trees, which individua...'
2025-12-18 17:39:19 - INFO - Question science_k-12_doc_01_science_arc_mcq_5: Replacement substring: 'If a virus darkens their environment, which indivi...'
2025-12-18 17:39:19 - INFO - Question science_k-12_doc_01_science_arc_mcq_5: Replaced 'If a virus kills most these trees, which individua...' with 'If a virus darkens their environment, which indivi...' at position [69, 154)
2025-12-18 17:39:19 - INFO - Question science_k-12_doc_01_science_arc_mcq_5: Element marked for canvas rendering, data attributes set
2025-12-18 17:39:19 - INFO - Processing question: science_k-12_doc_01_science_arc_tf_1
2025-12-18 17:39:19 - INFO - Question science_k-12_doc_01_science_arc_tf_1: Using pre-validated perturbation
2025-12-18 17:39:19 - INFO - Question science_k-12_doc_01_science_arc_tf_1: Original substring: 'convection...'
2025-12-18 17:39:19 - INFO - Question science_k-12_doc_01_science_arc_tf_1: Replacement substring: 'conduction...'
2025-12-18 17:39:19 - INFO - Question science_k-12_doc_01_science_arc_tf_1: Replaced 'convection...' with 'conduction...' at position [41, 51)
2025-12-18 17:39:19 - INFO - Question science_k-12_doc_01_science_arc_tf_1: Element marked for canvas rendering, data attributes set
2025-12-18 17:39:19 - INFO - Processing question: science_k-12_doc_01_science_arc_tf_2
2025-12-18 17:39:19 - INFO - Question science_k-12_doc_01_science_arc_tf_2: Using pre-validated perturbation
2025-12-18 17:39:19 - INFO - Question science_k-12_doc_01_science_arc_tf_2: Original substring: 'by hand...'
2025-12-18 17:39:19 - INFO - Question science_k-12_doc_01_science_arc_tf_2: Replacement substring: 'with tools...'
2025-12-18 17:39:19 - INFO - Question science_k-12_doc_01_science_arc_tf_2: Replaced 'by hand...' with 'with tools...' at position [31, 38)
2025-12-18 17:39:19 - INFO - Question science_k-12_doc_01_science_arc_tf_2: Element marked for canvas rendering, data attributes set
2025-12-18 17:39:19 - INFO - Processing question: science_k-12_doc_01_science_arc_tf_3
2025-12-18 17:39:19 - INFO - Question science_k-12_doc_01_science_arc_tf_3: Using pre-validated perturbation
2025-12-18 17:39:19 - INFO - Question science_k-12_doc_01_science_arc_tf_3: Original substring: 'not a fundamental component...'
2025-12-18 17:39:19 - INFO - Question science_k-12_doc_01_science_arc_tf_3: Replacement substring: 'a fundamental component...'
2025-12-18 17:39:19 - INFO - Question science_k-12_doc_01_science_arc_tf_3: Replaced 'not a fundamental component...' with 'a fundamental component...' at position [12, 39)
2025-12-18 17:39:19 - INFO - Question science_k-12_doc_01_science_arc_tf_3: Element marked for canvas rendering, data attributes set
2025-12-18 17:39:19 - INFO - Processing question: science_k-12_doc_01_science_arc_tf_4
2025-12-18 17:39:19 - INFO - Question science_k-12_doc_01_science_arc_tf_4: Using pre-validated perturbation
2025-12-18 17:39:19 - INFO - Question science_k-12_doc_01_science_arc_tf_4: Original substring: 'forests...'
2025-12-18 17:39:19 - INFO - Question science_k-12_doc_01_science_arc_tf_4: Replacement substring: 'open plains...'
2025-12-18 17:39:19 - INFO - Question science_k-12_doc_01_science_arc_tf_4: Replaced 'forests...' with 'open plains...' at position [29, 36)
2025-12-18 17:39:19 - INFO - Question science_k-12_doc_01_science_arc_tf_4: Element marked for canvas rendering, data attributes set
2025-12-18 17:39:19 - INFO - Processing question: science_k-12_doc_01_science_arc_tf_5
2025-12-18 17:39:19 - INFO - Question science_k-12_doc_01_science_arc_tf_5: Using pre-validated perturbation
2025-12-18 17:39:19 - INFO - Question science_k-12_doc_01_science_arc_tf_5: Original substring: 'remain the same...'
2025-12-18 17:39:19 - INFO - Question science_k-12_doc_01_science_arc_tf_5: Replacement substring: 'change significantly...'
2025-12-18 17:39:19 - INFO - Question science_k-12_doc_01_science_arc_tf_5: Replaced 'remain the same...' with 'change significantly...' at position [37, 52)
2025-12-18 17:39:19 - INFO - Question science_k-12_doc_01_science_arc_tf_5: Element marked for canvas rendering, data attributes set
2025-12-18 17:39:19 - INFO - Processing question: science_k-12_doc_01_science_long_1
2025-12-18 17:39:19 - INFO - Question science_k-12_doc_01_science_long_1: Using pre-validated perturbation
2025-12-18 17:39:19 - INFO - Question science_k-12_doc_01_science_long_1: Original substring: 'deforestation and land burning for agriculture...'
2025-12-18 17:39:19 - INFO - Question science_k-12_doc_01_science_long_1: Replacement substring: 'urbanization and industrial development...'
2025-12-18 17:39:19 - INFO - Question science_k-12_doc_01_science_long_1: Replaced 'deforestation and land burning for agriculture...' with 'urbanization and industrial development...' at position [22, 68)
2025-12-18 17:39:19 - INFO - Question science_k-12_doc_01_science_long_1: Element marked for canvas rendering, data attributes set
2025-12-18 17:39:19 - INFO - Processing question: science_k-12_doc_01_science_long_2
2025-12-18 17:39:19 - INFO - Question science_k-12_doc_01_science_long_2: Using pre-validated perturbation
2025-12-18 17:39:19 - INFO - Question science_k-12_doc_01_science_long_2: Original substring: 'freezing temperature of water...'
2025-12-18 17:39:19 - INFO - Question science_k-12_doc_01_science_long_2: Replacement substring: 'boiling point of water...'
2025-12-18 17:39:19 - INFO - Question science_k-12_doc_01_science_long_2: Replaced 'freezing temperature of water...' with 'boiling point of water...' at position [16, 45)
2025-12-18 17:39:19 - INFO - Question science_k-12_doc_01_science_long_2: Element marked for canvas rendering, data attributes set
2025-12-18 17:39:19 - INFO - Injected canvas rendering script (2664 bytes)
2025-12-18 17:39:19 - INFO - Created output directory: out/attacked\Science\image_canvas
2025-12-18 17:39:19 - INFO - Writing attacked HTML to: out/attacked\Science\image_canvas\exam.html
2025-12-18 17:39:19 - INFO - Attacked HTML written successfully (15968 bytes)
2025-12-18 17:39:19 - INFO - Copied CSS file to: out/attacked\Science\image_canvas\styles.css
2025-12-18 17:39:19 - INFO - ================================================================================
2025-12-18 17:39:19 - INFO - Image/Canvas Attack Application Complete
2025-12-18 17:39:19 - INFO - Total questions processed: 12
2025-12-18 17:39:19 - INFO - Questions with attacks applied: 12
2025-12-18 17:39:19 - INFO - Questions skipped: 0
2025-12-18 17:39:19 - INFO - Canvas elements to be created: 12
2025-12-18 17:39:19 - INFO - Script injection: Success (2664 bytes)
2025-12-18 17:39:19 - INFO - Output HTML: out/attacked\Science\image_canvas\exam.html (15968 bytes)
2025-12-18 17:39:19 - INFO - ================================================================================
