2025-12-19 12:27:38 - INFO - ================================================================================
2025-12-19 12:27:38 - INFO - Starting Image/Canvas Attack Application
2025-12-19 12:27:38 - INFO - Baseline HTML: out/baseline\Science\exam.html
2025-12-19 12:27:38 - INFO - Perturbed JSON: data\exam_content_perturbed.json
2025-12-19 12:27:38 - INFO - Output directory: out/attacked
2025-12-19 12:27:38 - INFO - Subject name: Science
2025-12-19 12:27:38 - INFO - ================================================================================
2025-12-19 12:27:38 - INFO - Loading baseline HTML: out/baseline\Science\exam.html
2025-12-19 12:27:38 - INFO - Baseline HTML loaded (19470 bytes), found 12 question cards
2025-12-19 12:27:38 - INFO - Loading perturbed exam JSON: data\exam_content_perturbed.json
2025-12-19 12:27:38 - INFO - Successfully loaded perturbed exam data (17476 bytes)
2025-12-19 12:27:38 - INFO - Number of sections: 3
2025-12-19 12:27:38 - INFO - Total questions: 12
2025-12-19 12:27:38 - INFO - Questions with perturbations: 12
2025-12-19 12:27:38 - INFO - Processing question: science_k-12_doc_01_science_arc_mcq_1
2025-12-19 12:27:38 - INFO - Question science_k-12_doc_01_science_arc_mcq_1: Using pre-validated perturbation
2025-12-19 12:27:38 - INFO - Question science_k-12_doc_01_science_arc_mcq_1: Original substring: 'same mineral...'
2025-12-19 12:27:38 - INFO - Question science_k-12_doc_01_science_arc_mcq_1: Replacement substring: 'similar size...'
2025-12-19 12:27:38 - INFO - Question science_k-12_doc_01_science_arc_mcq_1: Replaced 'same mineral...' with 'similar size...' at position [60, 72)
2025-12-19 12:27:38 - INFO - Question science_k-12_doc_01_science_arc_mcq_1: Element marked for canvas rendering, data attributes set
2025-12-19 12:27:38 - INFO - Processing question: science_k-12_doc_01_science_arc_mcq_2
2025-12-19 12:27:38 - INFO - Question science_k-12_doc_01_science_arc_mcq_2: Using pre-validated perturbation
2025-12-19 12:27:38 - INFO - Question science_k-12_doc_01_science_arc_mcq_2: Original substring: 'human-made...'
2025-12-19 12:27:38 - INFO - Question science_k-12_doc_01_science_arc_mcq_2: Replacement substring: 'naturally occurring...'
2025-12-19 12:27:38 - INFO - Question science_k-12_doc_01_science_arc_mcq_2: Replaced 'human-made...' with 'naturally occurring...' at position [25, 35)
2025-12-19 12:27:38 - INFO - Question science_k-12_doc_01_science_arc_mcq_2: Element marked for canvas rendering, data attributes set
2025-12-19 12:27:38 - INFO - Processing question: science_k-12_doc_01_science_arc_mcq_3
2025-12-19 12:27:38 - INFO - Question science_k-12_doc_01_science_arc_mcq_3: Using pre-validated perturbation
2025-12-19 12:27:38 - INFO - Question science_k-12_doc_01_science_arc_mcq_3: Original substring: 'Which of the following describes all pure substanc...'
2025-12-19 12:27:38 - INFO - Question science_k-12_doc_01_science_arc_mcq_3: Replacement substring: 'Which of the following cannot be decomposed?...'
2025-12-19 12:27:38 - INFO - Question science_k-12_doc_01_science_arc_mcq_3: Replaced 'Which of the following describes all pure substanc...' with 'Which of the following cannot be decomposed?...' at position [102, 155)
2025-12-19 12:27:38 - INFO - Question science_k-12_doc_01_science_arc_mcq_3: Element marked for canvas rendering, data attributes set
2025-12-19 12:27:38 - INFO - Processing question: science_k-12_doc_01_science_arc_mcq_4
2025-12-19 12:27:38 - INFO - Question science_k-12_doc_01_science_arc_mcq_4: Using pre-validated perturbation
2025-12-19 12:27:38 - INFO - Question science_k-12_doc_01_science_arc_mcq_4: Original substring: 'most affect the speed...'
2025-12-19 12:27:38 - INFO - Question science_k-12_doc_01_science_arc_mcq_4: Replacement substring: 'determine the wavelength...'
2025-12-19 12:27:38 - INFO - Question science_k-12_doc_01_science_arc_mcq_4: Replaced 'most affect the speed...' with 'determine the wavelength...' at position [95, 116)
2025-12-19 12:27:38 - INFO - Question science_k-12_doc_01_science_arc_mcq_4: Element marked for canvas rendering, data attributes set
2025-12-19 12:27:38 - INFO - Processing question: science_k-12_doc_01_science_arc_mcq_5
2025-12-19 12:27:38 - INFO - Question science_k-12_doc_01_science_arc_mcq_5: Using pre-validated perturbation
2025-12-19 12:27:38 - INFO - Question science_k-12_doc_01_science_arc_mcq_5: Original substring: 'If a virus kills most these trees, which individua...'
2025-12-19 12:27:38 - INFO - Question science_k-12_doc_01_science_arc_mcq_5: Replacement substring: 'If a virus darkens the trees' bark, which lizards ...'
2025-12-19 12:27:38 - INFO - Question science_k-12_doc_01_science_arc_mcq_5: Replaced 'If a virus kills most these trees, which individua...' with 'If a virus darkens the trees' bark, which lizards ...' at position [69, 154)
2025-12-19 12:27:38 - INFO - Question science_k-12_doc_01_science_arc_mcq_5: Element marked for canvas rendering, data attributes set
2025-12-19 12:27:38 - INFO - Processing question: science_k-12_doc_01_science_arc_tf_1
2025-12-19 12:27:38 - INFO - Question science_k-12_doc_01_science_arc_tf_1: Using pre-validated perturbation
2025-12-19 12:27:38 - INFO - Question science_k-12_doc_01_science_arc_tf_1: Original substring: 'convection...'
2025-12-19 12:27:38 - INFO - Question science_k-12_doc_01_science_arc_tf_1: Replacement substring: 'conduction...'
2025-12-19 12:27:38 - INFO - Question science_k-12_doc_01_science_arc_tf_1: Replaced 'convection...' with 'conduction...' at position [41, 51)
2025-12-19 12:27:38 - INFO - Question science_k-12_doc_01_science_arc_tf_1: Element marked for canvas rendering, data attributes set
2025-12-19 12:27:38 - INFO - Processing question: science_k-12_doc_01_science_arc_tf_2
2025-12-19 12:27:38 - INFO - Question science_k-12_doc_01_science_arc_tf_2: Using pre-validated perturbation
2025-12-19 12:27:38 - INFO - Question science_k-12_doc_01_science_arc_tf_2: Original substring: 'by hand...'
2025-12-19 12:27:38 - INFO - Question science_k-12_doc_01_science_arc_tf_2: Replacement substring: 'with a broom...'
2025-12-19 12:27:38 - INFO - Question science_k-12_doc_01_science_arc_tf_2: Replaced 'by hand...' with 'with a broom...' at position [31, 38)
2025-12-19 12:27:38 - INFO - Question science_k-12_doc_01_science_arc_tf_2: Element marked for canvas rendering, data attributes set
2025-12-19 12:27:38 - INFO - Processing question: science_k-12_doc_01_science_arc_tf_3
2025-12-19 12:27:38 - INFO - Question science_k-12_doc_01_science_arc_tf_3: Using pre-validated perturbation
2025-12-19 12:27:38 - INFO - Question science_k-12_doc_01_science_arc_tf_3: Original substring: 'not a fundamental...'
2025-12-19 12:27:38 - INFO - Question science_k-12_doc_01_science_arc_tf_3: Replacement substring: 'a fundamental...'
2025-12-19 12:27:38 - INFO - Question science_k-12_doc_01_science_arc_tf_3: Replaced 'not a fundamental...' with 'a fundamental...' at position [12, 29)
2025-12-19 12:27:38 - INFO - Question science_k-12_doc_01_science_arc_tf_3: Element marked for canvas rendering, data attributes set
2025-12-19 12:27:38 - INFO - Processing question: science_k-12_doc_01_science_arc_tf_4
2025-12-19 12:27:38 - INFO - Question science_k-12_doc_01_science_arc_tf_4: Using pre-validated perturbation
2025-12-19 12:27:38 - INFO - Question science_k-12_doc_01_science_arc_tf_4: Original substring: 'in forests...'
2025-12-19 12:27:38 - INFO - Question science_k-12_doc_01_science_arc_tf_4: Replacement substring: 'in open fields...'
2025-12-19 12:27:38 - INFO - Question science_k-12_doc_01_science_arc_tf_4: Replaced 'in forests...' with 'in open fields...' at position [26, 36)
2025-12-19 12:27:38 - INFO - Question science_k-12_doc_01_science_arc_tf_4: Element marked for canvas rendering, data attributes set
2025-12-19 12:27:38 - INFO - Processing question: science_k-12_doc_01_science_arc_tf_5
2025-12-19 12:27:38 - INFO - Question science_k-12_doc_01_science_arc_tf_5: Using pre-validated perturbation
2025-12-19 12:27:38 - INFO - Question science_k-12_doc_01_science_arc_tf_5: Original substring: 'will remain the same...'
2025-12-19 12:27:38 - INFO - Question science_k-12_doc_01_science_arc_tf_5: Replacement substring: 'varies...'
2025-12-19 12:27:38 - INFO - Question science_k-12_doc_01_science_arc_tf_5: Replaced 'will remain the same...' with 'varies...' at position [32, 52)
2025-12-19 12:27:38 - INFO - Question science_k-12_doc_01_science_arc_tf_5: Element marked for canvas rendering, data attributes set
2025-12-19 12:27:38 - INFO - Processing question: science_k-12_doc_01_science_long_1
2025-12-19 12:27:38 - INFO - Question science_k-12_doc_01_science_long_1: Using pre-validated perturbation
2025-12-19 12:27:38 - INFO - Question science_k-12_doc_01_science_long_1: Original substring: 'deforestation and land burning...'
2025-12-19 12:27:38 - INFO - Question science_k-12_doc_01_science_long_1: Replacement substring: 'urbanization...'
2025-12-19 12:27:38 - INFO - Question science_k-12_doc_01_science_long_1: Replaced 'deforestation and land burning...' with 'urbanization...' at position [22, 52)
2025-12-19 12:27:38 - INFO - Question science_k-12_doc_01_science_long_1: Element marked for canvas rendering, data attributes set
2025-12-19 12:27:38 - INFO - Processing question: science_k-12_doc_01_science_long_2
2025-12-19 12:27:38 - INFO - Question science_k-12_doc_01_science_long_2: Using pre-validated perturbation
2025-12-19 12:27:38 - INFO - Question science_k-12_doc_01_science_long_2: Original substring: 'freezing temperature of water...'
2025-12-19 12:27:38 - INFO - Question science_k-12_doc_01_science_long_2: Replacement substring: 'boiling temperature of water...'
2025-12-19 12:27:38 - INFO - Question science_k-12_doc_01_science_long_2: Replaced 'freezing temperature of water...' with 'boiling temperature of water...' at position [16, 45)
2025-12-19 12:27:38 - INFO - Question science_k-12_doc_01_science_long_2: Element marked for canvas rendering, data attributes set
2025-12-19 12:27:38 - INFO - Injected canvas rendering script (2664 bytes)
2025-12-19 12:27:38 - INFO - Created output directory: out/attacked\Science\image_canvas
2025-12-19 12:27:38 - INFO - Writing attacked HTML to: out/attacked\Science\image_canvas\exam.html
2025-12-19 12:27:38 - INFO - Attacked HTML written successfully (15941 bytes)
2025-12-19 12:27:38 - INFO - Copied CSS file to: out/attacked\Science\image_canvas\styles.css
2025-12-19 12:27:38 - INFO - ================================================================================
2025-12-19 12:27:38 - INFO - Image/Canvas Attack Application Complete
2025-12-19 12:27:38 - INFO - Total questions processed: 12
2025-12-19 12:27:38 - INFO - Questions with attacks applied: 12
2025-12-19 12:27:38 - INFO - Questions skipped: 0
2025-12-19 12:27:38 - INFO - Canvas elements to be created: 12
2025-12-19 12:27:38 - INFO - Script injection: Success (2664 bytes)
2025-12-19 12:27:38 - INFO - Output HTML: out/attacked\Science\image_canvas\exam.html (15941 bytes)
2025-12-19 12:27:38 - INFO - ================================================================================
