2025-12-19 18:10:42 - INFO - ================================================================================
2025-12-19 18:10:42 - INFO - Starting Image/Canvas Attack Application
2025-12-19 18:10:42 - INFO - Baseline HTML: out/baseline\Maths\exam.html
2025-12-19 18:10:42 - INFO - Perturbed JSON: data\exam_content_perturbed.json
2025-12-19 18:10:42 - INFO - Output directory: out/attacked
2025-12-19 18:10:42 - INFO - Subject name: Maths
2025-12-19 18:10:42 - INFO - ================================================================================
2025-12-19 18:10:42 - INFO - Loading baseline HTML: out/baseline\Maths\exam.html
2025-12-19 18:10:42 - INFO - Baseline HTML loaded (19086 bytes), found 12 question cards
2025-12-19 18:10:42 - INFO - Loading perturbed exam JSON: data\exam_content_perturbed.json
2025-12-19 18:10:42 - INFO - Successfully loaded perturbed exam data (16743 bytes)
2025-12-19 18:10:42 - INFO - Number of sections: 3
2025-12-19 18:10:42 - INFO - Total questions: 12
2025-12-19 18:10:42 - INFO - Questions with perturbations: 12
2025-12-19 18:10:42 - INFO - Processing question: mathematics_k-12_doc_01_mathematics_mcq_1
2025-12-19 18:10:42 - INFO - Question mathematics_k-12_doc_01_mathematics_mcq_1: Using pre-validated perturbation
2025-12-19 18:10:42 - INFO - Question mathematics_k-12_doc_01_mathematics_mcq_1: Original substring: '20 miles per hour...'
2025-12-19 18:10:42 - INFO - Question mathematics_k-12_doc_01_mathematics_mcq_1: Replacement substring: '15 miles per hour...'
2025-12-19 18:10:42 - INFO - Question mathematics_k-12_doc_01_mathematics_mcq_1: Replaced '20 miles per hour...' with '15 miles per hour...' at position [41, 58)
2025-12-19 18:10:42 - INFO - Question mathematics_k-12_doc_01_mathematics_mcq_1: Element marked for canvas rendering, data attributes set
2025-12-19 18:10:42 - INFO - Processing question: mathematics_k-12_doc_01_mathematics_mcq_2
2025-12-19 18:10:42 - INFO - Question mathematics_k-12_doc_01_mathematics_mcq_2: Using pre-validated perturbation
2025-12-19 18:10:42 - INFO - Question mathematics_k-12_doc_01_mathematics_mcq_2: Original substring: 'rounded to the nearest thousand...'
2025-12-19 18:10:42 - INFO - Question mathematics_k-12_doc_01_mathematics_mcq_2: Replacement substring: 'rounded to the nearest hundred...'
2025-12-19 18:10:42 - INFO - Question mathematics_k-12_doc_01_mathematics_mcq_2: Replaced 'rounded to the nearest thousand...' with 'rounded to the nearest hundred...' at position [105, 136)
2025-12-19 18:10:42 - INFO - Question mathematics_k-12_doc_01_mathematics_mcq_2: Element marked for canvas rendering, data attributes set
2025-12-19 18:10:42 - INFO - Processing question: mathematics_k-12_doc_01_mathematics_mcq_3
2025-12-19 18:10:42 - INFO - Question mathematics_k-12_doc_01_mathematics_mcq_3: Using pre-validated perturbation
2025-12-19 18:10:42 - INFO - Question mathematics_k-12_doc_01_mathematics_mcq_3: Original substring: 'tangent to the curve...'
2025-12-19 18:10:42 - INFO - Question mathematics_k-12_doc_01_mathematics_mcq_3: Replacement substring: 'secant to the curve...'
2025-12-19 18:10:42 - INFO - Question mathematics_k-12_doc_01_mathematics_mcq_3: Replaced 'tangent to the curve...' with 'secant to the curve...' at position [31, 51)
2025-12-19 18:10:42 - INFO - Question mathematics_k-12_doc_01_mathematics_mcq_3: Element marked for canvas rendering, data attributes set
2025-12-19 18:10:42 - INFO - Processing question: mathematics_k-12_doc_01_mathematics_mcq_4
2025-12-19 18:10:42 - INFO - Question mathematics_k-12_doc_01_mathematics_mcq_4: Using pre-validated perturbation
2025-12-19 18:10:42 - INFO - Question mathematics_k-12_doc_01_mathematics_mcq_4: Original substring: 'shortest...'
2025-12-19 18:10:42 - INFO - Question mathematics_k-12_doc_01_mathematics_mcq_4: Replacement substring: 'longest...'
2025-12-19 18:10:42 - INFO - Question mathematics_k-12_doc_01_mathematics_mcq_4: Replaced 'shortest...' with 'longest...' at position [12, 20)
2025-12-19 18:10:42 - INFO - Question mathematics_k-12_doc_01_mathematics_mcq_4: Element marked for canvas rendering, data attributes set
2025-12-19 18:10:42 - INFO - Processing question: mathematics_k-12_doc_01_mathematics_mcq_5
2025-12-19 18:10:42 - INFO - Question mathematics_k-12_doc_01_mathematics_mcq_5: Using pre-validated perturbation
2025-12-19 18:10:42 - INFO - Question mathematics_k-12_doc_01_mathematics_mcq_5: Original substring: 'Keri spent 1 over 2 hour on science...'
2025-12-19 18:10:42 - INFO - Question mathematics_k-12_doc_01_mathematics_mcq_5: Replacement substring: 'Keri spent 1 hour on science...'
2025-12-19 18:10:42 - INFO - Question mathematics_k-12_doc_01_mathematics_mcq_5: Replaced 'Keri spent 1 over 2 hour on science...' with 'Keri spent 1 hour on science...' at position [88, 123)
2025-12-19 18:10:42 - INFO - Question mathematics_k-12_doc_01_mathematics_mcq_5: Element marked for canvas rendering, data attributes set
2025-12-19 18:10:42 - INFO - Processing question: mathematics_k-12_doc_01_mathematics_tf_1
2025-12-19 18:10:42 - INFO - Question mathematics_k-12_doc_01_mathematics_tf_1: Using pre-validated perturbation
2025-12-19 18:10:42 - INFO - Question mathematics_k-12_doc_01_mathematics_tf_1: Original substring: '45...'
2025-12-19 18:10:42 - INFO - Question mathematics_k-12_doc_01_mathematics_tf_1: Replacement substring: '46...'
2025-12-19 18:10:42 - INFO - Question mathematics_k-12_doc_01_mathematics_tf_1: Replaced '45...' with '46...' at position [10, 12)
2025-12-19 18:10:42 - INFO - Question mathematics_k-12_doc_01_mathematics_tf_1: Element marked for canvas rendering, data attributes set
2025-12-19 18:10:42 - INFO - Processing question: mathematics_k-12_doc_01_mathematics_tf_2
2025-12-19 18:10:42 - INFO - Question mathematics_k-12_doc_01_mathematics_tf_2: Using pre-validated perturbation
2025-12-19 18:10:42 - INFO - Question mathematics_k-12_doc_01_mathematics_tf_2: Original substring: 'more than half...'
2025-12-19 18:10:42 - INFO - Question mathematics_k-12_doc_01_mathematics_tf_2: Replacement substring: 'less than half...'
2025-12-19 18:10:42 - INFO - Question mathematics_k-12_doc_01_mathematics_tf_2: Replaced 'more than half...' with 'less than half...' at position [65, 79)
2025-12-19 18:10:42 - INFO - Question mathematics_k-12_doc_01_mathematics_tf_2: Element marked for canvas rendering, data attributes set
2025-12-19 18:10:42 - INFO - Processing question: mathematics_k-12_doc_01_mathematics_tf_3
2025-12-19 18:10:42 - INFO - Question mathematics_k-12_doc_01_mathematics_tf_3: Using pre-validated perturbation
2025-12-19 18:10:42 - INFO - Question mathematics_k-12_doc_01_mathematics_tf_3: Original substring: '1:4...'
2025-12-19 18:10:42 - INFO - Question mathematics_k-12_doc_01_mathematics_tf_3: Replacement substring: '1:1...'
2025-12-19 18:10:42 - INFO - Question mathematics_k-12_doc_01_mathematics_tf_3: Replaced '1:4...' with '1:1...' at position [83, 86)
2025-12-19 18:10:42 - INFO - Question mathematics_k-12_doc_01_mathematics_tf_3: Element marked for canvas rendering, data attributes set
2025-12-19 18:10:42 - INFO - Processing question: mathematics_k-12_doc_01_mathematics_tf_4
2025-12-19 18:10:42 - INFO - Question mathematics_k-12_doc_01_mathematics_tf_4: Using pre-validated perturbation
2025-12-19 18:10:42 - INFO - Question mathematics_k-12_doc_01_mathematics_tf_4: Original substring: '23...'
2025-12-19 18:10:42 - INFO - Question mathematics_k-12_doc_01_mathematics_tf_4: Replacement substring: '30...'
2025-12-19 18:10:42 - INFO - Question mathematics_k-12_doc_01_mathematics_tf_4: Replaced '23...' with '30...' at position [38, 40)
2025-12-19 18:10:42 - INFO - Question mathematics_k-12_doc_01_mathematics_tf_4: Element marked for canvas rendering, data attributes set
2025-12-19 18:10:42 - INFO - Processing question: mathematics_k-12_doc_01_mathematics_tf_5
2025-12-19 18:10:42 - INFO - Question mathematics_k-12_doc_01_mathematics_tf_5: Using pre-validated perturbation
2025-12-19 18:10:42 - INFO - Question mathematics_k-12_doc_01_mathematics_tf_5: Original substring: 'not in the domain...'
2025-12-19 18:10:42 - INFO - Question mathematics_k-12_doc_01_mathematics_tf_5: Replacement substring: 'in the domain...'
2025-12-19 18:10:42 - INFO - Question mathematics_k-12_doc_01_mathematics_tf_5: Replaced 'not in the domain...' with 'in the domain...' at position [34, 51)
2025-12-19 18:10:42 - INFO - Question mathematics_k-12_doc_01_mathematics_tf_5: Element marked for canvas rendering, data attributes set
2025-12-19 18:10:42 - INFO - Processing question: mathematics_k-12_doc_01_mathematics_long_1
2025-12-19 18:10:42 - INFO - Question mathematics_k-12_doc_01_mathematics_long_1: Using pre-validated perturbation
2025-12-19 18:10:42 - INFO - Question mathematics_k-12_doc_01_mathematics_long_1: Original substring: 'factors that can influence...'
2025-12-19 18:10:42 - INFO - Question mathematics_k-12_doc_01_mathematics_long_1: Replacement substring: 'data transformations that could affect...'
2025-12-19 18:10:42 - INFO - Question mathematics_k-12_doc_01_mathematics_long_1: Replaced 'factors that can influence...' with 'data transformations that could affect...' at position [12, 38)
2025-12-19 18:10:42 - INFO - Question mathematics_k-12_doc_01_mathematics_long_1: Element marked for canvas rendering, data attributes set
2025-12-19 18:10:42 - INFO - Processing question: mathematics_k-12_doc_01_mathematics_long_2
2025-12-19 18:10:42 - INFO - Question mathematics_k-12_doc_01_mathematics_long_2: Using pre-validated perturbation
2025-12-19 18:10:42 - INFO - Question mathematics_k-12_doc_01_mathematics_long_2: Original substring: 'maximum...'
2025-12-19 18:10:42 - INFO - Question mathematics_k-12_doc_01_mathematics_long_2: Replacement substring: 'minimum...'
2025-12-19 18:10:42 - INFO - Question mathematics_k-12_doc_01_mathematics_long_2: Replaced 'maximum...' with 'minimum...' at position [72, 79)
2025-12-19 18:10:42 - INFO - Question mathematics_k-12_doc_01_mathematics_long_2: Element marked for canvas rendering, data attributes set
2025-12-19 18:10:42 - INFO - Injected canvas rendering script (3410 bytes)
2025-12-19 18:10:42 - INFO - Created output directory: out/attacked\Maths\image_canvas
2025-12-19 18:10:42 - INFO - Copied CSS file to: out/attacked\Maths\image_canvas\styles.css
2025-12-19 18:10:42 - INFO - Writing enhanced CSS rules to: out/attacked\Maths\image_canvas\styles_enhanced.css
2025-12-19 18:10:42 - INFO - Enhanced CSS file written successfully (197 bytes)
2025-12-19 18:10:42 - INFO - Added enhanced stylesheet link to <head>
2025-12-19 18:10:42 - INFO - Writing attacked HTML to: out/attacked\Maths\image_canvas\exam.html
2025-12-19 18:10:42 - INFO - Attacked HTML written successfully (16346 bytes)
2025-12-19 18:10:42 - INFO - ================================================================================
2025-12-19 18:10:42 - INFO - Image/Canvas Attack Application Complete
2025-12-19 18:10:42 - INFO - Total questions processed: 12
2025-12-19 18:10:42 - INFO - Questions with attacks applied: 12
2025-12-19 18:10:42 - INFO - Questions skipped: 0
2025-12-19 18:10:42 - INFO - Canvas elements to be created: 12
2025-12-19 18:10:42 - INFO - Script injection: Success (3410 bytes)
2025-12-19 18:10:42 - INFO - Output HTML: out/attacked\Maths\image_canvas\exam.html (16346 bytes)
2025-12-19 18:10:42 - INFO - ================================================================================
