2025-12-18 16:57:21 - INFO - ================================================================================
2025-12-18 16:57:21 - INFO - Starting Image/Canvas Attack Application
2025-12-18 16:57:21 - INFO - Baseline HTML: out/baseline\Science\exam.html
2025-12-18 16:57:21 - INFO - Perturbed JSON: data\exam_content_perturbed.json
2025-12-18 16:57:21 - INFO - Output directory: out/attacked
2025-12-18 16:57:21 - INFO - Subject name: Science
2025-12-18 16:57:21 - INFO - ================================================================================
2025-12-18 16:57:21 - INFO - Loading baseline HTML: out/baseline\Science\exam.html
2025-12-18 16:57:21 - INFO - Baseline HTML loaded (19470 bytes), found 12 question cards
2025-12-18 16:57:21 - INFO - Loading perturbed exam JSON: data\exam_content_perturbed.json
2025-12-18 16:57:21 - INFO - Successfully loaded perturbed exam data (17231 bytes)
2025-12-18 16:57:21 - INFO - Number of sections: 3
2025-12-18 16:57:21 - INFO - Total questions: 12
2025-12-18 16:57:21 - INFO - Questions with perturbations: 12
2025-12-18 16:57:21 - INFO - Processing question: science_k-12_doc_01_science_arc_mcq_1
2025-12-18 16:57:21 - INFO - Question science_k-12_doc_01_science_arc_mcq_1: Using pre-validated perturbation
2025-12-18 16:57:21 - INFO - Question science_k-12_doc_01_science_arc_mcq_1: Original substring: 'same mineral...'
2025-12-18 16:57:21 - INFO - Question science_k-12_doc_01_science_arc_mcq_1: Replacement substring: 'same size...'
2025-12-18 16:57:21 - INFO - Question science_k-12_doc_01_science_arc_mcq_1: Replaced 'same mineral...' with 'same size...' at position [60, 72)
2025-12-18 16:57:21 - INFO - Question science_k-12_doc_01_science_arc_mcq_1: Element marked for canvas rendering, data attributes set
2025-12-18 16:57:21 - INFO - Processing question: science_k-12_doc_01_science_arc_mcq_2
2025-12-18 16:57:21 - INFO - Question science_k-12_doc_01_science_arc_mcq_2: Using pre-validated perturbation
2025-12-18 16:57:21 - INFO - Question science_k-12_doc_01_science_arc_mcq_2: Original substring: 'human-made...'
2025-12-18 16:57:21 - INFO - Question science_k-12_doc_01_science_arc_mcq_2: Replacement substring: 'natural...'
2025-12-18 16:57:21 - INFO - Question science_k-12_doc_01_science_arc_mcq_2: Replaced 'human-made...' with 'natural...' at position [25, 35)
2025-12-18 16:57:21 - INFO - Question science_k-12_doc_01_science_arc_mcq_2: Element marked for canvas rendering, data attributes set
2025-12-18 16:57:21 - INFO - Processing question: science_k-12_doc_01_science_arc_mcq_3
2025-12-18 16:57:21 - INFO - Question science_k-12_doc_01_science_arc_mcq_3: Using pre-validated perturbation
2025-12-18 16:57:21 - INFO - Question science_k-12_doc_01_science_arc_mcq_3: Original substring: 'all pure substances...'
2025-12-18 16:57:21 - INFO - Question science_k-12_doc_01_science_arc_mcq_3: Replacement substring: 'pure elements...'
2025-12-18 16:57:21 - INFO - Question science_k-12_doc_01_science_arc_mcq_3: Replaced 'all pure substances...' with 'pure elements...' at position [135, 154)
2025-12-18 16:57:21 - INFO - Question science_k-12_doc_01_science_arc_mcq_3: Element marked for canvas rendering, data attributes set
2025-12-18 16:57:21 - INFO - Processing question: science_k-12_doc_01_science_arc_mcq_4
2025-12-18 16:57:21 - INFO - Question science_k-12_doc_01_science_arc_mcq_4: Using pre-validated perturbation
2025-12-18 16:57:21 - INFO - Question science_k-12_doc_01_science_arc_mcq_4: Original substring: 'factor...'
2025-12-18 16:57:21 - INFO - Question science_k-12_doc_01_science_arc_mcq_4: Replacement substring: 'property...'
2025-12-18 16:57:21 - INFO - Question science_k-12_doc_01_science_arc_mcq_4: Replaced 'factor...' with 'property...' at position [83, 89)
2025-12-18 16:57:21 - INFO - Question science_k-12_doc_01_science_arc_mcq_4: Element marked for canvas rendering, data attributes set
2025-12-18 16:57:21 - INFO - Processing question: science_k-12_doc_01_science_arc_mcq_5
2025-12-18 16:57:21 - INFO - Question science_k-12_doc_01_science_arc_mcq_5: Using pre-validated perturbation
2025-12-18 16:57:21 - INFO - Question science_k-12_doc_01_science_arc_mcq_5: Original substring: 'If a virus kills most these trees...'
2025-12-18 16:57:21 - INFO - Question science_k-12_doc_01_science_arc_mcq_5: Replacement substring: 'If a virus darkens these trees...'
2025-12-18 16:57:21 - INFO - Question science_k-12_doc_01_science_arc_mcq_5: Replaced 'If a virus kills most these trees...' with 'If a virus darkens these trees...' at position [69, 102)
2025-12-18 16:57:21 - INFO - Question science_k-12_doc_01_science_arc_mcq_5: Element marked for canvas rendering, data attributes set
2025-12-18 16:57:21 - INFO - Processing question: science_k-12_doc_01_science_arc_tf_1
2025-12-18 16:57:21 - INFO - Question science_k-12_doc_01_science_arc_tf_1: Using pre-validated perturbation
2025-12-18 16:57:21 - INFO - Question science_k-12_doc_01_science_arc_tf_1: Original substring: 'by convection...'
2025-12-18 16:57:21 - INFO - Question science_k-12_doc_01_science_arc_tf_1: Replacement substring: 'by conduction...'
2025-12-18 16:57:21 - INFO - Question science_k-12_doc_01_science_arc_tf_1: Replaced 'by convection...' with 'by conduction...' at position [38, 51)
2025-12-18 16:57:21 - INFO - Question science_k-12_doc_01_science_arc_tf_1: Element marked for canvas rendering, data attributes set
2025-12-18 16:57:21 - INFO - Processing question: science_k-12_doc_01_science_arc_tf_2
2025-12-18 16:57:21 - INFO - Question science_k-12_doc_01_science_arc_tf_2: Using pre-validated perturbation
2025-12-18 16:57:21 - INFO - Question science_k-12_doc_01_science_arc_tf_2: Original substring: 'by hand...'
2025-12-18 16:57:21 - INFO - Question science_k-12_doc_01_science_arc_tf_2: Replacement substring: 'with a broom...'
2025-12-18 16:57:21 - INFO - Question science_k-12_doc_01_science_arc_tf_2: Replaced 'by hand...' with 'with a broom...' at position [31, 38)
2025-12-18 16:57:21 - INFO - Question science_k-12_doc_01_science_arc_tf_2: Element marked for canvas rendering, data attributes set
2025-12-18 16:57:21 - INFO - Processing question: science_k-12_doc_01_science_arc_tf_3
2025-12-18 16:57:21 - INFO - Question science_k-12_doc_01_science_arc_tf_3: Using pre-validated perturbation
2025-12-18 16:57:21 - INFO - Question science_k-12_doc_01_science_arc_tf_3: Original substring: 'not a fundamental component of an atom...'
2025-12-18 16:57:21 - INFO - Question science_k-12_doc_01_science_arc_tf_3: Replacement substring: 'a fundamental component of an atom...'
2025-12-18 16:57:21 - INFO - Question science_k-12_doc_01_science_arc_tf_3: Replaced 'not a fundamental component of an atom...' with 'a fundamental component of an atom...' at position [12, 50)
2025-12-18 16:57:21 - INFO - Question science_k-12_doc_01_science_arc_tf_3: Element marked for canvas rendering, data attributes set
2025-12-18 16:57:21 - INFO - Processing question: science_k-12_doc_01_science_arc_tf_4
2025-12-18 16:57:21 - INFO - Question science_k-12_doc_01_science_arc_tf_4: Using pre-validated perturbation
2025-12-18 16:57:21 - INFO - Question science_k-12_doc_01_science_arc_tf_4: Original substring: 'forests...'
2025-12-18 16:57:21 - INFO - Question science_k-12_doc_01_science_arc_tf_4: Replacement substring: 'open plains...'
2025-12-18 16:57:21 - INFO - Question science_k-12_doc_01_science_arc_tf_4: Replaced 'forests...' with 'open plains...' at position [29, 36)
2025-12-18 16:57:21 - INFO - Question science_k-12_doc_01_science_arc_tf_4: Element marked for canvas rendering, data attributes set
2025-12-18 16:57:21 - INFO - Processing question: science_k-12_doc_01_science_arc_tf_5
2025-12-18 16:57:21 - INFO - Question science_k-12_doc_01_science_arc_tf_5: Using pre-validated perturbation
2025-12-18 16:57:21 - INFO - Question science_k-12_doc_01_science_arc_tf_5: Original substring: 'remain the same...'
2025-12-18 16:57:21 - INFO - Question science_k-12_doc_01_science_arc_tf_5: Replacement substring: 'decrease...'
2025-12-18 16:57:21 - INFO - Question science_k-12_doc_01_science_arc_tf_5: Replaced 'remain the same...' with 'decrease...' at position [37, 52)
2025-12-18 16:57:21 - INFO - Question science_k-12_doc_01_science_arc_tf_5: Element marked for canvas rendering, data attributes set
2025-12-18 16:57:21 - INFO - Processing question: science_k-12_doc_01_science_long_1
2025-12-18 16:57:21 - INFO - Question science_k-12_doc_01_science_long_1: Using pre-validated perturbation
2025-12-18 16:57:21 - INFO - Question science_k-12_doc_01_science_long_1: Original substring: 'deforestation and land burning for agriculture...'
2025-12-18 16:57:21 - INFO - Question science_k-12_doc_01_science_long_1: Replacement substring: 'industrial emissions and fossil fuel burning...'
2025-12-18 16:57:21 - INFO - Question science_k-12_doc_01_science_long_1: Replaced 'deforestation and land burning for agriculture...' with 'industrial emissions and fossil fuel burning...' at position [22, 68)
2025-12-18 16:57:21 - INFO - Question science_k-12_doc_01_science_long_1: Element marked for canvas rendering, data attributes set
2025-12-18 16:57:21 - INFO - Processing question: science_k-12_doc_01_science_long_2
2025-12-18 16:57:21 - INFO - Question science_k-12_doc_01_science_long_2: Using pre-validated perturbation
2025-12-18 16:57:21 - INFO - Question science_k-12_doc_01_science_long_2: Original substring: 'freezing temperature...'
2025-12-18 16:57:21 - INFO - Question science_k-12_doc_01_science_long_2: Replacement substring: 'boiling temperature...'
2025-12-18 16:57:21 - INFO - Question science_k-12_doc_01_science_long_2: Replaced 'freezing temperature...' with 'boiling temperature...' at position [16, 36)
2025-12-18 16:57:21 - INFO - Question science_k-12_doc_01_science_long_2: Element marked for canvas rendering, data attributes set
2025-12-18 16:57:21 - INFO - Injected canvas rendering script (2664 bytes)
2025-12-18 16:57:21 - INFO - Created output directory: out/attacked\Science\image_canvas
2025-12-18 16:57:21 - INFO - Writing attacked HTML to: out/attacked\Science\image_canvas\exam.html
2025-12-18 16:57:21 - INFO - Attacked HTML written successfully (15964 bytes)
2025-12-18 16:57:21 - INFO - Copied CSS file to: out/attacked\Science\image_canvas\styles.css
2025-12-18 16:57:21 - INFO - ================================================================================
2025-12-18 16:57:21 - INFO - Image/Canvas Attack Application Complete
2025-12-18 16:57:21 - INFO - Total questions processed: 12
2025-12-18 16:57:21 - INFO - Questions with attacks applied: 12
2025-12-18 16:57:21 - INFO - Questions skipped: 0
2025-12-18 16:57:21 - INFO - Canvas elements to be created: 12
2025-12-18 16:57:21 - INFO - Script injection: Success (2664 bytes)
2025-12-18 16:57:21 - INFO - Output HTML: out/attacked\Science\image_canvas\exam.html (15964 bytes)
2025-12-18 16:57:21 - INFO - ================================================================================
