2025-12-19 18:39:35 - INFO - ================================================================================
2025-12-19 18:39:35 - INFO - Starting Image/Canvas Attack Application
2025-12-19 18:39:35 - INFO - Baseline HTML: out/baseline\Maths\exam.html
2025-12-19 18:39:35 - INFO - Perturbed JSON: data\exam_content_perturbed.json
2025-12-19 18:39:35 - INFO - Output directory: out/attacked
2025-12-19 18:39:35 - INFO - Subject name: Maths
2025-12-19 18:39:35 - INFO - ================================================================================
2025-12-19 18:39:35 - INFO - Loading baseline HTML: out/baseline\Maths\exam.html
2025-12-19 18:39:35 - INFO - Baseline HTML loaded (19086 bytes), found 12 question cards
2025-12-19 18:39:35 - INFO - Loading perturbed exam JSON: data\exam_content_perturbed.json
2025-12-19 18:39:35 - INFO - Successfully loaded perturbed exam data (16696 bytes)
2025-12-19 18:39:35 - INFO - Number of sections: 3
2025-12-19 18:39:35 - INFO - Total questions: 12
2025-12-19 18:39:35 - INFO - Questions with perturbations: 12
2025-12-19 18:39:35 - INFO - Processing question: mathematics_k-12_doc_01_mathematics_mcq_1
2025-12-19 18:39:35 - INFO - Question mathematics_k-12_doc_01_mathematics_mcq_1: Using pre-validated perturbation
2025-12-19 18:39:35 - INFO - Question mathematics_k-12_doc_01_mathematics_mcq_1: Original substring: '6 hours...'
2025-12-19 18:39:35 - INFO - Question mathematics_k-12_doc_01_mathematics_mcq_1: Replacement substring: '4 hours...'
2025-12-19 18:39:35 - INFO - Question mathematics_k-12_doc_01_mathematics_mcq_1: Replaced '6 hours...' with '4 hours...' at position [63, 70)
2025-12-19 18:39:35 - INFO - Question mathematics_k-12_doc_01_mathematics_mcq_1: Element marked for canvas rendering, data attributes set
2025-12-19 18:39:35 - INFO - Processing question: mathematics_k-12_doc_01_mathematics_mcq_2
2025-12-19 18:39:35 - INFO - Question mathematics_k-12_doc_01_mathematics_mcq_2: Using pre-validated perturbation
2025-12-19 18:39:35 - INFO - Question mathematics_k-12_doc_01_mathematics_mcq_2: Original substring: 'to the nearest thousand...'
2025-12-19 18:39:35 - INFO - Question mathematics_k-12_doc_01_mathematics_mcq_2: Replacement substring: 'to the nearest hundred...'
2025-12-19 18:39:35 - INFO - Question mathematics_k-12_doc_01_mathematics_mcq_2: Replaced 'to the nearest thousand...' with 'to the nearest hundred...' at position [113, 136)
2025-12-19 18:39:35 - INFO - Question mathematics_k-12_doc_01_mathematics_mcq_2: Element marked for canvas rendering, data attributes set
2025-12-19 18:39:35 - INFO - Processing question: mathematics_k-12_doc_01_mathematics_mcq_3
2025-12-19 18:39:35 - INFO - Question mathematics_k-12_doc_01_mathematics_mcq_3: Using pre-validated perturbation
2025-12-19 18:39:35 - INFO - Question mathematics_k-12_doc_01_mathematics_mcq_3: Original substring: 'at the point where y = 4...'
2025-12-19 18:39:35 - INFO - Question mathematics_k-12_doc_01_mathematics_mcq_3: Replacement substring: 'where the tangent slope is 4...'
2025-12-19 18:39:35 - INFO - Question mathematics_k-12_doc_01_mathematics_mcq_3: Replaced 'at the point where y = 4...' with 'where the tangent slope is 4...' at position [85, 109)
2025-12-19 18:39:35 - INFO - Question mathematics_k-12_doc_01_mathematics_mcq_3: Element marked for canvas rendering, data attributes set
2025-12-19 18:39:35 - INFO - Processing question: mathematics_k-12_doc_01_mathematics_mcq_4
2025-12-19 18:39:35 - INFO - Question mathematics_k-12_doc_01_mathematics_mcq_4: Using pre-validated perturbation
2025-12-19 18:39:35 - INFO - Question mathematics_k-12_doc_01_mathematics_mcq_4: Original substring: 'shortest distance...'
2025-12-19 18:39:35 - INFO - Question mathematics_k-12_doc_01_mathematics_mcq_4: Replacement substring: 'distance from...'
2025-12-19 18:39:35 - INFO - Question mathematics_k-12_doc_01_mathematics_mcq_4: Replaced 'shortest distance...' with 'distance from...' at position [12, 29)
2025-12-19 18:39:35 - INFO - Question mathematics_k-12_doc_01_mathematics_mcq_4: Element marked for canvas rendering, data attributes set
2025-12-19 18:39:35 - INFO - Processing question: mathematics_k-12_doc_01_mathematics_mcq_5
2025-12-19 18:39:35 - INFO - Question mathematics_k-12_doc_01_mathematics_mcq_5: Using pre-validated perturbation
2025-12-19 18:39:35 - INFO - Question mathematics_k-12_doc_01_mathematics_mcq_5: Original substring: '1 over 2 hour on science...'
2025-12-19 18:39:35 - INFO - Question mathematics_k-12_doc_01_mathematics_mcq_5: Replacement substring: '1 hour on science...'
2025-12-19 18:39:35 - INFO - Question mathematics_k-12_doc_01_mathematics_mcq_5: Replaced '1 over 2 hour on science...' with '1 hour on science...' at position [99, 123)
2025-12-19 18:39:35 - INFO - Question mathematics_k-12_doc_01_mathematics_mcq_5: Element marked for canvas rendering, data attributes set
2025-12-19 18:39:35 - INFO - Processing question: mathematics_k-12_doc_01_mathematics_tf_1
2025-12-19 18:39:35 - INFO - Question mathematics_k-12_doc_01_mathematics_tf_1: Using pre-validated perturbation
2025-12-19 18:39:35 - INFO - Question mathematics_k-12_doc_01_mathematics_tf_1: Original substring: '45...'
2025-12-19 18:39:35 - INFO - Question mathematics_k-12_doc_01_mathematics_tf_1: Replacement substring: '44...'
2025-12-19 18:39:35 - INFO - Question mathematics_k-12_doc_01_mathematics_tf_1: Replaced '45...' with '44...' at position [10, 12)
2025-12-19 18:39:35 - INFO - Question mathematics_k-12_doc_01_mathematics_tf_1: Element marked for canvas rendering, data attributes set
2025-12-19 18:39:35 - INFO - Processing question: mathematics_k-12_doc_01_mathematics_tf_2
2025-12-19 18:39:35 - INFO - Question mathematics_k-12_doc_01_mathematics_tf_2: Using pre-validated perturbation
2025-12-19 18:39:35 - INFO - Question mathematics_k-12_doc_01_mathematics_tf_2: Original substring: 'more than half...'
2025-12-19 18:39:35 - INFO - Question mathematics_k-12_doc_01_mathematics_tf_2: Replacement substring: 'less than half...'
2025-12-19 18:39:35 - INFO - Question mathematics_k-12_doc_01_mathematics_tf_2: Replaced 'more than half...' with 'less than half...' at position [65, 79)
2025-12-19 18:39:35 - INFO - Question mathematics_k-12_doc_01_mathematics_tf_2: Element marked for canvas rendering, data attributes set
2025-12-19 18:39:35 - INFO - Processing question: mathematics_k-12_doc_01_mathematics_tf_3
2025-12-19 18:39:35 - INFO - Question mathematics_k-12_doc_01_mathematics_tf_3: Using pre-validated perturbation
2025-12-19 18:39:35 - INFO - Question mathematics_k-12_doc_01_mathematics_tf_3: Original substring: '1:4...'
2025-12-19 18:39:35 - INFO - Question mathematics_k-12_doc_01_mathematics_tf_3: Replacement substring: '1:3...'
2025-12-19 18:39:35 - INFO - Question mathematics_k-12_doc_01_mathematics_tf_3: Replaced '1:4...' with '1:3...' at position [83, 86)
2025-12-19 18:39:35 - INFO - Question mathematics_k-12_doc_01_mathematics_tf_3: Element marked for canvas rendering, data attributes set
2025-12-19 18:39:35 - INFO - Processing question: mathematics_k-12_doc_01_mathematics_tf_4
2025-12-19 18:39:35 - INFO - Question mathematics_k-12_doc_01_mathematics_tf_4: Using pre-validated perturbation
2025-12-19 18:39:35 - INFO - Question mathematics_k-12_doc_01_mathematics_tf_4: Original substring: '23...'
2025-12-19 18:39:35 - INFO - Question mathematics_k-12_doc_01_mathematics_tf_4: Replacement substring: '10...'
2025-12-19 18:39:35 - INFO - Question mathematics_k-12_doc_01_mathematics_tf_4: Replaced '23...' with '10...' at position [38, 40)
2025-12-19 18:39:35 - INFO - Question mathematics_k-12_doc_01_mathematics_tf_4: Element marked for canvas rendering, data attributes set
2025-12-19 18:39:35 - INFO - Processing question: mathematics_k-12_doc_01_mathematics_tf_5
2025-12-19 18:39:35 - INFO - Question mathematics_k-12_doc_01_mathematics_tf_5: Using pre-validated perturbation
2025-12-19 18:39:35 - INFO - Question mathematics_k-12_doc_01_mathematics_tf_5: Original substring: 'not in the domain...'
2025-12-19 18:39:35 - INFO - Question mathematics_k-12_doc_01_mathematics_tf_5: Replacement substring: 'in the domain...'
2025-12-19 18:39:35 - INFO - Question mathematics_k-12_doc_01_mathematics_tf_5: Replaced 'not in the domain...' with 'in the domain...' at position [34, 51)
2025-12-19 18:39:35 - INFO - Question mathematics_k-12_doc_01_mathematics_tf_5: Element marked for canvas rendering, data attributes set
2025-12-19 18:39:35 - INFO - Processing question: mathematics_k-12_doc_01_mathematics_long_1
2025-12-19 18:39:35 - INFO - Question mathematics_k-12_doc_01_mathematics_long_1: Using pre-validated perturbation
2025-12-19 18:39:35 - INFO - Question mathematics_k-12_doc_01_mathematics_long_1: Original substring: 'the value of the correlation coefficient r...'
2025-12-19 18:39:35 - INFO - Question mathematics_k-12_doc_01_mathematics_long_1: Replacement substring: 'the direction of the correlation...'
2025-12-19 18:39:35 - INFO - Question mathematics_k-12_doc_01_mathematics_long_1: Replaced 'the value of the correlation coefficient r...' with 'the direction of the correlation...' at position [39, 81)
2025-12-19 18:39:35 - INFO - Question mathematics_k-12_doc_01_mathematics_long_1: Element marked for canvas rendering, data attributes set
2025-12-19 18:39:35 - INFO - Processing question: mathematics_k-12_doc_01_mathematics_long_2
2025-12-19 18:39:35 - INFO - Question mathematics_k-12_doc_01_mathematics_long_2: Using pre-validated perturbation
2025-12-19 18:39:35 - INFO - Question mathematics_k-12_doc_01_mathematics_long_2: Original substring: 'maximum possible...'
2025-12-19 18:39:35 - INFO - Question mathematics_k-12_doc_01_mathematics_long_2: Replacement substring: 'minimum possible...'
2025-12-19 18:39:35 - INFO - Question mathematics_k-12_doc_01_mathematics_long_2: Replaced 'maximum possible...' with 'minimum possible...' at position [72, 88)
2025-12-19 18:39:35 - INFO - Question mathematics_k-12_doc_01_mathematics_long_2: Element marked for canvas rendering, data attributes set
2025-12-19 18:39:35 - INFO - Injected canvas rendering script (4573 bytes)
2025-12-19 18:39:35 - INFO - Created output directory: out/attacked\Maths\image_canvas
2025-12-19 18:39:35 - INFO - Copied CSS file to: out/attacked\Maths\image_canvas\styles.css
2025-12-19 18:39:35 - INFO - Writing enhanced CSS rules to: out/attacked\Maths\image_canvas\styles_enhanced.css
2025-12-19 18:39:35 - INFO - Enhanced CSS file written successfully (197 bytes)
2025-12-19 18:39:35 - INFO - Added enhanced stylesheet link to <head>
2025-12-19 18:39:35 - INFO - Writing attacked HTML to: out/attacked\Maths\image_canvas\exam.html
2025-12-19 18:39:35 - INFO - Attacked HTML written successfully (17512 bytes)
2025-12-19 18:39:35 - INFO - ================================================================================
2025-12-19 18:39:35 - INFO - Image/Canvas Attack Application Complete
2025-12-19 18:39:35 - INFO - Total questions processed: 12
2025-12-19 18:39:35 - INFO - Questions with attacks applied: 12
2025-12-19 18:39:35 - INFO - Questions skipped: 0
2025-12-19 18:39:35 - INFO - Canvas elements to be created: 12
2025-12-19 18:39:35 - INFO - Script injection: Success (4573 bytes)
2025-12-19 18:39:35 - INFO - Output HTML: out/attacked\Maths\image_canvas\exam.html (17512 bytes)
2025-12-19 18:39:35 - INFO - ================================================================================
