2025-12-20 12:33:32 - INFO - ================================================================================
2025-12-20 12:33:32 - INFO - Starting Image/Canvas Attack Application
2025-12-20 12:33:32 - INFO - Baseline HTML: out/baseline\Science\exam.html
2025-12-20 12:33:32 - INFO - Perturbed JSON: data\exam_content_perturbed.json
2025-12-20 12:33:32 - INFO - Output directory: out/attacked
2025-12-20 12:33:32 - INFO - Subject name: Science
2025-12-20 12:33:32 - INFO - ================================================================================
2025-12-20 12:33:32 - INFO - Loading baseline HTML: out/baseline\Science\exam.html
2025-12-20 12:33:32 - INFO - Baseline HTML loaded (21335 bytes), found 12 question cards
2025-12-20 12:33:32 - INFO - Loading perturbed exam JSON: data\exam_content_perturbed.json
2025-12-20 12:33:32 - INFO - Successfully loaded perturbed exam data (17376 bytes)
2025-12-20 12:33:32 - INFO - Number of sections: 3
2025-12-20 12:33:32 - INFO - Total questions: 12
2025-12-20 12:33:32 - INFO - Questions with perturbations: 12
2025-12-20 12:33:32 - INFO - Processing question: science_k-12_doc_01_science_arc_mcq_1
2025-12-20 12:33:32 - INFO - Question science_k-12_doc_01_science_arc_mcq_1: Using pre-validated perturbation
2025-12-20 12:33:32 - INFO - Question science_k-12_doc_01_science_arc_mcq_1: Original substring: 'same mineral...'
2025-12-20 12:33:32 - INFO - Question science_k-12_doc_01_science_arc_mcq_1: Replacement substring: 'similar shape...'
2025-12-20 12:33:32 - INFO - Question science_k-12_doc_01_science_arc_mcq_1: Replaced 'same mineral...' with 'similar shape...' at position [60, 72)
2025-12-20 12:33:32 - INFO - Question science_k-12_doc_01_science_arc_mcq_1: Element marked for canvas rendering, data attributes set
2025-12-20 12:33:32 - INFO - Processing question: science_k-12_doc_01_science_arc_mcq_2
2025-12-20 12:33:32 - INFO - Question science_k-12_doc_01_science_arc_mcq_2: Using pre-validated perturbation
2025-12-20 12:33:32 - INFO - Question science_k-12_doc_01_science_arc_mcq_2: Original substring: 'human-made...'
2025-12-20 12:33:32 - INFO - Question science_k-12_doc_01_science_arc_mcq_2: Replacement substring: 'naturally occurring...'
2025-12-20 12:33:32 - INFO - Question science_k-12_doc_01_science_arc_mcq_2: Replaced 'human-made...' with 'naturally occurring...' at position [25, 35)
2025-12-20 12:33:32 - INFO - Question science_k-12_doc_01_science_arc_mcq_2: Element marked for canvas rendering, data attributes set
2025-12-20 12:33:32 - INFO - Processing question: science_k-12_doc_01_science_arc_mcq_3
2025-12-20 12:33:32 - INFO - Question science_k-12_doc_01_science_arc_mcq_3: Using pre-validated perturbation
2025-12-20 12:33:32 - INFO - Question science_k-12_doc_01_science_arc_mcq_3: Original substring: 'all examples of pure substances...'
2025-12-20 12:33:32 - INFO - Question science_k-12_doc_01_science_arc_mcq_3: Replacement substring: 'examples of elements...'
2025-12-20 12:33:32 - INFO - Question science_k-12_doc_01_science_arc_mcq_3: Replaced 'all examples of pure substances...' with 'examples of elements...' at position [69, 100)
2025-12-20 12:33:32 - INFO - Question science_k-12_doc_01_science_arc_mcq_3: Element marked for canvas rendering, data attributes set
2025-12-20 12:33:32 - INFO - Processing question: science_k-12_doc_01_science_arc_mcq_4
2025-12-20 12:33:32 - INFO - Question science_k-12_doc_01_science_arc_mcq_4: Using pre-validated perturbation
2025-12-20 12:33:32 - INFO - Question science_k-12_doc_01_science_arc_mcq_4: Original substring: 'factor will most affect the speed...'
2025-12-20 12:33:32 - INFO - Question science_k-12_doc_01_science_arc_mcq_4: Replacement substring: 'property will determine the frequency...'
2025-12-20 12:33:32 - INFO - Question science_k-12_doc_01_science_arc_mcq_4: Replaced 'factor will most affect the speed...' with 'property will determine the frequency...' at position [83, 116)
2025-12-20 12:33:32 - INFO - Question science_k-12_doc_01_science_arc_mcq_4: Element marked for canvas rendering, data attributes set
2025-12-20 12:33:32 - INFO - Processing question: science_k-12_doc_01_science_arc_mcq_5
2025-12-20 12:33:32 - INFO - Question science_k-12_doc_01_science_arc_mcq_5: Using pre-validated perturbation
2025-12-20 12:33:32 - INFO - Question science_k-12_doc_01_science_arc_mcq_5: Original substring: 'mostly eats fruit from one particular type of tree...'
2025-12-20 12:33:32 - INFO - Question science_k-12_doc_01_science_arc_mcq_5: Replacement substring: 'have darker colored skin for camouflage...'
2025-12-20 12:33:32 - INFO - Question science_k-12_doc_01_science_arc_mcq_5: Replaced 'mostly eats fruit from one particular type of tree...' with 'have darker colored skin for camouflage...' at position [17, 67)
2025-12-20 12:33:32 - INFO - Question science_k-12_doc_01_science_arc_mcq_5: Element marked for canvas rendering, data attributes set
2025-12-20 12:33:32 - INFO - Processing question: science_k-12_doc_01_science_arc_tf_1
2025-12-20 12:33:32 - INFO - Question science_k-12_doc_01_science_arc_tf_1: Using pre-validated perturbation
2025-12-20 12:33:32 - INFO - Question science_k-12_doc_01_science_arc_tf_1: Original substring: 'convection...'
2025-12-20 12:33:32 - INFO - Question science_k-12_doc_01_science_arc_tf_1: Replacement substring: 'conduction...'
2025-12-20 12:33:32 - INFO - Question science_k-12_doc_01_science_arc_tf_1: Replaced 'convection...' with 'conduction...' at position [41, 51)
2025-12-20 12:33:32 - INFO - Question science_k-12_doc_01_science_arc_tf_1: Element marked for canvas rendering, data attributes set
2025-12-20 12:33:32 - INFO - Processing question: science_k-12_doc_01_science_arc_tf_2
2025-12-20 12:33:32 - INFO - Question science_k-12_doc_01_science_arc_tf_2: Using pre-validated perturbation
2025-12-20 12:33:32 - INFO - Question science_k-12_doc_01_science_arc_tf_2: Original substring: 'best...'
2025-12-20 12:33:32 - INFO - Question science_k-12_doc_01_science_arc_tf_2: Replacement substring: 'worst...'
2025-12-20 12:33:32 - INFO - Question science_k-12_doc_01_science_arc_tf_2: Replaced 'best...' with 'worst...' at position [46, 50)
2025-12-20 12:33:32 - INFO - Question science_k-12_doc_01_science_arc_tf_2: Element marked for canvas rendering, data attributes set
2025-12-20 12:33:32 - INFO - Processing question: science_k-12_doc_01_science_arc_tf_3
2025-12-20 12:33:32 - INFO - Question science_k-12_doc_01_science_arc_tf_3: Using pre-validated perturbation
2025-12-20 12:33:32 - INFO - Question science_k-12_doc_01_science_arc_tf_3: Original substring: 'not a fundamental component...'
2025-12-20 12:33:32 - INFO - Question science_k-12_doc_01_science_arc_tf_3: Replacement substring: 'a fundamental component...'
2025-12-20 12:33:32 - INFO - Question science_k-12_doc_01_science_arc_tf_3: Replaced 'not a fundamental component...' with 'a fundamental component...' at position [12, 39)
2025-12-20 12:33:32 - INFO - Question science_k-12_doc_01_science_arc_tf_3: Element marked for canvas rendering, data attributes set
2025-12-20 12:33:32 - INFO - Processing question: science_k-12_doc_01_science_arc_tf_4
2025-12-20 12:33:32 - INFO - Question science_k-12_doc_01_science_arc_tf_4: Using pre-validated perturbation
2025-12-20 12:33:32 - INFO - Question science_k-12_doc_01_science_arc_tf_4: Original substring: 'in forests...'
2025-12-20 12:33:32 - INFO - Question science_k-12_doc_01_science_arc_tf_4: Replacement substring: 'on plains...'
2025-12-20 12:33:32 - INFO - Question science_k-12_doc_01_science_arc_tf_4: Replaced 'in forests...' with 'on plains...' at position [26, 36)
2025-12-20 12:33:32 - INFO - Question science_k-12_doc_01_science_arc_tf_4: Element marked for canvas rendering, data attributes set
2025-12-20 12:33:32 - INFO - Processing question: science_k-12_doc_01_science_arc_tf_5
2025-12-20 12:33:32 - INFO - Question science_k-12_doc_01_science_arc_tf_5: Using pre-validated perturbation
2025-12-20 12:33:32 - INFO - Question science_k-12_doc_01_science_arc_tf_5: Original substring: 'will remain the same...'
2025-12-20 12:33:32 - INFO - Question science_k-12_doc_01_science_arc_tf_5: Replacement substring: 'decreases...'
2025-12-20 12:33:32 - INFO - Question science_k-12_doc_01_science_arc_tf_5: Replaced 'will remain the same...' with 'decreases...' at position [32, 52)
2025-12-20 12:33:32 - INFO - Question science_k-12_doc_01_science_arc_tf_5: Element marked for canvas rendering, data attributes set
2025-12-20 12:33:32 - INFO - Processing question: science_k-12_doc_01_science_long_1
2025-12-20 12:33:32 - INFO - Question science_k-12_doc_01_science_long_1: Using pre-validated perturbation
2025-12-20 12:33:32 - INFO - Question science_k-12_doc_01_science_long_1: Original substring: 'deforestation and land burning for agriculture...'
2025-12-20 12:33:32 - INFO - Question science_k-12_doc_01_science_long_1: Replacement substring: 'urbanization and industrial expansion...'
2025-12-20 12:33:32 - INFO - Question science_k-12_doc_01_science_long_1: Replaced 'deforestation and land burning for agriculture...' with 'urbanization and industrial expansion...' at position [22, 68)
2025-12-20 12:33:32 - INFO - Question science_k-12_doc_01_science_long_1: Element marked for canvas rendering, data attributes set
2025-12-20 12:33:32 - INFO - Processing question: science_k-12_doc_01_science_long_2
2025-12-20 12:33:32 - INFO - Question science_k-12_doc_01_science_long_2: Using pre-validated perturbation
2025-12-20 12:33:32 - INFO - Question science_k-12_doc_01_science_long_2: Original substring: 'freezing temperature...'
2025-12-20 12:33:32 - INFO - Question science_k-12_doc_01_science_long_2: Replacement substring: 'boiling temperature...'
2025-12-20 12:33:32 - INFO - Question science_k-12_doc_01_science_long_2: Replaced 'freezing temperature...' with 'boiling temperature...' at position [16, 36)
2025-12-20 12:33:32 - INFO - Question science_k-12_doc_01_science_long_2: Element marked for canvas rendering, data attributes set
2025-12-20 12:33:32 - INFO - Injected canvas rendering script (11281 bytes)
2025-12-20 12:33:32 - INFO - Created output directory: out/attacked\Science\image_canvas
2025-12-20 12:33:32 - INFO - Copied CSS file to: out/attacked\Science\image_canvas\styles.css
2025-12-20 12:33:32 - INFO - Writing enhanced CSS rules to: out/attacked\Science\image_canvas\styles_enhanced.css
2025-12-20 12:33:32 - INFO - Enhanced CSS file written successfully (197 bytes)
2025-12-20 12:33:32 - INFO - Added enhanced stylesheet link to <head>
2025-12-20 12:33:32 - INFO - Writing attacked HTML to: out/attacked\Science\image_canvas\exam.html
2025-12-20 12:33:32 - INFO - Attacked HTML written successfully (26694 bytes)
2025-12-20 12:33:32 - INFO - ================================================================================
2025-12-20 12:33:32 - INFO - Image/Canvas Attack Application Complete
2025-12-20 12:33:32 - INFO - Total questions processed: 12
2025-12-20 12:33:32 - INFO - Questions with attacks applied: 12
2025-12-20 12:33:32 - INFO - Questions skipped: 0
2025-12-20 12:33:32 - INFO - Canvas elements to be created: 12
2025-12-20 12:33:32 - INFO - Script injection: Success (11281 bytes)
2025-12-20 12:33:32 - INFO - Output HTML: out/attacked\Science\image_canvas\exam.html (26694 bytes)
2025-12-20 12:33:32 - INFO - ================================================================================
