2025-12-20 19:55:17 - INFO - ================================================================================
2025-12-20 19:55:17 - INFO - Starting Image/Canvas Attack Application
2025-12-20 19:55:17 - INFO - Baseline HTML: out/baseline\Maths\exam.html
2025-12-20 19:55:17 - INFO - Perturbed JSON: data\exam_content_perturbed.json
2025-12-20 19:55:17 - INFO - Output directory: out/attacked
2025-12-20 19:55:17 - INFO - Subject name: Maths
2025-12-20 19:55:17 - INFO - ================================================================================
2025-12-20 19:55:17 - INFO - Loading baseline HTML: out/baseline\Maths\exam.html
2025-12-20 19:55:17 - INFO - Baseline HTML loaded (32697 bytes), found 12 question cards
2025-12-20 19:55:17 - INFO - Loading perturbed exam JSON: data\exam_content_perturbed.json
2025-12-20 19:55:17 - INFO - Successfully loaded perturbed exam data (16861 bytes)
2025-12-20 19:55:17 - INFO - Number of sections: 3
2025-12-20 19:55:17 - INFO - Total questions: 12
2025-12-20 19:55:17 - INFO - Questions with perturbations: 12
2025-12-20 19:55:17 - INFO - Processing question: mathematics_k-12_doc_01_mathematics_mcq_1
2025-12-20 19:55:17 - INFO - Question mathematics_k-12_doc_01_mathematics_mcq_1: Using pre-validated perturbation
2025-12-20 19:55:17 - INFO - Question mathematics_k-12_doc_01_mathematics_mcq_1: Original substring: '20 miles per hour...'
2025-12-20 19:55:17 - INFO - Question mathematics_k-12_doc_01_mathematics_mcq_1: Replacement substring: '15 miles per hour...'
2025-12-20 19:55:17 - INFO - Question mathematics_k-12_doc_01_mathematics_mcq_1: Replaced '20 miles per hour...' with '15 miles per hour...' at position [41, 58)
2025-12-20 19:55:17 - INFO - Question mathematics_k-12_doc_01_mathematics_mcq_1: Element marked for canvas rendering, data attributes set
2025-12-20 19:55:17 - INFO - Processing question: mathematics_k-12_doc_01_mathematics_mcq_2
2025-12-20 19:55:17 - INFO - Question mathematics_k-12_doc_01_mathematics_mcq_2: Using pre-validated perturbation
2025-12-20 19:55:17 - INFO - Question mathematics_k-12_doc_01_mathematics_mcq_2: Original substring: 'nearest thousand...'
2025-12-20 19:55:17 - INFO - Question mathematics_k-12_doc_01_mathematics_mcq_2: Replacement substring: 'nearest hundred...'
2025-12-20 19:55:17 - INFO - Question mathematics_k-12_doc_01_mathematics_mcq_2: Replaced 'nearest thousand...' with 'nearest hundred...' at position [120, 136)
2025-12-20 19:55:17 - INFO - Question mathematics_k-12_doc_01_mathematics_mcq_2: Element marked for canvas rendering, data attributes set
2025-12-20 19:55:17 - INFO - Processing question: mathematics_k-12_doc_01_mathematics_mcq_3
2025-12-20 19:55:17 - INFO - Question mathematics_k-12_doc_01_mathematics_mcq_3: Using pre-validated perturbation
2025-12-20 19:55:17 - INFO - Question mathematics_k-12_doc_01_mathematics_mcq_3: Original substring: 'F(t) = (t^2 + 1, 2^t)...'
2025-12-20 19:55:17 - INFO - Question mathematics_k-12_doc_01_mathematics_mcq_3: Replacement substring: 'F(t) = (t^2 + 1, 4^t)...'
2025-12-20 19:55:17 - INFO - Question mathematics_k-12_doc_01_mathematics_mcq_3: Replaced 'F(t) = (t^2 + 1, 2^t)...' with 'F(t) = (t^2 + 1, 4^t)...' at position [63, 84)
2025-12-20 19:55:17 - INFO - Question mathematics_k-12_doc_01_mathematics_mcq_3: Element marked for canvas rendering, data attributes set
2025-12-20 19:55:17 - INFO - Processing question: mathematics_k-12_doc_01_mathematics_mcq_4
2025-12-20 19:55:17 - INFO - Question mathematics_k-12_doc_01_mathematics_mcq_4: Using pre-validated perturbation
2025-12-20 19:55:17 - INFO - Question mathematics_k-12_doc_01_mathematics_mcq_4: Original substring: 'shortest...'
2025-12-20 19:55:17 - INFO - Question mathematics_k-12_doc_01_mathematics_mcq_4: Replacement substring: 'longest...'
2025-12-20 19:55:17 - INFO - Question mathematics_k-12_doc_01_mathematics_mcq_4: Replaced 'shortest...' with 'longest...' at position [12, 20)
2025-12-20 19:55:17 - INFO - Question mathematics_k-12_doc_01_mathematics_mcq_4: Element marked for canvas rendering, data attributes set
2025-12-20 19:55:17 - INFO - Processing question: mathematics_k-12_doc_01_mathematics_mcq_5
2025-12-20 19:55:17 - INFO - Question mathematics_k-12_doc_01_mathematics_mcq_5: Using pre-validated perturbation
2025-12-20 19:55:17 - INFO - Question mathematics_k-12_doc_01_mathematics_mcq_5: Original substring: '3 hours...'
2025-12-20 19:55:17 - INFO - Question mathematics_k-12_doc_01_mathematics_mcq_5: Replacement substring: '1 hour...'
2025-12-20 19:55:17 - INFO - Question mathematics_k-12_doc_01_mathematics_mcq_5: Replaced '3 hours...' with '1 hour...' at position [11, 18)
2025-12-20 19:55:17 - INFO - Question mathematics_k-12_doc_01_mathematics_mcq_5: Element marked for canvas rendering, data attributes set
2025-12-20 19:55:17 - INFO - Processing question: mathematics_k-12_doc_01_mathematics_tf_1
2025-12-20 19:55:17 - INFO - Question mathematics_k-12_doc_01_mathematics_tf_1: Using pre-validated perturbation
2025-12-20 19:55:17 - INFO - Question mathematics_k-12_doc_01_mathematics_tf_1: Original substring: '45...'
2025-12-20 19:55:17 - INFO - Question mathematics_k-12_doc_01_mathematics_tf_1: Replacement substring: '50...'
2025-12-20 19:55:17 - INFO - Question mathematics_k-12_doc_01_mathematics_tf_1: Replaced '45...' with '50...' at position [10, 12)
2025-12-20 19:55:17 - INFO - Question mathematics_k-12_doc_01_mathematics_tf_1: Element marked for canvas rendering, data attributes set
2025-12-20 19:55:17 - INFO - Processing question: mathematics_k-12_doc_01_mathematics_tf_2
2025-12-20 19:55:17 - INFO - Question mathematics_k-12_doc_01_mathematics_tf_2: Using pre-validated perturbation
2025-12-20 19:55:17 - INFO - Question mathematics_k-12_doc_01_mathematics_tf_2: Original substring: 'Forty-nine...'
2025-12-20 19:55:17 - INFO - Question mathematics_k-12_doc_01_mathematics_tf_2: Replacement substring: 'Thirty-five...'
2025-12-20 19:55:17 - INFO - Question mathematics_k-12_doc_01_mathematics_tf_2: Replaced 'Forty-nine...' with 'Thirty-five...' at position [0, 10)
2025-12-20 19:55:17 - INFO - Question mathematics_k-12_doc_01_mathematics_tf_2: Element marked for canvas rendering, data attributes set
2025-12-20 19:55:17 - INFO - Processing question: mathematics_k-12_doc_01_mathematics_tf_3
2025-12-20 19:55:17 - INFO - Question mathematics_k-12_doc_01_mathematics_tf_3: Using pre-validated perturbation
2025-12-20 19:55:17 - INFO - Question mathematics_k-12_doc_01_mathematics_tf_3: Original substring: '1:4...'
2025-12-20 19:55:17 - INFO - Question mathematics_k-12_doc_01_mathematics_tf_3: Replacement substring: '2:4...'
2025-12-20 19:55:17 - INFO - Question mathematics_k-12_doc_01_mathematics_tf_3: Replaced '1:4...' with '2:4...' at position [83, 86)
2025-12-20 19:55:17 - INFO - Question mathematics_k-12_doc_01_mathematics_tf_3: Element marked for canvas rendering, data attributes set
2025-12-20 19:55:17 - INFO - Processing question: mathematics_k-12_doc_01_mathematics_tf_4
2025-12-20 19:55:17 - INFO - Question mathematics_k-12_doc_01_mathematics_tf_4: Using pre-validated perturbation
2025-12-20 19:55:17 - INFO - Question mathematics_k-12_doc_01_mathematics_tf_4: Original substring: '23...'
2025-12-20 19:55:17 - INFO - Question mathematics_k-12_doc_01_mathematics_tf_4: Replacement substring: '24...'
2025-12-20 19:55:17 - INFO - Question mathematics_k-12_doc_01_mathematics_tf_4: Replaced '23...' with '24...' at position [38, 40)
2025-12-20 19:55:17 - INFO - Question mathematics_k-12_doc_01_mathematics_tf_4: Element marked for canvas rendering, data attributes set
2025-12-20 19:55:17 - INFO - Processing question: mathematics_k-12_doc_01_mathematics_tf_5
2025-12-20 19:55:17 - INFO - Question mathematics_k-12_doc_01_mathematics_tf_5: Using pre-validated perturbation
2025-12-20 19:55:17 - INFO - Question mathematics_k-12_doc_01_mathematics_tf_5: Original substring: 'not in the domain...'
2025-12-20 19:55:17 - INFO - Question mathematics_k-12_doc_01_mathematics_tf_5: Replacement substring: 'in the domain...'
2025-12-20 19:55:17 - INFO - Question mathematics_k-12_doc_01_mathematics_tf_5: Replaced 'not in the domain...' with 'in the domain...' at position [34, 51)
2025-12-20 19:55:17 - INFO - Question mathematics_k-12_doc_01_mathematics_tf_5: Element marked for canvas rendering, data attributes set
2025-12-20 19:55:17 - INFO - Processing question: mathematics_k-12_doc_01_mathematics_long_1
2025-12-20 19:55:17 - INFO - Question mathematics_k-12_doc_01_mathematics_long_1: Using pre-validated perturbation
2025-12-20 19:55:17 - INFO - Question mathematics_k-12_doc_01_mathematics_long_1: Original substring: 'factors that can influence...'
2025-12-20 19:55:17 - INFO - Question mathematics_k-12_doc_01_mathematics_long_1: Replacement substring: 'conditions that determine...'
2025-12-20 19:55:17 - INFO - Question mathematics_k-12_doc_01_mathematics_long_1: Replaced 'factors that can influence...' with 'conditions that determine...' at position [12, 38)
2025-12-20 19:55:17 - INFO - Question mathematics_k-12_doc_01_mathematics_long_1: Element marked for canvas rendering, data attributes set
2025-12-20 19:55:17 - INFO - Processing question: mathematics_k-12_doc_01_mathematics_long_2
2025-12-20 19:55:17 - INFO - Question mathematics_k-12_doc_01_mathematics_long_2: Using pre-validated perturbation
2025-12-20 19:55:17 - INFO - Question mathematics_k-12_doc_01_mathematics_long_2: Original substring: 'maximum possible value of the quotient...'
2025-12-20 19:55:17 - INFO - Question mathematics_k-12_doc_01_mathematics_long_2: Replacement substring: 'minimum possible value of the quotient...'
2025-12-20 19:55:17 - INFO - Question mathematics_k-12_doc_01_mathematics_long_2: Replaced 'maximum possible value of the quotient...' with 'minimum possible value of the quotient...' at position [72, 110)
2025-12-20 19:55:17 - INFO - Question mathematics_k-12_doc_01_mathematics_long_2: Element marked for canvas rendering, data attributes set
2025-12-20 19:55:17 - INFO - Injected canvas rendering script (11281 bytes)
2025-12-20 19:55:17 - INFO - Created output directory: out/attacked\Maths\image_canvas
2025-12-20 19:55:17 - INFO - Copied CSS file to: out/attacked\Maths\image_canvas\styles.css
2025-12-20 19:55:17 - INFO - Writing enhanced CSS rules to: out/attacked\Maths\image_canvas\styles_enhanced.css
2025-12-20 19:55:17 - INFO - Enhanced CSS file written successfully (197 bytes)
2025-12-20 19:55:17 - INFO - Added enhanced stylesheet link to <head>
2025-12-20 19:55:17 - INFO - Writing attacked HTML to: out/attacked\Maths\image_canvas\exam.html
2025-12-20 19:55:17 - INFO - Attacked HTML written successfully (37310 bytes)
2025-12-20 19:55:17 - INFO - ================================================================================
2025-12-20 19:55:17 - INFO - Image/Canvas Attack Application Complete
2025-12-20 19:55:17 - INFO - Total questions processed: 12
2025-12-20 19:55:17 - INFO - Questions with attacks applied: 12
2025-12-20 19:55:17 - INFO - Questions skipped: 0
2025-12-20 19:55:17 - INFO - Canvas elements to be created: 12
2025-12-20 19:55:17 - INFO - Script injection: Success (11281 bytes)
2025-12-20 19:55:17 - INFO - Output HTML: out/attacked\Maths\image_canvas\exam.html (37310 bytes)
2025-12-20 19:55:17 - INFO - ================================================================================
