2025-12-18 12:25:20 - INFO - ================================================================================
2025-12-18 12:25:20 - INFO - Starting Image/Canvas Attack Application
2025-12-18 12:25:20 - INFO - Baseline HTML: out/baseline\Science\exam.html
2025-12-18 12:25:20 - INFO - Perturbed JSON: data\exam_content_perturbed.json
2025-12-18 12:25:20 - INFO - Output directory: out/attacked
2025-12-18 12:25:20 - INFO - Subject name: Science
2025-12-18 12:25:20 - INFO - ================================================================================
2025-12-18 12:25:20 - INFO - Loading baseline HTML: out/baseline\Science\exam.html
2025-12-18 12:25:20 - INFO - Baseline HTML loaded (19470 bytes), found 12 question cards
2025-12-18 12:25:20 - INFO - Loading perturbed exam JSON: data\exam_content_perturbed.json
2025-12-18 12:25:20 - INFO - Successfully loaded perturbed exam data (10303 bytes)
2025-12-18 12:25:20 - INFO - Number of sections: 3
2025-12-18 12:25:20 - INFO - Total questions: 12
2025-12-18 12:25:20 - INFO - Questions with perturbations: 3
2025-12-18 12:25:20 - INFO - Processing question: science_k-12_doc_01_science_arc_mcq_1
2025-12-18 12:25:20 - WARNING - Question science_k-12_doc_01_science_arc_mcq_1: No validated perturbations found in perturbed data, skipping
2025-12-18 12:25:20 - INFO - Processing question: science_k-12_doc_01_science_arc_mcq_2
2025-12-18 12:25:20 - WARNING - Question science_k-12_doc_01_science_arc_mcq_2: No validated perturbations found in perturbed data, skipping
2025-12-18 12:25:20 - INFO - Processing question: science_k-12_doc_01_science_arc_mcq_3
2025-12-18 12:25:20 - INFO - Question science_k-12_doc_01_science_arc_mcq_3: Using pre-validated perturbation
2025-12-18 12:25:20 - INFO - Question science_k-12_doc_01_science_arc_mcq_3: Original substring: 'Sulfur (S),...'
2025-12-18 12:25:20 - INFO - Question science_k-12_doc_01_science_arc_mcq_3: Replacement substring: 'Neon (Ne),...'
2025-12-18 12:25:20 - INFO - Question science_k-12_doc_01_science_arc_mcq_3: Replaced 'Sulfur (S),...' with 'Neon (Ne),...' at position [0, 11)
2025-12-18 12:25:20 - INFO - Question science_k-12_doc_01_science_arc_mcq_3: Element marked for canvas rendering, data attributes set
2025-12-18 12:25:20 - INFO - Processing question: science_k-12_doc_01_science_arc_mcq_4
2025-12-18 12:25:20 - WARNING - Question science_k-12_doc_01_science_arc_mcq_4: No validated perturbations found in perturbed data, skipping
2025-12-18 12:25:20 - INFO - Processing question: science_k-12_doc_01_science_arc_mcq_5
2025-12-18 12:25:20 - WARNING - Question science_k-12_doc_01_science_arc_mcq_5: No validated perturbations found in perturbed data, skipping
2025-12-18 12:25:20 - INFO - Processing question: science_k-12_doc_01_science_arc_tf_1
2025-12-18 12:25:20 - WARNING - Question science_k-12_doc_01_science_arc_tf_1: No validated perturbations found in perturbed data, skipping
2025-12-18 12:25:20 - INFO - Processing question: science_k-12_doc_01_science_arc_tf_2
2025-12-18 12:25:20 - INFO - Question science_k-12_doc_01_science_arc_tf_2: Using pre-validated perturbation
2025-12-18 12:25:20 - INFO - Question science_k-12_doc_01_science_arc_tf_2: Original substring: 'by hand...'
2025-12-18 12:25:20 - INFO - Question science_k-12_doc_01_science_arc_tf_2: Replacement substring: 'with a tool...'
2025-12-18 12:25:20 - INFO - Question science_k-12_doc_01_science_arc_tf_2: Replaced 'by hand...' with 'with a tool...' at position [31, 38)
2025-12-18 12:25:20 - INFO - Question science_k-12_doc_01_science_arc_tf_2: Element marked for canvas rendering, data attributes set
2025-12-18 12:25:20 - INFO - Processing question: science_k-12_doc_01_science_arc_tf_3
2025-12-18 12:25:20 - INFO - Question science_k-12_doc_01_science_arc_tf_3: Using pre-validated perturbation
2025-12-18 12:25:20 - INFO - Question science_k-12_doc_01_science_arc_tf_3: Original substring: 'A proton is not...'
2025-12-18 12:25:20 - INFO - Question science_k-12_doc_01_science_arc_tf_3: Replacement substring: 'Electrons are...'
2025-12-18 12:25:20 - INFO - Question science_k-12_doc_01_science_arc_tf_3: Replaced 'A proton is not...' with 'Electrons are...' at position [0, 15)
2025-12-18 12:25:20 - INFO - Question science_k-12_doc_01_science_arc_tf_3: Element marked for canvas rendering, data attributes set
2025-12-18 12:25:20 - INFO - Processing question: science_k-12_doc_01_science_arc_tf_4
2025-12-18 12:25:20 - WARNING - Question science_k-12_doc_01_science_arc_tf_4: No validated perturbations found in perturbed data, skipping
2025-12-18 12:25:20 - INFO - Processing question: science_k-12_doc_01_science_arc_tf_5
2025-12-18 12:25:20 - WARNING - Question science_k-12_doc_01_science_arc_tf_5: No validated perturbations found in perturbed data, skipping
2025-12-18 12:25:20 - INFO - Processing question: science_k-12_doc_01_science_long_1
2025-12-18 12:25:20 - WARNING - Question science_k-12_doc_01_science_long_1: No validated perturbations found in perturbed data, skipping
2025-12-18 12:25:20 - INFO - Processing question: science_k-12_doc_01_science_long_2
2025-12-18 12:25:20 - WARNING - Question science_k-12_doc_01_science_long_2: No validated perturbations found in perturbed data, skipping
2025-12-18 12:25:20 - INFO - Injected canvas rendering script (2664 bytes)
2025-12-18 12:25:20 - INFO - Created output directory: out/attacked\Science\image_canvas
2025-12-18 12:25:20 - INFO - Writing attacked HTML to: out/attacked\Science\image_canvas\exam.html
2025-12-18 12:25:20 - INFO - Attacked HTML written successfully (14546 bytes)
2025-12-18 12:25:20 - INFO - Copied CSS file to: out/attacked\Science\image_canvas\styles.css
2025-12-18 12:25:20 - INFO - ================================================================================
2025-12-18 12:25:20 - INFO - Image/Canvas Attack Application Complete
2025-12-18 12:25:20 - INFO - Total questions processed: 12
2025-12-18 12:25:20 - INFO - Questions with attacks applied: 3
2025-12-18 12:25:20 - INFO - Questions skipped: 9
2025-12-18 12:25:20 - INFO - Canvas elements to be created: 3
2025-12-18 12:25:20 - INFO - Script injection: Success (2664 bytes)
2025-12-18 12:25:20 - INFO - Output HTML: out/attacked\Science\image_canvas\exam.html (14546 bytes)
2025-12-18 12:25:20 - INFO - ================================================================================
