2025-12-19 12:32:23 - INFO - ================================================================================
2025-12-19 12:32:23 - INFO - Starting Image/Canvas Attack Application
2025-12-19 12:32:23 - INFO - Baseline HTML: out/baseline\Maths\exam.html
2025-12-19 12:32:23 - INFO - Perturbed JSON: data\exam_content_perturbed.json
2025-12-19 12:32:23 - INFO - Output directory: out/attacked
2025-12-19 12:32:23 - INFO - Subject name: Maths
2025-12-19 12:32:23 - INFO - ================================================================================
2025-12-19 12:32:23 - INFO - Loading baseline HTML: out/baseline\Maths\exam.html
2025-12-19 12:32:23 - INFO - Baseline HTML loaded (19086 bytes), found 12 question cards
2025-12-19 12:32:23 - INFO - Loading perturbed exam JSON: data\exam_content_perturbed.json
2025-12-19 12:32:23 - INFO - Successfully loaded perturbed exam data (16577 bytes)
2025-12-19 12:32:23 - INFO - Number of sections: 3
2025-12-19 12:32:23 - INFO - Total questions: 12
2025-12-19 12:32:23 - INFO - Questions with perturbations: 12
2025-12-19 12:32:23 - INFO - Processing question: mathematics_k-12_doc_01_mathematics_mcq_1
2025-12-19 12:32:23 - INFO - Question mathematics_k-12_doc_01_mathematics_mcq_1: Using pre-validated perturbation
2025-12-19 12:32:23 - INFO - Question mathematics_k-12_doc_01_mathematics_mcq_1: Original substring: '20 miles per hour for 6 hours...'
2025-12-19 12:32:23 - INFO - Question mathematics_k-12_doc_01_mathematics_mcq_1: Replacement substring: '20 miles per hour for 4 hours...'
2025-12-19 12:32:23 - INFO - Question mathematics_k-12_doc_01_mathematics_mcq_1: Replaced '20 miles per hour for 6 hours...' with '20 miles per hour for 4 hours...' at position [41, 70)
2025-12-19 12:32:23 - INFO - Question mathematics_k-12_doc_01_mathematics_mcq_1: Element marked for canvas rendering, data attributes set
2025-12-19 12:32:23 - INFO - Processing question: mathematics_k-12_doc_01_mathematics_mcq_2
2025-12-19 12:32:23 - INFO - Question mathematics_k-12_doc_01_mathematics_mcq_2: Using pre-validated perturbation
2025-12-19 12:32:23 - INFO - Question mathematics_k-12_doc_01_mathematics_mcq_2: Original substring: 'rounded to the nearest thousand...'
2025-12-19 12:32:23 - INFO - Question mathematics_k-12_doc_01_mathematics_mcq_2: Replacement substring: 'rounded to the nearest hundred...'
2025-12-19 12:32:23 - INFO - Question mathematics_k-12_doc_01_mathematics_mcq_2: Replaced 'rounded to the nearest thousand...' with 'rounded to the nearest hundred...' at position [105, 136)
2025-12-19 12:32:23 - INFO - Question mathematics_k-12_doc_01_mathematics_mcq_2: Element marked for canvas rendering, data attributes set
2025-12-19 12:32:23 - INFO - Processing question: mathematics_k-12_doc_01_mathematics_mcq_3
2025-12-19 12:32:23 - INFO - Question mathematics_k-12_doc_01_mathematics_mcq_3: Using pre-validated perturbation
2025-12-19 12:32:23 - INFO - Question mathematics_k-12_doc_01_mathematics_mcq_3: Original substring: 'where y = 4...'
2025-12-19 12:32:23 - INFO - Question mathematics_k-12_doc_01_mathematics_mcq_3: Replacement substring: 'where x = 2...'
2025-12-19 12:32:23 - INFO - Question mathematics_k-12_doc_01_mathematics_mcq_3: Replaced 'where y = 4...' with 'where x = 2...' at position [98, 109)
2025-12-19 12:32:23 - INFO - Question mathematics_k-12_doc_01_mathematics_mcq_3: Element marked for canvas rendering, data attributes set
2025-12-19 12:32:23 - INFO - Processing question: mathematics_k-12_doc_01_mathematics_mcq_4
2025-12-19 12:32:23 - INFO - Question mathematics_k-12_doc_01_mathematics_mcq_4: Using pre-validated perturbation
2025-12-19 12:32:23 - INFO - Question mathematics_k-12_doc_01_mathematics_mcq_4: Original substring: 'shortest...'
2025-12-19 12:32:23 - INFO - Question mathematics_k-12_doc_01_mathematics_mcq_4: Replacement substring: 'longest...'
2025-12-19 12:32:23 - INFO - Question mathematics_k-12_doc_01_mathematics_mcq_4: Replaced 'shortest...' with 'longest...' at position [12, 20)
2025-12-19 12:32:23 - INFO - Question mathematics_k-12_doc_01_mathematics_mcq_4: Element marked for canvas rendering, data attributes set
2025-12-19 12:32:23 - INFO - Processing question: mathematics_k-12_doc_01_mathematics_mcq_5
2025-12-19 12:32:23 - INFO - Question mathematics_k-12_doc_01_mathematics_mcq_5: Using pre-validated perturbation
2025-12-19 12:32:23 - INFO - Question mathematics_k-12_doc_01_mathematics_mcq_5: Original substring: '3 hours...'
2025-12-19 12:32:23 - INFO - Question mathematics_k-12_doc_01_mathematics_mcq_5: Replacement substring: '1 hour...'
2025-12-19 12:32:23 - INFO - Question mathematics_k-12_doc_01_mathematics_mcq_5: Replaced '3 hours...' with '1 hour...' at position [11, 18)
2025-12-19 12:32:23 - INFO - Question mathematics_k-12_doc_01_mathematics_mcq_5: Element marked for canvas rendering, data attributes set
2025-12-19 12:32:23 - INFO - Processing question: mathematics_k-12_doc_01_mathematics_tf_1
2025-12-19 12:32:23 - INFO - Question mathematics_k-12_doc_01_mathematics_tf_1: Using pre-validated perturbation
2025-12-19 12:32:23 - INFO - Question mathematics_k-12_doc_01_mathematics_tf_1: Original substring: '45...'
2025-12-19 12:32:23 - INFO - Question mathematics_k-12_doc_01_mathematics_tf_1: Replacement substring: '44...'
2025-12-19 12:32:23 - INFO - Question mathematics_k-12_doc_01_mathematics_tf_1: Replaced '45...' with '44...' at position [10, 12)
2025-12-19 12:32:23 - INFO - Question mathematics_k-12_doc_01_mathematics_tf_1: Element marked for canvas rendering, data attributes set
2025-12-19 12:32:23 - INFO - Processing question: mathematics_k-12_doc_01_mathematics_tf_2
2025-12-19 12:32:23 - INFO - Question mathematics_k-12_doc_01_mathematics_tf_2: Using pre-validated perturbation
2025-12-19 12:32:23 - INFO - Question mathematics_k-12_doc_01_mathematics_tf_2: Original substring: 'Forty-nine...'
2025-12-19 12:32:23 - INFO - Question mathematics_k-12_doc_01_mathematics_tf_2: Replacement substring: 'Thirty-seven...'
2025-12-19 12:32:23 - INFO - Question mathematics_k-12_doc_01_mathematics_tf_2: Replaced 'Forty-nine...' with 'Thirty-seven...' at position [0, 10)
2025-12-19 12:32:23 - INFO - Question mathematics_k-12_doc_01_mathematics_tf_2: Element marked for canvas rendering, data attributes set
2025-12-19 12:32:23 - INFO - Processing question: mathematics_k-12_doc_01_mathematics_tf_3
2025-12-19 12:32:23 - INFO - Question mathematics_k-12_doc_01_mathematics_tf_3: Using pre-validated perturbation
2025-12-19 12:32:23 - INFO - Question mathematics_k-12_doc_01_mathematics_tf_3: Original substring: '1:4...'
2025-12-19 12:32:23 - INFO - Question mathematics_k-12_doc_01_mathematics_tf_3: Replacement substring: '1:3...'
2025-12-19 12:32:23 - INFO - Question mathematics_k-12_doc_01_mathematics_tf_3: Replaced '1:4...' with '1:3...' at position [83, 86)
2025-12-19 12:32:23 - INFO - Question mathematics_k-12_doc_01_mathematics_tf_3: Element marked for canvas rendering, data attributes set
2025-12-19 12:32:23 - INFO - Processing question: mathematics_k-12_doc_01_mathematics_tf_4
2025-12-19 12:32:23 - INFO - Question mathematics_k-12_doc_01_mathematics_tf_4: Using pre-validated perturbation
2025-12-19 12:32:23 - INFO - Question mathematics_k-12_doc_01_mathematics_tf_4: Original substring: '23...'
2025-12-19 12:32:23 - INFO - Question mathematics_k-12_doc_01_mathematics_tf_4: Replacement substring: '19...'
2025-12-19 12:32:23 - INFO - Question mathematics_k-12_doc_01_mathematics_tf_4: Replaced '23...' with '19...' at position [38, 40)
2025-12-19 12:32:23 - INFO - Question mathematics_k-12_doc_01_mathematics_tf_4: Element marked for canvas rendering, data attributes set
2025-12-19 12:32:23 - INFO - Processing question: mathematics_k-12_doc_01_mathematics_tf_5
2025-12-19 12:32:23 - INFO - Question mathematics_k-12_doc_01_mathematics_tf_5: Using pre-validated perturbation
2025-12-19 12:32:23 - INFO - Question mathematics_k-12_doc_01_mathematics_tf_5: Original substring: 'not in the domain...'
2025-12-19 12:32:23 - INFO - Question mathematics_k-12_doc_01_mathematics_tf_5: Replacement substring: 'in the range...'
2025-12-19 12:32:23 - INFO - Question mathematics_k-12_doc_01_mathematics_tf_5: Replaced 'not in the domain...' with 'in the range...' at position [34, 51)
2025-12-19 12:32:23 - INFO - Question mathematics_k-12_doc_01_mathematics_tf_5: Element marked for canvas rendering, data attributes set
2025-12-19 12:32:23 - INFO - Processing question: mathematics_k-12_doc_01_mathematics_long_1
2025-12-19 12:32:23 - INFO - Question mathematics_k-12_doc_01_mathematics_long_1: Using pre-validated perturbation
2025-12-19 12:32:23 - INFO - Question mathematics_k-12_doc_01_mathematics_long_1: Original substring: 'can influence the value...'
2025-12-19 12:32:23 - INFO - Question mathematics_k-12_doc_01_mathematics_long_1: Replacement substring: 'can distort the perception...'
2025-12-19 12:32:23 - INFO - Question mathematics_k-12_doc_01_mathematics_long_1: Replaced 'can influence the value...' with 'can distort the perception...' at position [25, 48)
2025-12-19 12:32:23 - INFO - Question mathematics_k-12_doc_01_mathematics_long_1: Element marked for canvas rendering, data attributes set
2025-12-19 12:32:23 - INFO - Processing question: mathematics_k-12_doc_01_mathematics_long_2
2025-12-19 12:32:23 - INFO - Question mathematics_k-12_doc_01_mathematics_long_2: Using pre-validated perturbation
2025-12-19 12:32:23 - INFO - Question mathematics_k-12_doc_01_mathematics_long_2: Original substring: '\frac{x}{y}...'
2025-12-19 12:32:23 - INFO - Question mathematics_k-12_doc_01_mathematics_long_2: Replacement substring: '\frac{y}{x}...'
2025-12-19 12:32:23 - INFO - Question mathematics_k-12_doc_01_mathematics_long_2: Replaced '\frac{x}{y}...' with '\frac{y}{x}...' at position [112, 123)
2025-12-19 12:32:23 - INFO - Question mathematics_k-12_doc_01_mathematics_long_2: Element marked for canvas rendering, data attributes set
2025-12-19 12:32:23 - INFO - Injected canvas rendering script (2664 bytes)
2025-12-19 12:32:23 - INFO - Created output directory: out/attacked\Maths\image_canvas
2025-12-19 12:32:23 - INFO - Writing attacked HTML to: out/attacked\Maths\image_canvas\exam.html
2025-12-19 12:32:23 - INFO - Attacked HTML written successfully (15533 bytes)
2025-12-19 12:32:23 - INFO - Copied CSS file to: out/attacked\Maths\image_canvas\styles.css
2025-12-19 12:32:23 - INFO - ================================================================================
2025-12-19 12:32:23 - INFO - Image/Canvas Attack Application Complete
2025-12-19 12:32:23 - INFO - Total questions processed: 12
2025-12-19 12:32:23 - INFO - Questions with attacks applied: 12
2025-12-19 12:32:23 - INFO - Questions skipped: 0
2025-12-19 12:32:23 - INFO - Canvas elements to be created: 12
2025-12-19 12:32:23 - INFO - Script injection: Success (2664 bytes)
2025-12-19 12:32:23 - INFO - Output HTML: out/attacked\Maths\image_canvas\exam.html (15533 bytes)
2025-12-19 12:32:23 - INFO - ================================================================================
