2025-12-20 01:44:08 - INFO - ================================================================================
2025-12-20 01:44:08 - INFO - Starting Image/Canvas Attack Application
2025-12-20 01:44:08 - INFO - Baseline HTML: out/baseline\Science\exam.html
2025-12-20 01:44:08 - INFO - Perturbed JSON: data\exam_content_perturbed.json
2025-12-20 01:44:08 - INFO - Output directory: out/attacked
2025-12-20 01:44:08 - INFO - Subject name: Science
2025-12-20 01:44:08 - INFO - ================================================================================
2025-12-20 01:44:08 - INFO - Loading baseline HTML: out/baseline\Science\exam.html
2025-12-20 01:44:08 - INFO - Baseline HTML loaded (19470 bytes), found 12 question cards
2025-12-20 01:44:08 - INFO - Loading perturbed exam JSON: data\exam_content_perturbed.json
2025-12-20 01:44:08 - INFO - Successfully loaded perturbed exam data (16581 bytes)
2025-12-20 01:44:08 - INFO - Number of sections: 3
2025-12-20 01:44:08 - INFO - Total questions: 12
2025-12-20 01:44:08 - INFO - Questions with perturbations: 11
2025-12-20 01:44:08 - INFO - Processing question: science_k-12_doc_01_science_arc_mcq_1
2025-12-20 01:44:08 - INFO - Question science_k-12_doc_01_science_arc_mcq_1: Using pre-validated perturbation
2025-12-20 01:44:08 - INFO - Question science_k-12_doc_01_science_arc_mcq_1: Original substring: 'mineral...'
2025-12-20 01:44:08 - INFO - Question science_k-12_doc_01_science_arc_mcq_1: Replacement substring: 'size...'
2025-12-20 01:44:08 - INFO - Question science_k-12_doc_01_science_arc_mcq_1: Replaced 'mineral...' with 'size...' at position [65, 72)
2025-12-20 01:44:08 - INFO - Question science_k-12_doc_01_science_arc_mcq_1: Element marked for canvas rendering, data attributes set
2025-12-20 01:44:08 - INFO - Processing question: science_k-12_doc_01_science_arc_mcq_2
2025-12-20 01:44:08 - INFO - Question science_k-12_doc_01_science_arc_mcq_2: Using pre-validated perturbation
2025-12-20 01:44:08 - INFO - Question science_k-12_doc_01_science_arc_mcq_2: Original substring: 'human-made product...'
2025-12-20 01:44:08 - INFO - Question science_k-12_doc_01_science_arc_mcq_2: Replacement substring: 'natural product...'
2025-12-20 01:44:08 - INFO - Question science_k-12_doc_01_science_arc_mcq_2: Replaced 'human-made product...' with 'natural product...' at position [25, 43)
2025-12-20 01:44:08 - INFO - Question science_k-12_doc_01_science_arc_mcq_2: Element marked for canvas rendering, data attributes set
2025-12-20 01:44:08 - INFO - Processing question: science_k-12_doc_01_science_arc_mcq_3
2025-12-20 01:44:08 - INFO - Question science_k-12_doc_01_science_arc_mcq_3: Using pre-validated perturbation
2025-12-20 01:44:08 - INFO - Question science_k-12_doc_01_science_arc_mcq_3: Original substring: 'Which of the following describes all pure substanc...'
2025-12-20 01:44:08 - INFO - Question science_k-12_doc_01_science_arc_mcq_3: Replacement substring: 'What describes a pure element?...'
2025-12-20 01:44:08 - INFO - Question science_k-12_doc_01_science_arc_mcq_3: Replaced 'Which of the following describes all pure substanc...' with 'What describes a pure element?...' at position [102, 155)
2025-12-20 01:44:08 - INFO - Question science_k-12_doc_01_science_arc_mcq_3: Element marked for canvas rendering, data attributes set
2025-12-20 01:44:08 - INFO - Processing question: science_k-12_doc_01_science_arc_mcq_4
2025-12-20 01:44:08 - WARNING - Question science_k-12_doc_01_science_arc_mcq_4: No validated perturbations found in perturbed data, skipping
2025-12-20 01:44:08 - INFO - Processing question: science_k-12_doc_01_science_arc_mcq_5
2025-12-20 01:44:08 - INFO - Question science_k-12_doc_01_science_arc_mcq_5: Using pre-validated perturbation
2025-12-20 01:44:08 - INFO - Question science_k-12_doc_01_science_arc_mcq_5: Original substring: 'If a virus kills most these trees, which individua...'
2025-12-20 01:44:08 - INFO - Question science_k-12_doc_01_science_arc_mcq_5: Replacement substring: 'If a virus darkens the habitat, which individual l...'
2025-12-20 01:44:08 - INFO - Question science_k-12_doc_01_science_arc_mcq_5: Replaced 'If a virus kills most these trees, which individua...' with 'If a virus darkens the habitat, which individual l...' at position [69, 154)
2025-12-20 01:44:08 - INFO - Question science_k-12_doc_01_science_arc_mcq_5: Element marked for canvas rendering, data attributes set
2025-12-20 01:44:08 - INFO - Processing question: science_k-12_doc_01_science_arc_tf_1
2025-12-20 01:44:08 - INFO - Question science_k-12_doc_01_science_arc_tf_1: Using pre-validated perturbation
2025-12-20 01:44:08 - INFO - Question science_k-12_doc_01_science_arc_tf_1: Original substring: 'convection...'
2025-12-20 01:44:08 - INFO - Question science_k-12_doc_01_science_arc_tf_1: Replacement substring: 'conduction...'
2025-12-20 01:44:08 - INFO - Question science_k-12_doc_01_science_arc_tf_1: Replaced 'convection...' with 'conduction...' at position [41, 51)
2025-12-20 01:44:08 - INFO - Question science_k-12_doc_01_science_arc_tf_1: Element marked for canvas rendering, data attributes set
2025-12-20 01:44:08 - INFO - Processing question: science_k-12_doc_01_science_arc_tf_2
2025-12-20 01:44:08 - INFO - Question science_k-12_doc_01_science_arc_tf_2: Using pre-validated perturbation
2025-12-20 01:44:08 - INFO - Question science_k-12_doc_01_science_arc_tf_2: Original substring: 'by hand...'
2025-12-20 01:44:08 - INFO - Question science_k-12_doc_01_science_arc_tf_2: Replacement substring: 'with tools...'
2025-12-20 01:44:08 - INFO - Question science_k-12_doc_01_science_arc_tf_2: Replaced 'by hand...' with 'with tools...' at position [31, 38)
2025-12-20 01:44:08 - INFO - Question science_k-12_doc_01_science_arc_tf_2: Element marked for canvas rendering, data attributes set
2025-12-20 01:44:08 - INFO - Processing question: science_k-12_doc_01_science_arc_tf_3
2025-12-20 01:44:08 - INFO - Question science_k-12_doc_01_science_arc_tf_3: Using pre-validated perturbation
2025-12-20 01:44:08 - INFO - Question science_k-12_doc_01_science_arc_tf_3: Original substring: 'not a fundamental component...'
2025-12-20 01:44:08 - INFO - Question science_k-12_doc_01_science_arc_tf_3: Replacement substring: 'a fundamental component...'
2025-12-20 01:44:08 - INFO - Question science_k-12_doc_01_science_arc_tf_3: Replaced 'not a fundamental component...' with 'a fundamental component...' at position [12, 39)
2025-12-20 01:44:08 - INFO - Question science_k-12_doc_01_science_arc_tf_3: Element marked for canvas rendering, data attributes set
2025-12-20 01:44:08 - INFO - Processing question: science_k-12_doc_01_science_arc_tf_4
2025-12-20 01:44:08 - INFO - Question science_k-12_doc_01_science_arc_tf_4: Using pre-validated perturbation
2025-12-20 01:44:08 - INFO - Question science_k-12_doc_01_science_arc_tf_4: Original substring: 'in forests...'
2025-12-20 01:44:08 - INFO - Question science_k-12_doc_01_science_arc_tf_4: Replacement substring: 'on plains...'
2025-12-20 01:44:08 - INFO - Question science_k-12_doc_01_science_arc_tf_4: Replaced 'in forests...' with 'on plains...' at position [26, 36)
2025-12-20 01:44:08 - INFO - Question science_k-12_doc_01_science_arc_tf_4: Element marked for canvas rendering, data attributes set
2025-12-20 01:44:08 - INFO - Processing question: science_k-12_doc_01_science_arc_tf_5
2025-12-20 01:44:08 - INFO - Question science_k-12_doc_01_science_arc_tf_5: Using pre-validated perturbation
2025-12-20 01:44:08 - INFO - Question science_k-12_doc_01_science_arc_tf_5: Original substring: 'remain the same...'
2025-12-20 01:44:08 - INFO - Question science_k-12_doc_01_science_arc_tf_5: Replacement substring: 'decrease...'
2025-12-20 01:44:08 - INFO - Question science_k-12_doc_01_science_arc_tf_5: Replaced 'remain the same...' with 'decrease...' at position [37, 52)
2025-12-20 01:44:08 - INFO - Question science_k-12_doc_01_science_arc_tf_5: Element marked for canvas rendering, data attributes set
2025-12-20 01:44:08 - INFO - Processing question: science_k-12_doc_01_science_long_1
2025-12-20 01:44:08 - INFO - Question science_k-12_doc_01_science_long_1: Using pre-validated perturbation
2025-12-20 01:44:08 - INFO - Question science_k-12_doc_01_science_long_1: Original substring: 'deforestation and land burning for agriculture...'
2025-12-20 01:44:08 - INFO - Question science_k-12_doc_01_science_long_1: Replacement substring: 'urbanization and industrialization...'
2025-12-20 01:44:08 - INFO - Question science_k-12_doc_01_science_long_1: Replaced 'deforestation and land burning for agriculture...' with 'urbanization and industrialization...' at position [22, 68)
2025-12-20 01:44:08 - INFO - Question science_k-12_doc_01_science_long_1: Element marked for canvas rendering, data attributes set
2025-12-20 01:44:08 - INFO - Processing question: science_k-12_doc_01_science_long_2
2025-12-20 01:44:08 - INFO - Question science_k-12_doc_01_science_long_2: Using pre-validated perturbation
2025-12-20 01:44:08 - INFO - Question science_k-12_doc_01_science_long_2: Original substring: 'freezing temperature of water...'
2025-12-20 01:44:08 - INFO - Question science_k-12_doc_01_science_long_2: Replacement substring: 'boiling temperature of water...'
2025-12-20 01:44:08 - INFO - Question science_k-12_doc_01_science_long_2: Replaced 'freezing temperature of water...' with 'boiling temperature of water...' at position [16, 45)
2025-12-20 01:44:08 - INFO - Question science_k-12_doc_01_science_long_2: Element marked for canvas rendering, data attributes set
2025-12-20 01:44:08 - INFO - Injected canvas rendering script (9679 bytes)
2025-12-20 01:44:08 - INFO - Created output directory: out/attacked\Science\image_canvas
2025-12-20 01:44:08 - INFO - Copied CSS file to: out/attacked\Science\image_canvas\styles.css
2025-12-20 01:44:08 - INFO - Writing enhanced CSS rules to: out/attacked\Science\image_canvas\styles_enhanced.css
2025-12-20 01:44:08 - INFO - Enhanced CSS file written successfully (197 bytes)
2025-12-20 01:44:08 - INFO - Added enhanced stylesheet link to <head>
2025-12-20 01:44:08 - INFO - Writing attacked HTML to: out/attacked\Science\image_canvas\exam.html
2025-12-20 01:44:08 - INFO - Attacked HTML written successfully (23074 bytes)
2025-12-20 01:44:08 - INFO - ================================================================================
2025-12-20 01:44:08 - INFO - Image/Canvas Attack Application Complete
2025-12-20 01:44:08 - INFO - Total questions processed: 12
2025-12-20 01:44:08 - INFO - Questions with attacks applied: 11
2025-12-20 01:44:08 - INFO - Questions skipped: 1
2025-12-20 01:44:08 - INFO - Canvas elements to be created: 11
2025-12-20 01:44:08 - INFO - Script injection: Success (9679 bytes)
2025-12-20 01:44:08 - INFO - Output HTML: out/attacked\Science\image_canvas\exam.html (23074 bytes)
2025-12-20 01:44:08 - INFO - ================================================================================
