2025-12-17 16:26:52 - INFO - ================================================================================
2025-12-17 16:26:52 - INFO - Starting Image/Canvas Attack Application
2025-12-17 16:26:52 - INFO - Baseline HTML: out/baseline\Maths\exam.html
2025-12-17 16:26:52 - INFO - Perturbed JSON: data\exam_content_perturbed.json
2025-12-17 16:26:52 - INFO - Output directory: out/attacked
2025-12-17 16:26:52 - INFO - Subject name: Maths
2025-12-17 16:26:52 - INFO - ================================================================================
2025-12-17 16:26:52 - INFO - Loading baseline HTML: out/baseline\Maths\exam.html
2025-12-17 16:26:52 - INFO - Baseline HTML loaded (19094 bytes), found 12 question cards
2025-12-17 16:26:52 - INFO - Loading perturbed exam JSON: data\exam_content_perturbed.json
2025-12-17 16:26:52 - INFO - Successfully loaded perturbed exam data (25488 bytes)
2025-12-17 16:26:52 - INFO - Number of sections: 3
2025-12-17 16:26:52 - INFO - Total questions: 12
2025-12-17 16:26:52 - INFO - Questions with perturbations: 12
2025-12-17 16:26:52 - INFO - Processing question: mathematics_k-12_doc_01_mathematics_mcq_1
2025-12-17 16:26:52 - INFO - Question mathematics_k-12_doc_01_mathematics_mcq_1: Using mapping 1 of 3
2025-12-17 16:26:52 - INFO - Question mathematics_k-12_doc_01_mathematics_mcq_1: Original substring: '20 miles per hour...'
2025-12-17 16:26:52 - INFO - Question mathematics_k-12_doc_01_mathematics_mcq_1: Replacement substring: '15 miles per hour...'
2025-12-17 16:26:52 - WARNING - Question mathematics_k-12_doc_01_mathematics_mcq_1: Substring mismatch at position 24. Expected: '20 miles per hour...', Found: ' If a freight tra...'
2025-12-17 16:26:52 - WARNING - Question mathematics_k-12_doc_01_mathematics_mcq_1: Failed to apply perturbation, skipping
2025-12-17 16:26:52 - INFO - Processing question: mathematics_k-12_doc_01_mathematics_mcq_2
2025-12-17 16:26:52 - INFO - Question mathematics_k-12_doc_01_mathematics_mcq_2: Using mapping 1 of 3
2025-12-17 16:26:52 - INFO - Question mathematics_k-12_doc_01_mathematics_mcq_2: Original substring: '2,448...'
2025-12-17 16:26:52 - INFO - Question mathematics_k-12_doc_01_mathematics_mcq_2: Replacement substring: '2,345...'
2025-12-17 16:26:52 - WARNING - Question mathematics_k-12_doc_01_mathematics_mcq_2: Substring mismatch at position 15. Expected: '2,448...', Found: '     ...'
2025-12-17 16:26:52 - WARNING - Question mathematics_k-12_doc_01_mathematics_mcq_2: Failed to apply perturbation, skipping
2025-12-17 16:26:52 - INFO - Processing question: mathematics_k-12_doc_01_mathematics_mcq_3
2025-12-17 16:26:52 - INFO - Question mathematics_k-12_doc_01_mathematics_mcq_3: Using mapping 1 of 3
2025-12-17 16:26:52 - INFO - Question mathematics_k-12_doc_01_mathematics_mcq_3: Original substring: 'point where y = 4...'
2025-12-17 16:26:52 - INFO - Question mathematics_k-12_doc_01_mathematics_mcq_3: Replacement substring: 'point where y = 1...'
2025-12-17 16:26:52 - WARNING - Question mathematics_k-12_doc_01_mathematics_mcq_3: Substring mismatch at position 54. Expected: 'point where y = 4...', Found: 'e tangent to the ...'
2025-12-17 16:26:52 - WARNING - Question mathematics_k-12_doc_01_mathematics_mcq_3: Failed to apply perturbation, skipping
2025-12-17 16:26:52 - INFO - Processing question: mathematics_k-12_doc_01_mathematics_mcq_4
2025-12-17 16:26:52 - INFO - Question mathematics_k-12_doc_01_mathematics_mcq_4: Using mapping 1 of 3
2025-12-17 16:26:52 - INFO - Question mathematics_k-12_doc_01_mathematics_mcq_4: Original substring: 'shortest...'
2025-12-17 16:26:52 - INFO - Question mathematics_k-12_doc_01_mathematics_mcq_4: Replacement substring: 'longest...'
2025-12-17 16:26:52 - WARNING - Question mathematics_k-12_doc_01_mathematics_mcq_4: Substring mismatch at position 8. Expected: 'shortest...', Found: '        ...'
2025-12-17 16:26:52 - WARNING - Question mathematics_k-12_doc_01_mathematics_mcq_4: Failed to apply perturbation, skipping
2025-12-17 16:26:52 - INFO - Processing question: mathematics_k-12_doc_01_mathematics_mcq_5
2025-12-17 16:26:52 - INFO - Question mathematics_k-12_doc_01_mathematics_mcq_5: Using mapping 1 of 3
2025-12-17 16:26:52 - INFO - Question mathematics_k-12_doc_01_mathematics_mcq_5: Original substring: '3 hours...'
2025-12-17 16:26:52 - INFO - Question mathematics_k-12_doc_01_mathematics_mcq_5: Replacement substring: '2 hours...'
2025-12-17 16:26:52 - WARNING - Question mathematics_k-12_doc_01_mathematics_mcq_5: Substring mismatch at position 10. Expected: '3 hours...', Found: '       ...'
2025-12-17 16:26:52 - WARNING - Question mathematics_k-12_doc_01_mathematics_mcq_5: Failed to apply perturbation, skipping
2025-12-17 16:26:52 - INFO - Processing question: mathematics_k-12_doc_01_mathematics_tf_1
2025-12-17 16:26:52 - INFO - Question mathematics_k-12_doc_01_mathematics_tf_1: Using mapping 1 of 3
2025-12-17 16:26:52 - INFO - Question mathematics_k-12_doc_01_mathematics_tf_1: Original substring: '45...'
2025-12-17 16:26:52 - INFO - Question mathematics_k-12_doc_01_mathematics_tf_1: Replacement substring: '46...'
2025-12-17 16:26:52 - WARNING - Question mathematics_k-12_doc_01_mathematics_tf_1: Substring mismatch at position 10. Expected: '45...', Found: '  ...'
2025-12-17 16:26:52 - WARNING - Question mathematics_k-12_doc_01_mathematics_tf_1: Failed to apply perturbation, skipping
2025-12-17 16:26:52 - INFO - Processing question: mathematics_k-12_doc_01_mathematics_tf_2
2025-12-17 16:26:52 - INFO - Question mathematics_k-12_doc_01_mathematics_tf_2: Using mapping 1 of 3
2025-12-17 16:26:52 - INFO - Question mathematics_k-12_doc_01_mathematics_tf_2: Original substring: 'Forty-nine...'
2025-12-17 16:26:52 - INFO - Question mathematics_k-12_doc_01_mathematics_tf_2: Replacement substring: 'Thirty-seven...'
2025-12-17 16:26:52 - WARNING - Question mathematics_k-12_doc_01_mathematics_tf_2: Substring mismatch at position 0. Expected: 'Forty-nine...', Found: '
         ...'
2025-12-17 16:26:52 - WARNING - Question mathematics_k-12_doc_01_mathematics_tf_2: Failed to apply perturbation, skipping
2025-12-17 16:26:52 - INFO - Processing question: mathematics_k-12_doc_01_mathematics_tf_3
2025-12-17 16:26:52 - INFO - Question mathematics_k-12_doc_01_mathematics_tf_3: Using mapping 1 of 3
2025-12-17 16:26:52 - INFO - Question mathematics_k-12_doc_01_mathematics_tf_3: Original substring: '1:4...'
2025-12-17 16:26:52 - INFO - Question mathematics_k-12_doc_01_mathematics_tf_3: Replacement substring: '2:3...'
2025-12-17 16:26:52 - WARNING - Question mathematics_k-12_doc_01_mathematics_tf_3: Substring mismatch at position 52. Expected: '1:4...', Found: 'pea...'
2025-12-17 16:26:52 - WARNING - Question mathematics_k-12_doc_01_mathematics_tf_3: Failed to apply perturbation, skipping
2025-12-17 16:26:52 - INFO - Processing question: mathematics_k-12_doc_01_mathematics_tf_4
2025-12-17 16:26:52 - INFO - Question mathematics_k-12_doc_01_mathematics_tf_4: Using mapping 1 of 3
2025-12-17 16:26:52 - INFO - Question mathematics_k-12_doc_01_mathematics_tf_4: Original substring: '14...'
2025-12-17 16:26:52 - INFO - Question mathematics_k-12_doc_01_mathematics_tf_4: Replacement substring: '20...'
2025-12-17 16:26:52 - WARNING - Question mathematics_k-12_doc_01_mathematics_tf_4: Substring mismatch at position 16. Expected: '14...', Found: '  ...'
2025-12-17 16:26:52 - WARNING - Question mathematics_k-12_doc_01_mathematics_tf_4: Failed to apply perturbation, skipping
2025-12-17 16:26:52 - INFO - Processing question: mathematics_k-12_doc_01_mathematics_tf_5
2025-12-17 16:26:52 - INFO - Question mathematics_k-12_doc_01_mathematics_tf_5: Using mapping 1 of 3
2025-12-17 16:26:52 - INFO - Question mathematics_k-12_doc_01_mathematics_tf_5: Original substring: 'sum...'
2025-12-17 16:26:52 - INFO - Question mathematics_k-12_doc_01_mathematics_tf_5: Replacement substring: 'product...'
2025-12-17 16:26:52 - WARNING - Question mathematics_k-12_doc_01_mathematics_tf_5: Substring mismatch at position 4. Expected: 'sum...', Found: '   ...'
2025-12-17 16:26:52 - WARNING - Question mathematics_k-12_doc_01_mathematics_tf_5: Failed to apply perturbation, skipping
2025-12-17 16:26:52 - INFO - Processing question: mathematics_k-12_doc_01_mathematics_long_1
2025-12-17 16:26:52 - INFO - Question mathematics_k-12_doc_01_mathematics_long_1: Using mapping 1 of 3
2025-12-17 16:26:52 - INFO - Question mathematics_k-12_doc_01_mathematics_long_1: Original substring: 'influence the value of the correlation coefficient...'
2025-12-17 16:26:52 - INFO - Question mathematics_k-12_doc_01_mathematics_long_1: Replacement substring: 'lead to a change in the significance of the correl...'
2025-12-17 16:26:52 - WARNING - Question mathematics_k-12_doc_01_mathematics_long_1: Substring mismatch at position 14. Expected: 'influence the value of the correlation coefficient...', Found: '           Discuss the factors that can influence ...'
2025-12-17 16:26:52 - WARNING - Question mathematics_k-12_doc_01_mathematics_long_1: Failed to apply perturbation, skipping
2025-12-17 16:26:52 - INFO - Processing question: mathematics_k-12_doc_01_mathematics_long_2
2025-12-17 16:26:52 - INFO - Question mathematics_k-12_doc_01_mathematics_long_2: Using mapping 1 of 3
2025-12-17 16:26:52 - INFO - Question mathematics_k-12_doc_01_mathematics_long_2: Original substring: 'maximum...'
2025-12-17 16:26:52 - INFO - Question mathematics_k-12_doc_01_mathematics_long_2: Replacement substring: 'minimum...'
2025-12-17 16:26:52 - WARNING - Question mathematics_k-12_doc_01_mathematics_long_2: Substring mismatch at position 60. Expected: 'maximum...', Found: 'ac{1}{2...'
2025-12-17 16:26:52 - WARNING - Question mathematics_k-12_doc_01_mathematics_long_2: Failed to apply perturbation, skipping
2025-12-17 16:26:52 - INFO - Injected canvas rendering script (2664 bytes)
2025-12-17 16:26:52 - INFO - Created output directory: out/attacked\Maths\image_canvas
2025-12-17 16:26:52 - INFO - Writing attacked HTML to: out/attacked\Maths\image_canvas\exam.html
2025-12-17 16:26:52 - INFO - Attacked HTML written successfully (13716 bytes)
2025-12-17 16:26:52 - INFO - Copied CSS file to: out/attacked\Maths\image_canvas\styles.css
2025-12-17 16:26:52 - INFO - ================================================================================
2025-12-17 16:26:52 - INFO - Image/Canvas Attack Application Complete
2025-12-17 16:26:52 - INFO - Total questions processed: 12
2025-12-17 16:26:52 - INFO - Questions with attacks applied: 0
2025-12-17 16:26:52 - INFO - Questions skipped: 12
2025-12-17 16:26:52 - INFO - Canvas elements to be created: 0
2025-12-17 16:26:52 - INFO - Script injection: Success (2664 bytes)
2025-12-17 16:26:52 - INFO - Output HTML: out/attacked\Maths\image_canvas\exam.html (13716 bytes)
2025-12-17 16:26:52 - INFO - ================================================================================
