2025-12-18 11:30:44 - INFO - ================================================================================
2025-12-18 11:30:44 - INFO - Starting Image/Canvas Attack Application
2025-12-18 11:30:44 - INFO - Baseline HTML: out/baseline\Science\exam.html
2025-12-18 11:30:44 - INFO - Perturbed JSON: data\exam_content_perturbed.json
2025-12-18 11:30:44 - INFO - Output directory: out/attacked
2025-12-18 11:30:44 - INFO - Subject name: Science
2025-12-18 11:30:44 - INFO - ================================================================================
2025-12-18 11:30:44 - INFO - Loading baseline HTML: out/baseline\Science\exam.html
2025-12-18 11:30:44 - INFO - Baseline HTML loaded (19470 bytes), found 12 question cards
2025-12-18 11:30:44 - INFO - Loading perturbed exam JSON: data\exam_content_perturbed.json
2025-12-18 11:30:44 - INFO - Successfully loaded perturbed exam data (10414 bytes)
2025-12-18 11:30:44 - INFO - Number of sections: 3
2025-12-18 11:30:44 - INFO - Total questions: 12
2025-12-18 11:30:44 - INFO - Questions with perturbations: 3
2025-12-18 11:30:44 - INFO - Processing question: science_k-12_doc_01_science_arc_mcq_1
2025-12-18 11:30:44 - WARNING - Question science_k-12_doc_01_science_arc_mcq_1: No validated perturbations found in perturbed data, skipping
2025-12-18 11:30:44 - INFO - Processing question: science_k-12_doc_01_science_arc_mcq_2
2025-12-18 11:30:44 - WARNING - Question science_k-12_doc_01_science_arc_mcq_2: No validated perturbations found in perturbed data, skipping
2025-12-18 11:30:44 - INFO - Processing question: science_k-12_doc_01_science_arc_mcq_3
2025-12-18 11:30:44 - WARNING - Question science_k-12_doc_01_science_arc_mcq_3: No validated perturbations found in perturbed data, skipping
2025-12-18 11:30:44 - INFO - Processing question: science_k-12_doc_01_science_arc_mcq_4
2025-12-18 11:30:44 - INFO - Question science_k-12_doc_01_science_arc_mcq_4: Using pre-validated perturbation
2025-12-18 11:30:44 - INFO - Question science_k-12_doc_01_science_arc_mcq_4: Original substring: 'The speed of a sound wave varies...'
2025-12-18 11:30:44 - INFO - Question science_k-12_doc_01_science_arc_mcq_4: Replacement substring: 'The frequency of a sound wave changes...'
2025-12-18 11:30:44 - INFO - Question science_k-12_doc_01_science_arc_mcq_4: Replaced 'The speed of a sound wave varies...' with 'The frequency of a sound wave changes...' at position [0, 32)
2025-12-18 11:30:44 - INFO - Question science_k-12_doc_01_science_arc_mcq_4: Element marked for canvas rendering, data attributes set
2025-12-18 11:30:44 - INFO - Processing question: science_k-12_doc_01_science_arc_mcq_5
2025-12-18 11:30:44 - WARNING - Question science_k-12_doc_01_science_arc_mcq_5: No validated perturbations found in perturbed data, skipping
2025-12-18 11:30:44 - INFO - Processing question: science_k-12_doc_01_science_arc_tf_1
2025-12-18 11:30:44 - WARNING - Question science_k-12_doc_01_science_arc_tf_1: No validated perturbations found in perturbed data, skipping
2025-12-18 11:30:44 - INFO - Processing question: science_k-12_doc_01_science_arc_tf_2
2025-12-18 11:30:44 - WARNING - Question science_k-12_doc_01_science_arc_tf_2: No validated perturbations found in perturbed data, skipping
2025-12-18 11:30:44 - INFO - Processing question: science_k-12_doc_01_science_arc_tf_3
2025-12-18 11:30:44 - INFO - Question science_k-12_doc_01_science_arc_tf_3: Using pre-validated perturbation
2025-12-18 11:30:44 - INFO - Question science_k-12_doc_01_science_arc_tf_3: Original substring: 'A proton is not...'
2025-12-18 11:30:44 - INFO - Question science_k-12_doc_01_science_arc_tf_3: Replacement substring: 'Neutrons are...'
2025-12-18 11:30:44 - INFO - Question science_k-12_doc_01_science_arc_tf_3: Replaced 'A proton is not...' with 'Neutrons are...' at position [0, 15)
2025-12-18 11:30:44 - INFO - Question science_k-12_doc_01_science_arc_tf_3: Element marked for canvas rendering, data attributes set
2025-12-18 11:30:44 - INFO - Processing question: science_k-12_doc_01_science_arc_tf_4
2025-12-18 11:30:44 - INFO - Question science_k-12_doc_01_science_arc_tf_4: Using pre-validated perturbation
2025-12-18 11:30:44 - INFO - Question science_k-12_doc_01_science_arc_tf_4: Original substring: 'forests...'
2025-12-18 11:30:44 - INFO - Question science_k-12_doc_01_science_arc_tf_4: Replacement substring: 'open fields...'
2025-12-18 11:30:44 - INFO - Question science_k-12_doc_01_science_arc_tf_4: Replaced 'forests...' with 'open fields...' at position [29, 36)
2025-12-18 11:30:44 - INFO - Question science_k-12_doc_01_science_arc_tf_4: Element marked for canvas rendering, data attributes set
2025-12-18 11:30:44 - INFO - Processing question: science_k-12_doc_01_science_arc_tf_5
2025-12-18 11:30:44 - WARNING - Question science_k-12_doc_01_science_arc_tf_5: No validated perturbations found in perturbed data, skipping
2025-12-18 11:30:44 - INFO - Processing question: science_k-12_doc_01_science_long_1
2025-12-18 11:30:44 - WARNING - Question science_k-12_doc_01_science_long_1: No validated perturbations found in perturbed data, skipping
2025-12-18 11:30:44 - INFO - Processing question: science_k-12_doc_01_science_long_2
2025-12-18 11:30:44 - WARNING - Question science_k-12_doc_01_science_long_2: No validated perturbations found in perturbed data, skipping
2025-12-18 11:30:44 - INFO - Injected canvas rendering script (2664 bytes)
2025-12-18 11:30:44 - INFO - Created output directory: out/attacked\Science\image_canvas
2025-12-18 11:30:44 - INFO - Writing attacked HTML to: out/attacked\Science\image_canvas\exam.html
2025-12-18 11:30:44 - INFO - Attacked HTML written successfully (14529 bytes)
2025-12-18 11:30:44 - INFO - Copied CSS file to: out/attacked\Science\image_canvas\styles.css
2025-12-18 11:30:44 - INFO - ================================================================================
2025-12-18 11:30:44 - INFO - Image/Canvas Attack Application Complete
2025-12-18 11:30:44 - INFO - Total questions processed: 12
2025-12-18 11:30:44 - INFO - Questions with attacks applied: 3
2025-12-18 11:30:44 - INFO - Questions skipped: 9
2025-12-18 11:30:44 - INFO - Canvas elements to be created: 3
2025-12-18 11:30:44 - INFO - Script injection: Success (2664 bytes)
2025-12-18 11:30:44 - INFO - Output HTML: out/attacked\Science\image_canvas\exam.html (14529 bytes)
2025-12-18 11:30:44 - INFO - ================================================================================
