2025-12-19 17:17:59 - INFO - ================================================================================
2025-12-19 17:17:59 - INFO - Starting Image/Canvas Attack Application
2025-12-19 17:17:59 - INFO - Baseline HTML: out/baseline\Maths\exam.html
2025-12-19 17:17:59 - INFO - Perturbed JSON: data\exam_content_perturbed.json
2025-12-19 17:17:59 - INFO - Output directory: out/attacked
2025-12-19 17:17:59 - INFO - Subject name: Maths
2025-12-19 17:17:59 - INFO - ================================================================================
2025-12-19 17:17:59 - INFO - Loading baseline HTML: out/baseline\Maths\exam.html
2025-12-19 17:17:59 - INFO - Baseline HTML loaded (19086 bytes), found 12 question cards
2025-12-19 17:17:59 - INFO - Loading perturbed exam JSON: data\exam_content_perturbed.json
2025-12-19 17:17:59 - INFO - Successfully loaded perturbed exam data (16571 bytes)
2025-12-19 17:17:59 - INFO - Number of sections: 3
2025-12-19 17:17:59 - INFO - Total questions: 12
2025-12-19 17:17:59 - INFO - Questions with perturbations: 12
2025-12-19 17:17:59 - INFO - Processing question: mathematics_k-12_doc_01_mathematics_mcq_1
2025-12-19 17:17:59 - INFO - Question mathematics_k-12_doc_01_mathematics_mcq_1: Using pre-validated perturbation
2025-12-19 17:17:59 - INFO - Question mathematics_k-12_doc_01_mathematics_mcq_1: Original substring: '6 hours...'
2025-12-19 17:17:59 - INFO - Question mathematics_k-12_doc_01_mathematics_mcq_1: Replacement substring: '4 hours...'
2025-12-19 17:17:59 - INFO - Question mathematics_k-12_doc_01_mathematics_mcq_1: Replaced '6 hours...' with '4 hours...' at position [63, 70)
2025-12-19 17:17:59 - INFO - Question mathematics_k-12_doc_01_mathematics_mcq_1: Element marked for canvas rendering, data attributes set
2025-12-19 17:17:59 - INFO - Processing question: mathematics_k-12_doc_01_mathematics_mcq_2
2025-12-19 17:17:59 - INFO - Question mathematics_k-12_doc_01_mathematics_mcq_2: Using pre-validated perturbation
2025-12-19 17:17:59 - INFO - Question mathematics_k-12_doc_01_mathematics_mcq_2: Original substring: 'rounded to the nearest thousand...'
2025-12-19 17:17:59 - INFO - Question mathematics_k-12_doc_01_mathematics_mcq_2: Replacement substring: 'rounded to the nearest hundred...'
2025-12-19 17:17:59 - INFO - Question mathematics_k-12_doc_01_mathematics_mcq_2: Replaced 'rounded to the nearest thousand...' with 'rounded to the nearest hundred...' at position [105, 136)
2025-12-19 17:17:59 - INFO - Question mathematics_k-12_doc_01_mathematics_mcq_2: Element marked for canvas rendering, data attributes set
2025-12-19 17:17:59 - INFO - Processing question: mathematics_k-12_doc_01_mathematics_mcq_3
2025-12-19 17:17:59 - INFO - Question mathematics_k-12_doc_01_mathematics_mcq_3: Using pre-validated perturbation
2025-12-19 17:17:59 - INFO - Question mathematics_k-12_doc_01_mathematics_mcq_3: Original substring: 'where y = 4...'
2025-12-19 17:17:59 - INFO - Question mathematics_k-12_doc_01_mathematics_mcq_3: Replacement substring: 'where x = 2...'
2025-12-19 17:17:59 - INFO - Question mathematics_k-12_doc_01_mathematics_mcq_3: Replaced 'where y = 4...' with 'where x = 2...' at position [98, 109)
2025-12-19 17:17:59 - INFO - Question mathematics_k-12_doc_01_mathematics_mcq_3: Element marked for canvas rendering, data attributes set
2025-12-19 17:17:59 - INFO - Processing question: mathematics_k-12_doc_01_mathematics_mcq_4
2025-12-19 17:17:59 - INFO - Question mathematics_k-12_doc_01_mathematics_mcq_4: Using pre-validated perturbation
2025-12-19 17:17:59 - INFO - Question mathematics_k-12_doc_01_mathematics_mcq_4: Original substring: 'shortest...'
2025-12-19 17:17:59 - INFO - Question mathematics_k-12_doc_01_mathematics_mcq_4: Replacement substring: 'longest...'
2025-12-19 17:17:59 - INFO - Question mathematics_k-12_doc_01_mathematics_mcq_4: Replaced 'shortest...' with 'longest...' at position [12, 20)
2025-12-19 17:17:59 - INFO - Question mathematics_k-12_doc_01_mathematics_mcq_4: Element marked for canvas rendering, data attributes set
2025-12-19 17:17:59 - INFO - Processing question: mathematics_k-12_doc_01_mathematics_mcq_5
2025-12-19 17:17:59 - INFO - Question mathematics_k-12_doc_01_mathematics_mcq_5: Using pre-validated perturbation
2025-12-19 17:17:59 - INFO - Question mathematics_k-12_doc_01_mathematics_mcq_5: Original substring: '1 over 2 hour...'
2025-12-19 17:17:59 - INFO - Question mathematics_k-12_doc_01_mathematics_mcq_5: Replacement substring: '1 hour...'
2025-12-19 17:17:59 - INFO - Question mathematics_k-12_doc_01_mathematics_mcq_5: Replaced '1 over 2 hour...' with '1 hour...' at position [99, 112)
2025-12-19 17:17:59 - INFO - Question mathematics_k-12_doc_01_mathematics_mcq_5: Element marked for canvas rendering, data attributes set
2025-12-19 17:17:59 - INFO - Processing question: mathematics_k-12_doc_01_mathematics_tf_1
2025-12-19 17:17:59 - INFO - Question mathematics_k-12_doc_01_mathematics_tf_1: Using pre-validated perturbation
2025-12-19 17:17:59 - INFO - Question mathematics_k-12_doc_01_mathematics_tf_1: Original substring: '45...'
2025-12-19 17:17:59 - INFO - Question mathematics_k-12_doc_01_mathematics_tf_1: Replacement substring: '46...'
2025-12-19 17:17:59 - INFO - Question mathematics_k-12_doc_01_mathematics_tf_1: Replaced '45...' with '46...' at position [10, 12)
2025-12-19 17:17:59 - INFO - Question mathematics_k-12_doc_01_mathematics_tf_1: Element marked for canvas rendering, data attributes set
2025-12-19 17:17:59 - INFO - Processing question: mathematics_k-12_doc_01_mathematics_tf_2
2025-12-19 17:17:59 - INFO - Question mathematics_k-12_doc_01_mathematics_tf_2: Using pre-validated perturbation
2025-12-19 17:17:59 - INFO - Question mathematics_k-12_doc_01_mathematics_tf_2: Original substring: 'Forty-nine...'
2025-12-19 17:17:59 - INFO - Question mathematics_k-12_doc_01_mathematics_tf_2: Replacement substring: 'Thirty-five...'
2025-12-19 17:17:59 - INFO - Question mathematics_k-12_doc_01_mathematics_tf_2: Replaced 'Forty-nine...' with 'Thirty-five...' at position [0, 10)
2025-12-19 17:17:59 - INFO - Question mathematics_k-12_doc_01_mathematics_tf_2: Element marked for canvas rendering, data attributes set
2025-12-19 17:17:59 - INFO - Processing question: mathematics_k-12_doc_01_mathematics_tf_3
2025-12-19 17:17:59 - INFO - Question mathematics_k-12_doc_01_mathematics_tf_3: Using pre-validated perturbation
2025-12-19 17:17:59 - INFO - Question mathematics_k-12_doc_01_mathematics_tf_3: Original substring: '1:4...'
2025-12-19 17:17:59 - INFO - Question mathematics_k-12_doc_01_mathematics_tf_3: Replacement substring: '4:1...'
2025-12-19 17:17:59 - INFO - Question mathematics_k-12_doc_01_mathematics_tf_3: Replaced '1:4...' with '4:1...' at position [83, 86)
2025-12-19 17:17:59 - INFO - Question mathematics_k-12_doc_01_mathematics_tf_3: Element marked for canvas rendering, data attributes set
2025-12-19 17:17:59 - INFO - Processing question: mathematics_k-12_doc_01_mathematics_tf_4
2025-12-19 17:17:59 - INFO - Question mathematics_k-12_doc_01_mathematics_tf_4: Using pre-validated perturbation
2025-12-19 17:17:59 - INFO - Question mathematics_k-12_doc_01_mathematics_tf_4: Original substring: '14...'
2025-12-19 17:17:59 - INFO - Question mathematics_k-12_doc_01_mathematics_tf_4: Replacement substring: '15...'
2025-12-19 17:17:59 - INFO - Question mathematics_k-12_doc_01_mathematics_tf_4: Replaced '14...' with '15...' at position [29, 31)
2025-12-19 17:17:59 - INFO - Question mathematics_k-12_doc_01_mathematics_tf_4: Element marked for canvas rendering, data attributes set
2025-12-19 17:17:59 - INFO - Processing question: mathematics_k-12_doc_01_mathematics_tf_5
2025-12-19 17:17:59 - INFO - Question mathematics_k-12_doc_01_mathematics_tf_5: Using pre-validated perturbation
2025-12-19 17:17:59 - INFO - Question mathematics_k-12_doc_01_mathematics_tf_5: Original substring: 'three...'
2025-12-19 17:17:59 - INFO - Question mathematics_k-12_doc_01_mathematics_tf_5: Replacement substring: 'two...'
2025-12-19 17:17:59 - INFO - Question mathematics_k-12_doc_01_mathematics_tf_5: Replaced 'three...' with 'two...' at position [15, 20)
2025-12-19 17:17:59 - INFO - Question mathematics_k-12_doc_01_mathematics_tf_5: Element marked for canvas rendering, data attributes set
2025-12-19 17:17:59 - INFO - Processing question: mathematics_k-12_doc_01_mathematics_long_1
2025-12-19 17:17:59 - INFO - Question mathematics_k-12_doc_01_mathematics_long_1: Using pre-validated perturbation
2025-12-19 17:17:59 - INFO - Question mathematics_k-12_doc_01_mathematics_long_1: Original substring: 'the value of the correlation coefficient r...'
2025-12-19 17:17:59 - INFO - Question mathematics_k-12_doc_01_mathematics_long_1: Replacement substring: 'the interpretation of the correlation coefficient ...'
2025-12-19 17:17:59 - INFO - Question mathematics_k-12_doc_01_mathematics_long_1: Replaced 'the value of the correlation coefficient r...' with 'the interpretation of the correlation coefficient ...' at position [39, 81)
2025-12-19 17:17:59 - INFO - Question mathematics_k-12_doc_01_mathematics_long_1: Element marked for canvas rendering, data attributes set
2025-12-19 17:17:59 - INFO - Processing question: mathematics_k-12_doc_01_mathematics_long_2
2025-12-19 17:17:59 - INFO - Question mathematics_k-12_doc_01_mathematics_long_2: Using pre-validated perturbation
2025-12-19 17:17:59 - INFO - Question mathematics_k-12_doc_01_mathematics_long_2: Original substring: 'maximum...'
2025-12-19 17:17:59 - INFO - Question mathematics_k-12_doc_01_mathematics_long_2: Replacement substring: 'minimum...'
2025-12-19 17:17:59 - INFO - Question mathematics_k-12_doc_01_mathematics_long_2: Replaced 'maximum...' with 'minimum...' at position [72, 79)
2025-12-19 17:17:59 - INFO - Question mathematics_k-12_doc_01_mathematics_long_2: Element marked for canvas rendering, data attributes set
2025-12-19 17:17:59 - INFO - Injected canvas rendering script (2664 bytes)
2025-12-19 17:17:59 - INFO - Created output directory: out/attacked\Maths\image_canvas
2025-12-19 17:17:59 - INFO - Writing attacked HTML to: out/attacked\Maths\image_canvas\exam.html
2025-12-19 17:17:59 - INFO - Attacked HTML written successfully (15535 bytes)
2025-12-19 17:17:59 - INFO - Copied CSS file to: out/attacked\Maths\image_canvas\styles.css
2025-12-19 17:17:59 - INFO - Writing enhanced CSS rules to: out/attacked\Maths\image_canvas\styles_enhanced.css
2025-12-19 17:17:59 - INFO - Enhanced CSS file written successfully (197 bytes)
2025-12-19 17:17:59 - INFO - Added enhanced stylesheet link to <head>
2025-12-19 17:17:59 - INFO - ================================================================================
2025-12-19 17:17:59 - INFO - Image/Canvas Attack Application Complete
2025-12-19 17:17:59 - INFO - Total questions processed: 12
2025-12-19 17:17:59 - INFO - Questions with attacks applied: 12
2025-12-19 17:17:59 - INFO - Questions skipped: 0
2025-12-19 17:17:59 - INFO - Canvas elements to be created: 12
2025-12-19 17:17:59 - INFO - Script injection: Success (2664 bytes)
2025-12-19 17:17:59 - INFO - Output HTML: out/attacked\Maths\image_canvas\exam.html (15535 bytes)
2025-12-19 17:17:59 - INFO - ================================================================================
