2025-12-19 11:31:10 - INFO - ================================================================================
2025-12-19 11:31:10 - INFO - Starting Image/Canvas Attack Application
2025-12-19 11:31:10 - INFO - Baseline HTML: out/baseline\Maths\exam.html
2025-12-19 11:31:10 - INFO - Perturbed JSON: data\exam_content_perturbed.json
2025-12-19 11:31:10 - INFO - Output directory: out/attacked
2025-12-19 11:31:10 - INFO - Subject name: Maths
2025-12-19 11:31:10 - INFO - ================================================================================
2025-12-19 11:31:10 - INFO - Loading baseline HTML: out/baseline\Maths\exam.html
2025-12-19 11:31:10 - INFO - Baseline HTML loaded (19086 bytes), found 12 question cards
2025-12-19 11:31:10 - INFO - Loading perturbed exam JSON: data\exam_content_perturbed.json
2025-12-19 11:31:10 - INFO - Successfully loaded perturbed exam data (16825 bytes)
2025-12-19 11:31:10 - INFO - Number of sections: 3
2025-12-19 11:31:10 - INFO - Total questions: 12
2025-12-19 11:31:10 - INFO - Questions with perturbations: 12
2025-12-19 11:31:10 - INFO - Processing question: mathematics_k-12_doc_01_mathematics_mcq_1
2025-12-19 11:31:10 - INFO - Question mathematics_k-12_doc_01_mathematics_mcq_1: Using pre-validated perturbation
2025-12-19 11:31:10 - INFO - Question mathematics_k-12_doc_01_mathematics_mcq_1: Original substring: '6 hours...'
2025-12-19 11:31:10 - INFO - Question mathematics_k-12_doc_01_mathematics_mcq_1: Replacement substring: '4 hours...'
2025-12-19 11:31:10 - INFO - Question mathematics_k-12_doc_01_mathematics_mcq_1: Replaced '6 hours...' with '4 hours...' at position [63, 70)
2025-12-19 11:31:10 - INFO - Question mathematics_k-12_doc_01_mathematics_mcq_1: Element marked for canvas rendering, data attributes set
2025-12-19 11:31:10 - INFO - Processing question: mathematics_k-12_doc_01_mathematics_mcq_2
2025-12-19 11:31:10 - INFO - Question mathematics_k-12_doc_01_mathematics_mcq_2: Using pre-validated perturbation
2025-12-19 11:31:10 - INFO - Question mathematics_k-12_doc_01_mathematics_mcq_2: Original substring: 'rounded to the nearest thousand...'
2025-12-19 11:31:10 - INFO - Question mathematics_k-12_doc_01_mathematics_mcq_2: Replacement substring: 'rounded to the nearest hundred...'
2025-12-19 11:31:10 - INFO - Question mathematics_k-12_doc_01_mathematics_mcq_2: Replaced 'rounded to the nearest thousand...' with 'rounded to the nearest hundred...' at position [105, 136)
2025-12-19 11:31:10 - INFO - Question mathematics_k-12_doc_01_mathematics_mcq_2: Element marked for canvas rendering, data attributes set
2025-12-19 11:31:10 - INFO - Processing question: mathematics_k-12_doc_01_mathematics_mcq_3
2025-12-19 11:31:10 - INFO - Question mathematics_k-12_doc_01_mathematics_mcq_3: Using pre-validated perturbation
2025-12-19 11:31:10 - INFO - Question mathematics_k-12_doc_01_mathematics_mcq_3: Original substring: 'tangent...'
2025-12-19 11:31:10 - INFO - Question mathematics_k-12_doc_01_mathematics_mcq_3: Replacement substring: 'parallel...'
2025-12-19 11:31:10 - INFO - Question mathematics_k-12_doc_01_mathematics_mcq_3: Replaced 'tangent...' with 'parallel...' at position [31, 38)
2025-12-19 11:31:10 - INFO - Question mathematics_k-12_doc_01_mathematics_mcq_3: Element marked for canvas rendering, data attributes set
2025-12-19 11:31:10 - INFO - Processing question: mathematics_k-12_doc_01_mathematics_mcq_4
2025-12-19 11:31:10 - INFO - Question mathematics_k-12_doc_01_mathematics_mcq_4: Using pre-validated perturbation
2025-12-19 11:31:10 - INFO - Question mathematics_k-12_doc_01_mathematics_mcq_4: Original substring: 'shortest distance...'
2025-12-19 11:31:10 - INFO - Question mathematics_k-12_doc_01_mathematics_mcq_4: Replacement substring: 'longest distance...'
2025-12-19 11:31:10 - INFO - Question mathematics_k-12_doc_01_mathematics_mcq_4: Replaced 'shortest distance...' with 'longest distance...' at position [12, 29)
2025-12-19 11:31:10 - INFO - Question mathematics_k-12_doc_01_mathematics_mcq_4: Element marked for canvas rendering, data attributes set
2025-12-19 11:31:10 - INFO - Processing question: mathematics_k-12_doc_01_mathematics_mcq_5
2025-12-19 11:31:10 - INFO - Question mathematics_k-12_doc_01_mathematics_mcq_5: Using pre-validated perturbation
2025-12-19 11:31:10 - INFO - Question mathematics_k-12_doc_01_mathematics_mcq_5: Original substring: '1 over 2 hour...'
2025-12-19 11:31:10 - INFO - Question mathematics_k-12_doc_01_mathematics_mcq_5: Replacement substring: '1 hour...'
2025-12-19 11:31:10 - INFO - Question mathematics_k-12_doc_01_mathematics_mcq_5: Replaced '1 over 2 hour...' with '1 hour...' at position [99, 112)
2025-12-19 11:31:10 - INFO - Question mathematics_k-12_doc_01_mathematics_mcq_5: Element marked for canvas rendering, data attributes set
2025-12-19 11:31:10 - INFO - Processing question: mathematics_k-12_doc_01_mathematics_tf_1
2025-12-19 11:31:10 - INFO - Question mathematics_k-12_doc_01_mathematics_tf_1: Using pre-validated perturbation
2025-12-19 11:31:10 - INFO - Question mathematics_k-12_doc_01_mathematics_tf_1: Original substring: '45...'
2025-12-19 11:31:10 - INFO - Question mathematics_k-12_doc_01_mathematics_tf_1: Replacement substring: '44...'
2025-12-19 11:31:10 - INFO - Question mathematics_k-12_doc_01_mathematics_tf_1: Replaced '45...' with '44...' at position [10, 12)
2025-12-19 11:31:10 - INFO - Question mathematics_k-12_doc_01_mathematics_tf_1: Element marked for canvas rendering, data attributes set
2025-12-19 11:31:10 - INFO - Processing question: mathematics_k-12_doc_01_mathematics_tf_2
2025-12-19 11:31:10 - INFO - Question mathematics_k-12_doc_01_mathematics_tf_2: Using pre-validated perturbation
2025-12-19 11:31:10 - INFO - Question mathematics_k-12_doc_01_mathematics_tf_2: Original substring: 'Forty-nine...'
2025-12-19 11:31:10 - INFO - Question mathematics_k-12_doc_01_mathematics_tf_2: Replacement substring: 'Thirty-five...'
2025-12-19 11:31:10 - INFO - Question mathematics_k-12_doc_01_mathematics_tf_2: Replaced 'Forty-nine...' with 'Thirty-five...' at position [0, 10)
2025-12-19 11:31:10 - INFO - Question mathematics_k-12_doc_01_mathematics_tf_2: Element marked for canvas rendering, data attributes set
2025-12-19 11:31:10 - INFO - Processing question: mathematics_k-12_doc_01_mathematics_tf_3
2025-12-19 11:31:10 - INFO - Question mathematics_k-12_doc_01_mathematics_tf_3: Using pre-validated perturbation
2025-12-19 11:31:10 - INFO - Question mathematics_k-12_doc_01_mathematics_tf_3: Original substring: '1:4...'
2025-12-19 11:31:10 - INFO - Question mathematics_k-12_doc_01_mathematics_tf_3: Replacement substring: '1:3...'
2025-12-19 11:31:10 - INFO - Question mathematics_k-12_doc_01_mathematics_tf_3: Replaced '1:4...' with '1:3...' at position [83, 86)
2025-12-19 11:31:10 - INFO - Question mathematics_k-12_doc_01_mathematics_tf_3: Element marked for canvas rendering, data attributes set
2025-12-19 11:31:10 - INFO - Processing question: mathematics_k-12_doc_01_mathematics_tf_4
2025-12-19 11:31:10 - INFO - Question mathematics_k-12_doc_01_mathematics_tf_4: Using pre-validated perturbation
2025-12-19 11:31:10 - INFO - Question mathematics_k-12_doc_01_mathematics_tf_4: Original substring: '14 = w + 23...'
2025-12-19 11:31:10 - INFO - Question mathematics_k-12_doc_01_mathematics_tf_4: Replacement substring: '14 = w + 20...'
2025-12-19 11:31:10 - INFO - Question mathematics_k-12_doc_01_mathematics_tf_4: Replaced '14 = w + 23...' with '14 = w + 20...' at position [29, 40)
2025-12-19 11:31:10 - INFO - Question mathematics_k-12_doc_01_mathematics_tf_4: Element marked for canvas rendering, data attributes set
2025-12-19 11:31:10 - INFO - Processing question: mathematics_k-12_doc_01_mathematics_tf_5
2025-12-19 11:31:10 - INFO - Question mathematics_k-12_doc_01_mathematics_tf_5: Using pre-validated perturbation
2025-12-19 11:31:10 - INFO - Question mathematics_k-12_doc_01_mathematics_tf_5: Original substring: 'not in the domain...'
2025-12-19 11:31:10 - INFO - Question mathematics_k-12_doc_01_mathematics_tf_5: Replacement substring: 'in the range...'
2025-12-19 11:31:10 - INFO - Question mathematics_k-12_doc_01_mathematics_tf_5: Replaced 'not in the domain...' with 'in the range...' at position [34, 51)
2025-12-19 11:31:10 - INFO - Question mathematics_k-12_doc_01_mathematics_tf_5: Element marked for canvas rendering, data attributes set
2025-12-19 11:31:10 - INFO - Processing question: mathematics_k-12_doc_01_mathematics_long_1
2025-12-19 11:31:10 - INFO - Question mathematics_k-12_doc_01_mathematics_long_1: Using pre-validated perturbation
2025-12-19 11:31:10 - INFO - Question mathematics_k-12_doc_01_mathematics_long_1: Original substring: 'the value of the correlation coefficient r...'
2025-12-19 11:31:10 - INFO - Question mathematics_k-12_doc_01_mathematics_long_1: Replacement substring: 'the significance of the correlation...'
2025-12-19 11:31:10 - INFO - Question mathematics_k-12_doc_01_mathematics_long_1: Replaced 'the value of the correlation coefficient r...' with 'the significance of the correlation...' at position [39, 81)
2025-12-19 11:31:10 - INFO - Question mathematics_k-12_doc_01_mathematics_long_1: Element marked for canvas rendering, data attributes set
2025-12-19 11:31:10 - INFO - Processing question: mathematics_k-12_doc_01_mathematics_long_2
2025-12-19 11:31:10 - INFO - Question mathematics_k-12_doc_01_mathematics_long_2: Using pre-validated perturbation
2025-12-19 11:31:10 - INFO - Question mathematics_k-12_doc_01_mathematics_long_2: Original substring: 'maximum possible value...'
2025-12-19 11:31:10 - INFO - Question mathematics_k-12_doc_01_mathematics_long_2: Replacement substring: 'minimum possible value...'
2025-12-19 11:31:10 - INFO - Question mathematics_k-12_doc_01_mathematics_long_2: Replaced 'maximum possible value...' with 'minimum possible value...' at position [72, 94)
2025-12-19 11:31:10 - INFO - Question mathematics_k-12_doc_01_mathematics_long_2: Element marked for canvas rendering, data attributes set
2025-12-19 11:31:10 - INFO - Injected canvas rendering script (2664 bytes)
2025-12-19 11:31:10 - INFO - Created output directory: out/attacked\Maths\image_canvas
2025-12-19 11:31:10 - INFO - Writing attacked HTML to: out/attacked\Maths\image_canvas\exam.html
2025-12-19 11:31:10 - INFO - Attacked HTML written successfully (15517 bytes)
2025-12-19 11:31:10 - INFO - Copied CSS file to: out/attacked\Maths\image_canvas\styles.css
2025-12-19 11:31:10 - INFO - ================================================================================
2025-12-19 11:31:10 - INFO - Image/Canvas Attack Application Complete
2025-12-19 11:31:10 - INFO - Total questions processed: 12
2025-12-19 11:31:10 - INFO - Questions with attacks applied: 12
2025-12-19 11:31:10 - INFO - Questions skipped: 0
2025-12-19 11:31:10 - INFO - Canvas elements to be created: 12
2025-12-19 11:31:10 - INFO - Script injection: Success (2664 bytes)
2025-12-19 11:31:10 - INFO - Output HTML: out/attacked\Maths\image_canvas\exam.html (15517 bytes)
2025-12-19 11:31:10 - INFO - ================================================================================
