2025-12-18 12:20:04 - INFO - ================================================================================
2025-12-18 12:20:04 - INFO - Starting Image/Canvas Attack Application
2025-12-18 12:20:04 - INFO - Baseline HTML: out/baseline\Maths\exam.html
2025-12-18 12:20:04 - INFO - Perturbed JSON: data\exam_content_perturbed.json
2025-12-18 12:20:04 - INFO - Output directory: out/attacked
2025-12-18 12:20:04 - INFO - Subject name: Maths
2025-12-18 12:20:04 - INFO - ================================================================================
2025-12-18 12:20:04 - INFO - Loading baseline HTML: out/baseline\Maths\exam.html
2025-12-18 12:20:04 - INFO - Baseline HTML loaded (19086 bytes), found 12 question cards
2025-12-18 12:20:04 - INFO - Loading perturbed exam JSON: data\exam_content_perturbed.json
2025-12-18 12:20:04 - INFO - Successfully loaded perturbed exam data (10093 bytes)
2025-12-18 12:20:04 - INFO - Number of sections: 3
2025-12-18 12:20:04 - INFO - Total questions: 12
2025-12-18 12:20:04 - INFO - Questions with perturbations: 3
2025-12-18 12:20:04 - INFO - Processing question: mathematics_k-12_doc_01_mathematics_mcq_1
2025-12-18 12:20:04 - WARNING - Question mathematics_k-12_doc_01_mathematics_mcq_1: No validated perturbations found in perturbed data, skipping
2025-12-18 12:20:04 - INFO - Processing question: mathematics_k-12_doc_01_mathematics_mcq_2
2025-12-18 12:20:04 - WARNING - Question mathematics_k-12_doc_01_mathematics_mcq_2: No validated perturbations found in perturbed data, skipping
2025-12-18 12:20:04 - INFO - Processing question: mathematics_k-12_doc_01_mathematics_mcq_3
2025-12-18 12:20:04 - WARNING - Question mathematics_k-12_doc_01_mathematics_mcq_3: No validated perturbations found in perturbed data, skipping
2025-12-18 12:20:04 - INFO - Processing question: mathematics_k-12_doc_01_mathematics_mcq_4
2025-12-18 12:20:04 - WARNING - Question mathematics_k-12_doc_01_mathematics_mcq_4: No validated perturbations found in perturbed data, skipping
2025-12-18 12:20:04 - INFO - Processing question: mathematics_k-12_doc_01_mathematics_mcq_5
2025-12-18 12:20:04 - WARNING - Question mathematics_k-12_doc_01_mathematics_mcq_5: No validated perturbations found in perturbed data, skipping
2025-12-18 12:20:04 - INFO - Processing question: mathematics_k-12_doc_01_mathematics_tf_1
2025-12-18 12:20:04 - INFO - Question mathematics_k-12_doc_01_mathematics_tf_1: Using pre-validated perturbation
2025-12-18 12:20:04 - INFO - Question mathematics_k-12_doc_01_mathematics_tf_1: Original substring: '45...'
2025-12-18 12:20:04 - INFO - Question mathematics_k-12_doc_01_mathematics_tf_1: Replacement substring: '44...'
2025-12-18 12:20:04 - INFO - Question mathematics_k-12_doc_01_mathematics_tf_1: Replaced '45...' with '44...' at position [10, 12)
2025-12-18 12:20:04 - INFO - Question mathematics_k-12_doc_01_mathematics_tf_1: Element marked for canvas rendering, data attributes set
2025-12-18 12:20:04 - INFO - Processing question: mathematics_k-12_doc_01_mathematics_tf_2
2025-12-18 12:20:04 - INFO - Question mathematics_k-12_doc_01_mathematics_tf_2: Using pre-validated perturbation
2025-12-18 12:20:04 - INFO - Question mathematics_k-12_doc_01_mathematics_tf_2: Original substring: 'Forty-nine...'
2025-12-18 12:20:04 - INFO - Question mathematics_k-12_doc_01_mathematics_tf_2: Replacement substring: 'Thirty-six...'
2025-12-18 12:20:04 - INFO - Question mathematics_k-12_doc_01_mathematics_tf_2: Replaced 'Forty-nine...' with 'Thirty-six...' at position [0, 10)
2025-12-18 12:20:04 - INFO - Question mathematics_k-12_doc_01_mathematics_tf_2: Element marked for canvas rendering, data attributes set
2025-12-18 12:20:04 - INFO - Processing question: mathematics_k-12_doc_01_mathematics_tf_3
2025-12-18 12:20:04 - WARNING - Question mathematics_k-12_doc_01_mathematics_tf_3: No validated perturbations found in perturbed data, skipping
2025-12-18 12:20:04 - INFO - Processing question: mathematics_k-12_doc_01_mathematics_tf_4
2025-12-18 12:20:04 - WARNING - Question mathematics_k-12_doc_01_mathematics_tf_4: No validated perturbations found in perturbed data, skipping
2025-12-18 12:20:04 - INFO - Processing question: mathematics_k-12_doc_01_mathematics_tf_5
2025-12-18 12:20:04 - INFO - Question mathematics_k-12_doc_01_mathematics_tf_5: Using pre-validated perturbation
2025-12-18 12:20:04 - INFO - Question mathematics_k-12_doc_01_mathematics_tf_5: Original substring: 'The sum of the three real numbers...'
2025-12-18 12:20:04 - INFO - Question mathematics_k-12_doc_01_mathematics_tf_5: Replacement substring: 'The product of the three real numbers...'
2025-12-18 12:20:04 - INFO - Question mathematics_k-12_doc_01_mathematics_tf_5: Replaced 'The sum of the three real numbers...' with 'The product of the three real numbers...' at position [0, 33)
2025-12-18 12:20:04 - INFO - Question mathematics_k-12_doc_01_mathematics_tf_5: Element marked for canvas rendering, data attributes set
2025-12-18 12:20:04 - INFO - Processing question: mathematics_k-12_doc_01_mathematics_long_1
2025-12-18 12:20:04 - WARNING - Question mathematics_k-12_doc_01_mathematics_long_1: No validated perturbations found in perturbed data, skipping
2025-12-18 12:20:04 - INFO - Processing question: mathematics_k-12_doc_01_mathematics_long_2
2025-12-18 12:20:04 - WARNING - Question mathematics_k-12_doc_01_mathematics_long_2: No validated perturbations found in perturbed data, skipping
2025-12-18 12:20:04 - INFO - Injected canvas rendering script (2664 bytes)
2025-12-18 12:20:04 - INFO - Created output directory: out/attacked\Maths\image_canvas
2025-12-18 12:20:04 - INFO - Writing attacked HTML to: out/attacked\Maths\image_canvas\exam.html
2025-12-18 12:20:04 - INFO - Attacked HTML written successfully (14083 bytes)
2025-12-18 12:20:04 - INFO - Copied CSS file to: out/attacked\Maths\image_canvas\styles.css
2025-12-18 12:20:04 - INFO - ================================================================================
2025-12-18 12:20:04 - INFO - Image/Canvas Attack Application Complete
2025-12-18 12:20:04 - INFO - Total questions processed: 12
2025-12-18 12:20:04 - INFO - Questions with attacks applied: 3
2025-12-18 12:20:04 - INFO - Questions skipped: 9
2025-12-18 12:20:04 - INFO - Canvas elements to be created: 3
2025-12-18 12:20:04 - INFO - Script injection: Success (2664 bytes)
2025-12-18 12:20:04 - INFO - Output HTML: out/attacked\Maths\image_canvas\exam.html (14083 bytes)
2025-12-18 12:20:04 - INFO - ================================================================================
