2025-12-19 11:44:17 - INFO - ================================================================================
2025-12-19 11:44:17 - INFO - Starting Image/Canvas Attack Application
2025-12-19 11:44:17 - INFO - Baseline HTML: out/baseline\Science\exam.html
2025-12-19 11:44:17 - INFO - Perturbed JSON: data\exam_content_perturbed.json
2025-12-19 11:44:17 - INFO - Output directory: out/attacked
2025-12-19 11:44:17 - INFO - Subject name: Science
2025-12-19 11:44:17 - INFO - ================================================================================
2025-12-19 11:44:17 - INFO - Loading baseline HTML: out/baseline\Science\exam.html
2025-12-19 11:44:17 - INFO - Baseline HTML loaded (19470 bytes), found 12 question cards
2025-12-19 11:44:17 - INFO - Loading perturbed exam JSON: data\exam_content_perturbed.json
2025-12-19 11:44:17 - INFO - Successfully loaded perturbed exam data (17391 bytes)
2025-12-19 11:44:17 - INFO - Number of sections: 3
2025-12-19 11:44:17 - INFO - Total questions: 12
2025-12-19 11:44:17 - INFO - Questions with perturbations: 12
2025-12-19 11:44:17 - INFO - Processing question: science_k-12_doc_01_science_arc_mcq_1
2025-12-19 11:44:17 - INFO - Question science_k-12_doc_01_science_arc_mcq_1: Using pre-validated perturbation
2025-12-19 11:44:17 - INFO - Question science_k-12_doc_01_science_arc_mcq_1: Original substring: 'What other property of his two rocks is most likel...'
2025-12-19 11:44:17 - INFO - Question science_k-12_doc_01_science_arc_mcq_1: Replacement substring: 'What physical form of his two rocks is most likely...'
2025-12-19 11:44:17 - INFO - Question science_k-12_doc_01_science_arc_mcq_1: Replaced 'What other property of his two rocks is most likel...' with 'What physical form of his two rocks is most likely...' at position [74, 141)
2025-12-19 11:44:17 - INFO - Question science_k-12_doc_01_science_arc_mcq_1: Element marked for canvas rendering, data attributes set
2025-12-19 11:44:17 - INFO - Processing question: science_k-12_doc_01_science_arc_mcq_2
2025-12-19 11:44:17 - INFO - Question science_k-12_doc_01_science_arc_mcq_2: Using pre-validated perturbation
2025-12-19 11:44:17 - INFO - Question science_k-12_doc_01_science_arc_mcq_2: Original substring: 'human-made...'
2025-12-19 11:44:17 - INFO - Question science_k-12_doc_01_science_arc_mcq_2: Replacement substring: 'natural...'
2025-12-19 11:44:17 - INFO - Question science_k-12_doc_01_science_arc_mcq_2: Replaced 'human-made...' with 'natural...' at position [25, 35)
2025-12-19 11:44:17 - INFO - Question science_k-12_doc_01_science_arc_mcq_2: Element marked for canvas rendering, data attributes set
2025-12-19 11:44:17 - INFO - Processing question: science_k-12_doc_01_science_arc_mcq_3
2025-12-19 11:44:17 - INFO - Question science_k-12_doc_01_science_arc_mcq_3: Using pre-validated perturbation
2025-12-19 11:44:17 - INFO - Question science_k-12_doc_01_science_arc_mcq_3: Original substring: 'Which of the following describes all pure substanc...'
2025-12-19 11:44:17 - INFO - Question science_k-12_doc_01_science_arc_mcq_3: Replacement substring: 'Which of the following describes a single type of ...'
2025-12-19 11:44:17 - INFO - Question science_k-12_doc_01_science_arc_mcq_3: Replaced 'Which of the following describes all pure substanc...' with 'Which of the following describes a single type of ...' at position [102, 155)
2025-12-19 11:44:17 - INFO - Question science_k-12_doc_01_science_arc_mcq_3: Element marked for canvas rendering, data attributes set
2025-12-19 11:44:17 - INFO - Processing question: science_k-12_doc_01_science_arc_mcq_4
2025-12-19 11:44:17 - INFO - Question science_k-12_doc_01_science_arc_mcq_4: Using pre-validated perturbation
2025-12-19 11:44:17 - INFO - Question science_k-12_doc_01_science_arc_mcq_4: Original substring: 'the speed of a sound wave...'
2025-12-19 11:44:17 - INFO - Question science_k-12_doc_01_science_arc_mcq_4: Replacement substring: 'the wavelength of a sound wave...'
2025-12-19 11:44:17 - INFO - Question science_k-12_doc_01_science_arc_mcq_4: Replaced 'the speed of a sound wave...' with 'the wavelength of a sound wave...' at position [107, 132)
2025-12-19 11:44:17 - INFO - Question science_k-12_doc_01_science_arc_mcq_4: Element marked for canvas rendering, data attributes set
2025-12-19 11:44:17 - INFO - Processing question: science_k-12_doc_01_science_arc_mcq_5
2025-12-19 11:44:17 - INFO - Question science_k-12_doc_01_science_arc_mcq_5: Using pre-validated perturbation
2025-12-19 11:44:17 - INFO - Question science_k-12_doc_01_science_arc_mcq_5: Original substring: 'mostly eats fruit from one particular type of tree...'
2025-12-19 11:44:17 - INFO - Question science_k-12_doc_01_science_arc_mcq_5: Replacement substring: 'has darker coloration than other lizards...'
2025-12-19 11:44:17 - INFO - Question science_k-12_doc_01_science_arc_mcq_5: Replaced 'mostly eats fruit from one particular type of tree...' with 'has darker coloration than other lizards...' at position [17, 67)
2025-12-19 11:44:17 - INFO - Question science_k-12_doc_01_science_arc_mcq_5: Element marked for canvas rendering, data attributes set
2025-12-19 11:44:17 - INFO - Processing question: science_k-12_doc_01_science_arc_tf_1
2025-12-19 11:44:17 - INFO - Question science_k-12_doc_01_science_arc_tf_1: Using pre-validated perturbation
2025-12-19 11:44:17 - INFO - Question science_k-12_doc_01_science_arc_tf_1: Original substring: 'convection...'
2025-12-19 11:44:17 - INFO - Question science_k-12_doc_01_science_arc_tf_1: Replacement substring: 'conduction...'
2025-12-19 11:44:17 - INFO - Question science_k-12_doc_01_science_arc_tf_1: Replaced 'convection...' with 'conduction...' at position [41, 51)
2025-12-19 11:44:17 - INFO - Question science_k-12_doc_01_science_arc_tf_1: Element marked for canvas rendering, data attributes set
2025-12-19 11:44:17 - INFO - Processing question: science_k-12_doc_01_science_arc_tf_2
2025-12-19 11:44:17 - INFO - Question science_k-12_doc_01_science_arc_tf_2: Using pre-validated perturbation
2025-12-19 11:44:17 - INFO - Question science_k-12_doc_01_science_arc_tf_2: Original substring: 'by hand...'
2025-12-19 11:44:17 - INFO - Question science_k-12_doc_01_science_arc_tf_2: Replacement substring: 'using a broom...'
2025-12-19 11:44:17 - INFO - Question science_k-12_doc_01_science_arc_tf_2: Replaced 'by hand...' with 'using a broom...' at position [31, 38)
2025-12-19 11:44:17 - INFO - Question science_k-12_doc_01_science_arc_tf_2: Element marked for canvas rendering, data attributes set
2025-12-19 11:44:17 - INFO - Processing question: science_k-12_doc_01_science_arc_tf_3
2025-12-19 11:44:17 - INFO - Question science_k-12_doc_01_science_arc_tf_3: Using pre-validated perturbation
2025-12-19 11:44:17 - INFO - Question science_k-12_doc_01_science_arc_tf_3: Original substring: 'not a fundamental component of an atom...'
2025-12-19 11:44:17 - INFO - Question science_k-12_doc_01_science_arc_tf_3: Replacement substring: 'a fundamental component of atoms...'
2025-12-19 11:44:17 - INFO - Question science_k-12_doc_01_science_arc_tf_3: Replaced 'not a fundamental component of an atom...' with 'a fundamental component of atoms...' at position [12, 50)
2025-12-19 11:44:17 - INFO - Question science_k-12_doc_01_science_arc_tf_3: Element marked for canvas rendering, data attributes set
2025-12-19 11:44:17 - INFO - Processing question: science_k-12_doc_01_science_arc_tf_4
2025-12-19 11:44:17 - INFO - Question science_k-12_doc_01_science_arc_tf_4: Using pre-validated perturbation
2025-12-19 11:44:17 - INFO - Question science_k-12_doc_01_science_arc_tf_4: Original substring: 'in forests...'
2025-12-19 11:44:17 - INFO - Question science_k-12_doc_01_science_arc_tf_4: Replacement substring: 'on plains...'
2025-12-19 11:44:17 - INFO - Question science_k-12_doc_01_science_arc_tf_4: Replaced 'in forests...' with 'on plains...' at position [26, 36)
2025-12-19 11:44:17 - INFO - Question science_k-12_doc_01_science_arc_tf_4: Element marked for canvas rendering, data attributes set
2025-12-19 11:44:17 - INFO - Processing question: science_k-12_doc_01_science_arc_tf_5
2025-12-19 11:44:17 - INFO - Question science_k-12_doc_01_science_arc_tf_5: Using pre-validated perturbation
2025-12-19 11:44:17 - INFO - Question science_k-12_doc_01_science_arc_tf_5: Original substring: 'remain the same...'
2025-12-19 11:44:17 - INFO - Question science_k-12_doc_01_science_arc_tf_5: Replacement substring: 'change...'
2025-12-19 11:44:17 - INFO - Question science_k-12_doc_01_science_arc_tf_5: Replaced 'remain the same...' with 'change...' at position [37, 52)
2025-12-19 11:44:17 - INFO - Question science_k-12_doc_01_science_arc_tf_5: Element marked for canvas rendering, data attributes set
2025-12-19 11:44:17 - INFO - Processing question: science_k-12_doc_01_science_long_1
2025-12-19 11:44:17 - INFO - Question science_k-12_doc_01_science_long_1: Using pre-validated perturbation
2025-12-19 11:44:17 - INFO - Question science_k-12_doc_01_science_long_1: Original substring: 'deforestation and land burning for agriculture...'
2025-12-19 11:44:17 - INFO - Question science_k-12_doc_01_science_long_1: Replacement substring: 'urbanization and industrialization...'
2025-12-19 11:44:17 - INFO - Question science_k-12_doc_01_science_long_1: Replaced 'deforestation and land burning for agriculture...' with 'urbanization and industrialization...' at position [22, 68)
2025-12-19 11:44:17 - INFO - Question science_k-12_doc_01_science_long_1: Element marked for canvas rendering, data attributes set
2025-12-19 11:44:17 - INFO - Processing question: science_k-12_doc_01_science_long_2
2025-12-19 11:44:17 - INFO - Question science_k-12_doc_01_science_long_2: Using pre-validated perturbation
2025-12-19 11:44:17 - INFO - Question science_k-12_doc_01_science_long_2: Original substring: 'freezing temperature...'
2025-12-19 11:44:17 - INFO - Question science_k-12_doc_01_science_long_2: Replacement substring: 'boiling temperature...'
2025-12-19 11:44:17 - INFO - Question science_k-12_doc_01_science_long_2: Replaced 'freezing temperature...' with 'boiling temperature...' at position [16, 36)
2025-12-19 11:44:17 - INFO - Question science_k-12_doc_01_science_long_2: Element marked for canvas rendering, data attributes set
2025-12-19 11:44:17 - INFO - Injected canvas rendering script (2664 bytes)
2025-12-19 11:44:17 - INFO - Created output directory: out/attacked\Science\image_canvas
2025-12-19 11:44:17 - INFO - Writing attacked HTML to: out/attacked\Science\image_canvas\exam.html
2025-12-19 11:44:17 - INFO - Attacked HTML written successfully (15950 bytes)
2025-12-19 11:44:17 - INFO - Copied CSS file to: out/attacked\Science\image_canvas\styles.css
2025-12-19 11:44:17 - INFO - ================================================================================
2025-12-19 11:44:17 - INFO - Image/Canvas Attack Application Complete
2025-12-19 11:44:17 - INFO - Total questions processed: 12
2025-12-19 11:44:17 - INFO - Questions with attacks applied: 12
2025-12-19 11:44:17 - INFO - Questions skipped: 0
2025-12-19 11:44:17 - INFO - Canvas elements to be created: 12
2025-12-19 11:44:17 - INFO - Script injection: Success (2664 bytes)
2025-12-19 11:44:17 - INFO - Output HTML: out/attacked\Science\image_canvas\exam.html (15950 bytes)
2025-12-19 11:44:17 - INFO - ================================================================================
