2025-12-19 20:50:33 - INFO - ================================================================================
2025-12-19 20:50:33 - INFO - Starting Image/Canvas Attack Application
2025-12-19 20:50:33 - INFO - Baseline HTML: out/baseline\Maths\exam.html
2025-12-19 20:50:33 - INFO - Perturbed JSON: data\exam_content_perturbed.json
2025-12-19 20:50:33 - INFO - Output directory: out/attacked
2025-12-19 20:50:33 - INFO - Subject name: Maths
2025-12-19 20:50:33 - INFO - ================================================================================
2025-12-19 20:50:33 - INFO - Loading baseline HTML: out/baseline\Maths\exam.html
2025-12-19 20:50:33 - INFO - Baseline HTML loaded (19086 bytes), found 12 question cards
2025-12-19 20:50:33 - INFO - Loading perturbed exam JSON: data\exam_content_perturbed.json
2025-12-19 20:50:33 - INFO - Successfully loaded perturbed exam data (16726 bytes)
2025-12-19 20:50:33 - INFO - Number of sections: 3
2025-12-19 20:50:33 - INFO - Total questions: 12
2025-12-19 20:50:33 - INFO - Questions with perturbations: 12
2025-12-19 20:50:33 - INFO - Processing question: mathematics_k-12_doc_01_mathematics_mcq_1
2025-12-19 20:50:33 - INFO - Question mathematics_k-12_doc_01_mathematics_mcq_1: Using pre-validated perturbation
2025-12-19 20:50:33 - INFO - Question mathematics_k-12_doc_01_mathematics_mcq_1: Original substring: '20 miles per hour...'
2025-12-19 20:50:33 - INFO - Question mathematics_k-12_doc_01_mathematics_mcq_1: Replacement substring: '13.33 miles per hour...'
2025-12-19 20:50:33 - INFO - Question mathematics_k-12_doc_01_mathematics_mcq_1: Replaced '20 miles per hour...' with '13.33 miles per hour...' at position [41, 58)
2025-12-19 20:50:33 - INFO - Question mathematics_k-12_doc_01_mathematics_mcq_1: Element marked for canvas rendering, data attributes set
2025-12-19 20:50:33 - INFO - Processing question: mathematics_k-12_doc_01_mathematics_mcq_2
2025-12-19 20:50:33 - INFO - Question mathematics_k-12_doc_01_mathematics_mcq_2: Using pre-validated perturbation
2025-12-19 20:50:33 - INFO - Question mathematics_k-12_doc_01_mathematics_mcq_2: Original substring: 'rounded to the nearest thousand...'
2025-12-19 20:50:33 - INFO - Question mathematics_k-12_doc_01_mathematics_mcq_2: Replacement substring: 'rounded to the nearest hundred...'
2025-12-19 20:50:33 - INFO - Question mathematics_k-12_doc_01_mathematics_mcq_2: Replaced 'rounded to the nearest thousand...' with 'rounded to the nearest hundred...' at position [105, 136)
2025-12-19 20:50:33 - INFO - Question mathematics_k-12_doc_01_mathematics_mcq_2: Element marked for canvas rendering, data attributes set
2025-12-19 20:50:33 - INFO - Processing question: mathematics_k-12_doc_01_mathematics_mcq_3
2025-12-19 20:50:33 - INFO - Question mathematics_k-12_doc_01_mathematics_mcq_3: Using pre-validated perturbation
2025-12-19 20:50:33 - INFO - Question mathematics_k-12_doc_01_mathematics_mcq_3: Original substring: 'F(t) = (t^2 + 1, 2^t)...'
2025-12-19 20:50:33 - INFO - Question mathematics_k-12_doc_01_mathematics_mcq_3: Replacement substring: 'F(t) = (4t, 2^t)...'
2025-12-19 20:50:33 - INFO - Question mathematics_k-12_doc_01_mathematics_mcq_3: Replaced 'F(t) = (t^2 + 1, 2^t)...' with 'F(t) = (4t, 2^t)...' at position [63, 84)
2025-12-19 20:50:33 - INFO - Question mathematics_k-12_doc_01_mathematics_mcq_3: Element marked for canvas rendering, data attributes set
2025-12-19 20:50:33 - INFO - Processing question: mathematics_k-12_doc_01_mathematics_mcq_4
2025-12-19 20:50:33 - INFO - Question mathematics_k-12_doc_01_mathematics_mcq_4: Using pre-validated perturbation
2025-12-19 20:50:33 - INFO - Question mathematics_k-12_doc_01_mathematics_mcq_4: Original substring: 'shortest...'
2025-12-19 20:50:33 - INFO - Question mathematics_k-12_doc_01_mathematics_mcq_4: Replacement substring: 'longest...'
2025-12-19 20:50:33 - INFO - Question mathematics_k-12_doc_01_mathematics_mcq_4: Replaced 'shortest...' with 'longest...' at position [12, 20)
2025-12-19 20:50:33 - INFO - Question mathematics_k-12_doc_01_mathematics_mcq_4: Element marked for canvas rendering, data attributes set
2025-12-19 20:50:33 - INFO - Processing question: mathematics_k-12_doc_01_mathematics_mcq_5
2025-12-19 20:50:33 - INFO - Question mathematics_k-12_doc_01_mathematics_mcq_5: Using pre-validated perturbation
2025-12-19 20:50:33 - INFO - Question mathematics_k-12_doc_01_mathematics_mcq_5: Original substring: '1 over 2 hour...'
2025-12-19 20:50:33 - INFO - Question mathematics_k-12_doc_01_mathematics_mcq_5: Replacement substring: '1 hour...'
2025-12-19 20:50:33 - INFO - Question mathematics_k-12_doc_01_mathematics_mcq_5: Replaced '1 over 2 hour...' with '1 hour...' at position [99, 112)
2025-12-19 20:50:33 - INFO - Question mathematics_k-12_doc_01_mathematics_mcq_5: Element marked for canvas rendering, data attributes set
2025-12-19 20:50:33 - INFO - Processing question: mathematics_k-12_doc_01_mathematics_tf_1
2025-12-19 20:50:33 - INFO - Question mathematics_k-12_doc_01_mathematics_tf_1: Using pre-validated perturbation
2025-12-19 20:50:33 - INFO - Question mathematics_k-12_doc_01_mathematics_tf_1: Original substring: '45...'
2025-12-19 20:50:33 - INFO - Question mathematics_k-12_doc_01_mathematics_tf_1: Replacement substring: '44...'
2025-12-19 20:50:33 - INFO - Question mathematics_k-12_doc_01_mathematics_tf_1: Replaced '45...' with '44...' at position [10, 12)
2025-12-19 20:50:33 - INFO - Question mathematics_k-12_doc_01_mathematics_tf_1: Element marked for canvas rendering, data attributes set
2025-12-19 20:50:33 - INFO - Processing question: mathematics_k-12_doc_01_mathematics_tf_2
2025-12-19 20:50:33 - INFO - Question mathematics_k-12_doc_01_mathematics_tf_2: Using pre-validated perturbation
2025-12-19 20:50:33 - INFO - Question mathematics_k-12_doc_01_mathematics_tf_2: Original substring: 'Forty-nine...'
2025-12-19 20:50:33 - INFO - Question mathematics_k-12_doc_01_mathematics_tf_2: Replacement substring: 'Thirty-six...'
2025-12-19 20:50:33 - INFO - Question mathematics_k-12_doc_01_mathematics_tf_2: Replaced 'Forty-nine...' with 'Thirty-six...' at position [0, 10)
2025-12-19 20:50:33 - INFO - Question mathematics_k-12_doc_01_mathematics_tf_2: Element marked for canvas rendering, data attributes set
2025-12-19 20:50:33 - INFO - Processing question: mathematics_k-12_doc_01_mathematics_tf_3
2025-12-19 20:50:33 - INFO - Question mathematics_k-12_doc_01_mathematics_tf_3: Using pre-validated perturbation
2025-12-19 20:50:33 - INFO - Question mathematics_k-12_doc_01_mathematics_tf_3: Original substring: '1:4...'
2025-12-19 20:50:33 - INFO - Question mathematics_k-12_doc_01_mathematics_tf_3: Replacement substring: '1:3...'
2025-12-19 20:50:33 - INFO - Question mathematics_k-12_doc_01_mathematics_tf_3: Replaced '1:4...' with '1:3...' at position [83, 86)
2025-12-19 20:50:33 - INFO - Question mathematics_k-12_doc_01_mathematics_tf_3: Element marked for canvas rendering, data attributes set
2025-12-19 20:50:33 - INFO - Processing question: mathematics_k-12_doc_01_mathematics_tf_4
2025-12-19 20:50:33 - INFO - Question mathematics_k-12_doc_01_mathematics_tf_4: Using pre-validated perturbation
2025-12-19 20:50:33 - INFO - Question mathematics_k-12_doc_01_mathematics_tf_4: Original substring: '14...'
2025-12-19 20:50:33 - INFO - Question mathematics_k-12_doc_01_mathematics_tf_4: Replacement substring: '15...'
2025-12-19 20:50:33 - INFO - Question mathematics_k-12_doc_01_mathematics_tf_4: Replaced '14...' with '15...' at position [29, 31)
2025-12-19 20:50:33 - INFO - Question mathematics_k-12_doc_01_mathematics_tf_4: Element marked for canvas rendering, data attributes set
2025-12-19 20:50:33 - INFO - Processing question: mathematics_k-12_doc_01_mathematics_tf_5
2025-12-19 20:50:33 - INFO - Question mathematics_k-12_doc_01_mathematics_tf_5: Using pre-validated perturbation
2025-12-19 20:50:33 - INFO - Question mathematics_k-12_doc_01_mathematics_tf_5: Original substring: 'not in the domain...'
2025-12-19 20:50:33 - INFO - Question mathematics_k-12_doc_01_mathematics_tf_5: Replacement substring: 'in the range...'
2025-12-19 20:50:33 - INFO - Question mathematics_k-12_doc_01_mathematics_tf_5: Replaced 'not in the domain...' with 'in the range...' at position [34, 51)
2025-12-19 20:50:33 - INFO - Question mathematics_k-12_doc_01_mathematics_tf_5: Element marked for canvas rendering, data attributes set
2025-12-19 20:50:33 - INFO - Processing question: mathematics_k-12_doc_01_mathematics_long_1
2025-12-19 20:50:33 - INFO - Question mathematics_k-12_doc_01_mathematics_long_1: Using pre-validated perturbation
2025-12-19 20:50:33 - INFO - Question mathematics_k-12_doc_01_mathematics_long_1: Original substring: 'the factors that can influence the value of the co...'
2025-12-19 20:50:33 - INFO - Question mathematics_k-12_doc_01_mathematics_long_1: Replacement substring: 'the external conditions influencing the collection...'
2025-12-19 20:50:33 - INFO - Question mathematics_k-12_doc_01_mathematics_long_1: Replaced 'the factors that can influence the value of the co...' with 'the external conditions influencing the collection...' at position [8, 81)
2025-12-19 20:50:33 - INFO - Question mathematics_k-12_doc_01_mathematics_long_1: Element marked for canvas rendering, data attributes set
2025-12-19 20:50:33 - INFO - Processing question: mathematics_k-12_doc_01_mathematics_long_2
2025-12-19 20:50:33 - INFO - Question mathematics_k-12_doc_01_mathematics_long_2: Using pre-validated perturbation
2025-12-19 20:50:33 - INFO - Question mathematics_k-12_doc_01_mathematics_long_2: Original substring: '\frac{x}{y}...'
2025-12-19 20:50:33 - INFO - Question mathematics_k-12_doc_01_mathematics_long_2: Replacement substring: '\frac{y}{x}...'
2025-12-19 20:50:33 - INFO - Question mathematics_k-12_doc_01_mathematics_long_2: Replaced '\frac{x}{y}...' with '\frac{y}{x}...' at position [112, 123)
2025-12-19 20:50:33 - INFO - Question mathematics_k-12_doc_01_mathematics_long_2: Element marked for canvas rendering, data attributes set
2025-12-19 20:50:33 - INFO - Injected canvas rendering script (9081 bytes)
2025-12-19 20:50:33 - INFO - Created output directory: out/attacked\Maths\image_canvas
2025-12-19 20:50:33 - INFO - Copied CSS file to: out/attacked\Maths\image_canvas\styles.css
2025-12-19 20:50:33 - INFO - Writing enhanced CSS rules to: out/attacked\Maths\image_canvas\styles_enhanced.css
2025-12-19 20:50:33 - INFO - Enhanced CSS file written successfully (197 bytes)
2025-12-19 20:50:33 - INFO - Added enhanced stylesheet link to <head>
2025-12-19 20:50:33 - INFO - Writing attacked HTML to: out/attacked\Maths\image_canvas\exam.html
2025-12-19 20:50:33 - INFO - Attacked HTML written successfully (22215 bytes)
2025-12-19 20:50:33 - INFO - ================================================================================
2025-12-19 20:50:33 - INFO - Image/Canvas Attack Application Complete
2025-12-19 20:50:33 - INFO - Total questions processed: 12
2025-12-19 20:50:33 - INFO - Questions with attacks applied: 12
2025-12-19 20:50:33 - INFO - Questions skipped: 0
2025-12-19 20:50:33 - INFO - Canvas elements to be created: 12
2025-12-19 20:50:33 - INFO - Script injection: Success (9081 bytes)
2025-12-19 20:50:33 - INFO - Output HTML: out/attacked\Maths\image_canvas\exam.html (22215 bytes)
2025-12-19 20:50:33 - INFO - ================================================================================
