2025-12-19 15:56:42 - INFO - ================================================================================
2025-12-19 15:56:42 - INFO - Starting Image/Canvas Attack Application
2025-12-19 15:56:42 - INFO - Baseline HTML: out/baseline\Maths\exam.html
2025-12-19 15:56:42 - INFO - Perturbed JSON: data\exam_content_perturbed.json
2025-12-19 15:56:42 - INFO - Output directory: out/attacked
2025-12-19 15:56:42 - INFO - Subject name: Maths
2025-12-19 15:56:42 - INFO - ================================================================================
2025-12-19 15:56:42 - INFO - Loading baseline HTML: out/baseline\Maths\exam.html
2025-12-19 15:56:42 - INFO - Baseline HTML loaded (19086 bytes), found 12 question cards
2025-12-19 15:56:42 - INFO - Loading perturbed exam JSON: data\exam_content_perturbed.json
2025-12-19 15:56:42 - INFO - Successfully loaded perturbed exam data (16653 bytes)
2025-12-19 15:56:42 - INFO - Number of sections: 3
2025-12-19 15:56:42 - INFO - Total questions: 12
2025-12-19 15:56:42 - INFO - Questions with perturbations: 12
2025-12-19 15:56:42 - INFO - Processing question: mathematics_k-12_doc_01_mathematics_mcq_1
2025-12-19 15:56:42 - INFO - Question mathematics_k-12_doc_01_mathematics_mcq_1: Using pre-validated perturbation
2025-12-19 15:56:42 - INFO - Question mathematics_k-12_doc_01_mathematics_mcq_1: Original substring: '6 hours...'
2025-12-19 15:56:42 - INFO - Question mathematics_k-12_doc_01_mathematics_mcq_1: Replacement substring: '4 hours...'
2025-12-19 15:56:42 - INFO - Question mathematics_k-12_doc_01_mathematics_mcq_1: Replaced '6 hours...' with '4 hours...' at position [63, 70)
2025-12-19 15:56:42 - INFO - Question mathematics_k-12_doc_01_mathematics_mcq_1: Element marked for canvas rendering, data attributes set
2025-12-19 15:56:42 - INFO - Processing question: mathematics_k-12_doc_01_mathematics_mcq_2
2025-12-19 15:56:42 - INFO - Question mathematics_k-12_doc_01_mathematics_mcq_2: Using pre-validated perturbation
2025-12-19 15:56:42 - INFO - Question mathematics_k-12_doc_01_mathematics_mcq_2: Original substring: 'to the nearest thousand...'
2025-12-19 15:56:42 - INFO - Question mathematics_k-12_doc_01_mathematics_mcq_2: Replacement substring: 'to the nearest hundred...'
2025-12-19 15:56:42 - INFO - Question mathematics_k-12_doc_01_mathematics_mcq_2: Replaced 'to the nearest thousand...' with 'to the nearest hundred...' at position [113, 136)
2025-12-19 15:56:42 - INFO - Question mathematics_k-12_doc_01_mathematics_mcq_2: Element marked for canvas rendering, data attributes set
2025-12-19 15:56:42 - INFO - Processing question: mathematics_k-12_doc_01_mathematics_mcq_3
2025-12-19 15:56:42 - INFO - Question mathematics_k-12_doc_01_mathematics_mcq_3: Using pre-validated perturbation
2025-12-19 15:56:42 - INFO - Question mathematics_k-12_doc_01_mathematics_mcq_3: Original substring: 'at the point where y = 4...'
2025-12-19 15:56:42 - INFO - Question mathematics_k-12_doc_01_mathematics_mcq_3: Replacement substring: 'at the point where x = 2...'
2025-12-19 15:56:42 - INFO - Question mathematics_k-12_doc_01_mathematics_mcq_3: Replaced 'at the point where y = 4...' with 'at the point where x = 2...' at position [85, 109)
2025-12-19 15:56:42 - INFO - Question mathematics_k-12_doc_01_mathematics_mcq_3: Element marked for canvas rendering, data attributes set
2025-12-19 15:56:42 - INFO - Processing question: mathematics_k-12_doc_01_mathematics_mcq_4
2025-12-19 15:56:42 - INFO - Question mathematics_k-12_doc_01_mathematics_mcq_4: Using pre-validated perturbation
2025-12-19 15:56:42 - INFO - Question mathematics_k-12_doc_01_mathematics_mcq_4: Original substring: 'shortest distance...'
2025-12-19 15:56:42 - INFO - Question mathematics_k-12_doc_01_mathematics_mcq_4: Replacement substring: 'longest distance...'
2025-12-19 15:56:42 - INFO - Question mathematics_k-12_doc_01_mathematics_mcq_4: Replaced 'shortest distance...' with 'longest distance...' at position [12, 29)
2025-12-19 15:56:42 - INFO - Question mathematics_k-12_doc_01_mathematics_mcq_4: Element marked for canvas rendering, data attributes set
2025-12-19 15:56:42 - INFO - Processing question: mathematics_k-12_doc_01_mathematics_mcq_5
2025-12-19 15:56:42 - INFO - Question mathematics_k-12_doc_01_mathematics_mcq_5: Using pre-validated perturbation
2025-12-19 15:56:42 - INFO - Question mathematics_k-12_doc_01_mathematics_mcq_5: Original substring: 'If Keri spent 1 over 2 hour on science...'
2025-12-19 15:56:42 - INFO - Question mathematics_k-12_doc_01_mathematics_mcq_5: Replacement substring: 'If Keri spent 1 hour on science...'
2025-12-19 15:56:42 - INFO - Question mathematics_k-12_doc_01_mathematics_mcq_5: Replaced 'If Keri spent 1 over 2 hour on science...' with 'If Keri spent 1 hour on science...' at position [85, 123)
2025-12-19 15:56:42 - INFO - Question mathematics_k-12_doc_01_mathematics_mcq_5: Element marked for canvas rendering, data attributes set
2025-12-19 15:56:42 - INFO - Processing question: mathematics_k-12_doc_01_mathematics_tf_1
2025-12-19 15:56:42 - INFO - Question mathematics_k-12_doc_01_mathematics_tf_1: Using pre-validated perturbation
2025-12-19 15:56:42 - INFO - Question mathematics_k-12_doc_01_mathematics_tf_1: Original substring: '45...'
2025-12-19 15:56:42 - INFO - Question mathematics_k-12_doc_01_mathematics_tf_1: Replacement substring: '47...'
2025-12-19 15:56:42 - INFO - Question mathematics_k-12_doc_01_mathematics_tf_1: Replaced '45...' with '47...' at position [10, 12)
2025-12-19 15:56:42 - INFO - Question mathematics_k-12_doc_01_mathematics_tf_1: Element marked for canvas rendering, data attributes set
2025-12-19 15:56:42 - INFO - Processing question: mathematics_k-12_doc_01_mathematics_tf_2
2025-12-19 15:56:42 - INFO - Question mathematics_k-12_doc_01_mathematics_tf_2: Using pre-validated perturbation
2025-12-19 15:56:42 - INFO - Question mathematics_k-12_doc_01_mathematics_tf_2: Original substring: 'Forty-nine...'
2025-12-19 15:56:42 - INFO - Question mathematics_k-12_doc_01_mathematics_tf_2: Replacement substring: 'Thirty-six...'
2025-12-19 15:56:42 - INFO - Question mathematics_k-12_doc_01_mathematics_tf_2: Replaced 'Forty-nine...' with 'Thirty-six...' at position [0, 10)
2025-12-19 15:56:42 - INFO - Question mathematics_k-12_doc_01_mathematics_tf_2: Element marked for canvas rendering, data attributes set
2025-12-19 15:56:42 - INFO - Processing question: mathematics_k-12_doc_01_mathematics_tf_3
2025-12-19 15:56:42 - INFO - Question mathematics_k-12_doc_01_mathematics_tf_3: Using pre-validated perturbation
2025-12-19 15:56:42 - INFO - Question mathematics_k-12_doc_01_mathematics_tf_3: Original substring: '1:4...'
2025-12-19 15:56:42 - INFO - Question mathematics_k-12_doc_01_mathematics_tf_3: Replacement substring: '2:4...'
2025-12-19 15:56:42 - INFO - Question mathematics_k-12_doc_01_mathematics_tf_3: Replaced '1:4...' with '2:4...' at position [83, 86)
2025-12-19 15:56:42 - INFO - Question mathematics_k-12_doc_01_mathematics_tf_3: Element marked for canvas rendering, data attributes set
2025-12-19 15:56:42 - INFO - Processing question: mathematics_k-12_doc_01_mathematics_tf_4
2025-12-19 15:56:42 - INFO - Question mathematics_k-12_doc_01_mathematics_tf_4: Using pre-validated perturbation
2025-12-19 15:56:42 - INFO - Question mathematics_k-12_doc_01_mathematics_tf_4: Original substring: '14...'
2025-12-19 15:56:42 - INFO - Question mathematics_k-12_doc_01_mathematics_tf_4: Replacement substring: '15...'
2025-12-19 15:56:42 - INFO - Question mathematics_k-12_doc_01_mathematics_tf_4: Replaced '14...' with '15...' at position [29, 31)
2025-12-19 15:56:42 - INFO - Question mathematics_k-12_doc_01_mathematics_tf_4: Element marked for canvas rendering, data attributes set
2025-12-19 15:56:42 - INFO - Processing question: mathematics_k-12_doc_01_mathematics_tf_5
2025-12-19 15:56:42 - INFO - Question mathematics_k-12_doc_01_mathematics_tf_5: Using pre-validated perturbation
2025-12-19 15:56:42 - INFO - Question mathematics_k-12_doc_01_mathematics_tf_5: Original substring: 'not in the domain...'
2025-12-19 15:56:42 - INFO - Question mathematics_k-12_doc_01_mathematics_tf_5: Replacement substring: 'in the range...'
2025-12-19 15:56:42 - INFO - Question mathematics_k-12_doc_01_mathematics_tf_5: Replaced 'not in the domain...' with 'in the range...' at position [34, 51)
2025-12-19 15:56:42 - INFO - Question mathematics_k-12_doc_01_mathematics_tf_5: Element marked for canvas rendering, data attributes set
2025-12-19 15:56:42 - INFO - Processing question: mathematics_k-12_doc_01_mathematics_long_1
2025-12-19 15:56:42 - INFO - Question mathematics_k-12_doc_01_mathematics_long_1: Using pre-validated perturbation
2025-12-19 15:56:42 - INFO - Question mathematics_k-12_doc_01_mathematics_long_1: Original substring: 'influence the value of the correlation coefficient...'
2025-12-19 15:56:42 - INFO - Question mathematics_k-12_doc_01_mathematics_long_1: Replacement substring: 'determine the strength of the relationship between...'
2025-12-19 15:56:42 - INFO - Question mathematics_k-12_doc_01_mathematics_long_1: Replaced 'influence the value of the correlation coefficient...' with 'determine the strength of the relationship between...' at position [29, 81)
2025-12-19 15:56:42 - INFO - Question mathematics_k-12_doc_01_mathematics_long_1: Element marked for canvas rendering, data attributes set
2025-12-19 15:56:42 - INFO - Processing question: mathematics_k-12_doc_01_mathematics_long_2
2025-12-19 15:56:42 - INFO - Question mathematics_k-12_doc_01_mathematics_long_2: Using pre-validated perturbation
2025-12-19 15:56:42 - INFO - Question mathematics_k-12_doc_01_mathematics_long_2: Original substring: 'maximum possible value...'
2025-12-19 15:56:42 - INFO - Question mathematics_k-12_doc_01_mathematics_long_2: Replacement substring: 'minimum possible value...'
2025-12-19 15:56:42 - INFO - Question mathematics_k-12_doc_01_mathematics_long_2: Replaced 'maximum possible value...' with 'minimum possible value...' at position [72, 94)
2025-12-19 15:56:42 - INFO - Question mathematics_k-12_doc_01_mathematics_long_2: Element marked for canvas rendering, data attributes set
2025-12-19 15:56:42 - INFO - Injected canvas rendering script (2664 bytes)
2025-12-19 15:56:42 - INFO - Created output directory: out/attacked\Maths\image_canvas
2025-12-19 15:56:42 - INFO - Writing attacked HTML to: out/attacked\Maths\image_canvas\exam.html
2025-12-19 15:56:42 - INFO - Attacked HTML written successfully (15530 bytes)
2025-12-19 15:56:42 - INFO - Copied CSS file to: out/attacked\Maths\image_canvas\styles.css
2025-12-19 15:56:42 - INFO - ================================================================================
2025-12-19 15:56:42 - INFO - Image/Canvas Attack Application Complete
2025-12-19 15:56:42 - INFO - Total questions processed: 12
2025-12-19 15:56:42 - INFO - Questions with attacks applied: 12
2025-12-19 15:56:42 - INFO - Questions skipped: 0
2025-12-19 15:56:42 - INFO - Canvas elements to be created: 12
2025-12-19 15:56:42 - INFO - Script injection: Success (2664 bytes)
2025-12-19 15:56:42 - INFO - Output HTML: out/attacked\Maths\image_canvas\exam.html (15530 bytes)
2025-12-19 15:56:42 - INFO - ================================================================================
