2025-12-18 17:46:52 - INFO - ================================================================================
2025-12-18 17:46:52 - INFO - Starting Image/Canvas Attack Application
2025-12-18 17:46:52 - INFO - Baseline HTML: out/baseline\Maths\exam.html
2025-12-18 17:46:52 - INFO - Perturbed JSON: data\exam_content_perturbed.json
2025-12-18 17:46:52 - INFO - Output directory: out/attacked
2025-12-18 17:46:52 - INFO - Subject name: Maths
2025-12-18 17:46:52 - INFO - ================================================================================
2025-12-18 17:46:52 - INFO - Loading baseline HTML: out/baseline\Maths\exam.html
2025-12-18 17:46:52 - INFO - Baseline HTML loaded (19086 bytes), found 12 question cards
2025-12-18 17:46:52 - INFO - Loading perturbed exam JSON: data\exam_content_perturbed.json
2025-12-18 17:46:52 - INFO - Successfully loaded perturbed exam data (16607 bytes)
2025-12-18 17:46:52 - INFO - Number of sections: 3
2025-12-18 17:46:52 - INFO - Total questions: 12
2025-12-18 17:46:52 - INFO - Questions with perturbations: 12
2025-12-18 17:46:52 - INFO - Processing question: mathematics_k-12_doc_01_mathematics_mcq_1
2025-12-18 17:46:52 - INFO - Question mathematics_k-12_doc_01_mathematics_mcq_1: Using pre-validated perturbation
2025-12-18 17:46:52 - INFO - Question mathematics_k-12_doc_01_mathematics_mcq_1: Original substring: '6 hours...'
2025-12-18 17:46:52 - INFO - Question mathematics_k-12_doc_01_mathematics_mcq_1: Replacement substring: '4 hours...'
2025-12-18 17:46:52 - INFO - Question mathematics_k-12_doc_01_mathematics_mcq_1: Replaced '6 hours...' with '4 hours...' at position [63, 70)
2025-12-18 17:46:52 - INFO - Question mathematics_k-12_doc_01_mathematics_mcq_1: Element marked for canvas rendering, data attributes set
2025-12-18 17:46:52 - INFO - Processing question: mathematics_k-12_doc_01_mathematics_mcq_2
2025-12-18 17:46:52 - INFO - Question mathematics_k-12_doc_01_mathematics_mcq_2: Using pre-validated perturbation
2025-12-18 17:46:52 - INFO - Question mathematics_k-12_doc_01_mathematics_mcq_2: Original substring: 'nearest thousand...'
2025-12-18 17:46:52 - INFO - Question mathematics_k-12_doc_01_mathematics_mcq_2: Replacement substring: 'nearest hundred...'
2025-12-18 17:46:52 - INFO - Question mathematics_k-12_doc_01_mathematics_mcq_2: Replaced 'nearest thousand...' with 'nearest hundred...' at position [120, 136)
2025-12-18 17:46:52 - INFO - Question mathematics_k-12_doc_01_mathematics_mcq_2: Element marked for canvas rendering, data attributes set
2025-12-18 17:46:52 - INFO - Processing question: mathematics_k-12_doc_01_mathematics_mcq_3
2025-12-18 17:46:52 - INFO - Question mathematics_k-12_doc_01_mathematics_mcq_3: Using pre-validated perturbation
2025-12-18 17:46:52 - INFO - Question mathematics_k-12_doc_01_mathematics_mcq_3: Original substring: 'where y = 4...'
2025-12-18 17:46:52 - INFO - Question mathematics_k-12_doc_01_mathematics_mcq_3: Replacement substring: 'where y = 16...'
2025-12-18 17:46:52 - INFO - Question mathematics_k-12_doc_01_mathematics_mcq_3: Replaced 'where y = 4...' with 'where y = 16...' at position [98, 109)
2025-12-18 17:46:52 - INFO - Question mathematics_k-12_doc_01_mathematics_mcq_3: Element marked for canvas rendering, data attributes set
2025-12-18 17:46:52 - INFO - Processing question: mathematics_k-12_doc_01_mathematics_mcq_4
2025-12-18 17:46:52 - INFO - Question mathematics_k-12_doc_01_mathematics_mcq_4: Using pre-validated perturbation
2025-12-18 17:46:52 - INFO - Question mathematics_k-12_doc_01_mathematics_mcq_4: Original substring: 'shortest...'
2025-12-18 17:46:52 - INFO - Question mathematics_k-12_doc_01_mathematics_mcq_4: Replacement substring: 'longest...'
2025-12-18 17:46:52 - INFO - Question mathematics_k-12_doc_01_mathematics_mcq_4: Replaced 'shortest...' with 'longest...' at position [12, 20)
2025-12-18 17:46:52 - INFO - Question mathematics_k-12_doc_01_mathematics_mcq_4: Element marked for canvas rendering, data attributes set
2025-12-18 17:46:52 - INFO - Processing question: mathematics_k-12_doc_01_mathematics_mcq_5
2025-12-18 17:46:52 - INFO - Question mathematics_k-12_doc_01_mathematics_mcq_5: Using pre-validated perturbation
2025-12-18 17:46:52 - INFO - Question mathematics_k-12_doc_01_mathematics_mcq_5: Original substring: '1 over 2 hour on science...'
2025-12-18 17:46:52 - INFO - Question mathematics_k-12_doc_01_mathematics_mcq_5: Replacement substring: '1 hour on science...'
2025-12-18 17:46:52 - INFO - Question mathematics_k-12_doc_01_mathematics_mcq_5: Replaced '1 over 2 hour on science...' with '1 hour on science...' at position [99, 123)
2025-12-18 17:46:52 - INFO - Question mathematics_k-12_doc_01_mathematics_mcq_5: Element marked for canvas rendering, data attributes set
2025-12-18 17:46:52 - INFO - Processing question: mathematics_k-12_doc_01_mathematics_tf_1
2025-12-18 17:46:52 - INFO - Question mathematics_k-12_doc_01_mathematics_tf_1: Using pre-validated perturbation
2025-12-18 17:46:52 - INFO - Question mathematics_k-12_doc_01_mathematics_tf_1: Original substring: '45...'
2025-12-18 17:46:52 - INFO - Question mathematics_k-12_doc_01_mathematics_tf_1: Replacement substring: '44...'
2025-12-18 17:46:52 - INFO - Question mathematics_k-12_doc_01_mathematics_tf_1: Replaced '45...' with '44...' at position [10, 12)
2025-12-18 17:46:52 - INFO - Question mathematics_k-12_doc_01_mathematics_tf_1: Element marked for canvas rendering, data attributes set
2025-12-18 17:46:52 - INFO - Processing question: mathematics_k-12_doc_01_mathematics_tf_2
2025-12-18 17:46:52 - INFO - Question mathematics_k-12_doc_01_mathematics_tf_2: Using pre-validated perturbation
2025-12-18 17:46:52 - INFO - Question mathematics_k-12_doc_01_mathematics_tf_2: Original substring: 'more...'
2025-12-18 17:46:52 - INFO - Question mathematics_k-12_doc_01_mathematics_tf_2: Replacement substring: 'less...'
2025-12-18 17:46:52 - INFO - Question mathematics_k-12_doc_01_mathematics_tf_2: Replaced 'more...' with 'less...' at position [65, 69)
2025-12-18 17:46:52 - INFO - Question mathematics_k-12_doc_01_mathematics_tf_2: Element marked for canvas rendering, data attributes set
2025-12-18 17:46:52 - INFO - Processing question: mathematics_k-12_doc_01_mathematics_tf_3
2025-12-18 17:46:52 - INFO - Question mathematics_k-12_doc_01_mathematics_tf_3: Using pre-validated perturbation
2025-12-18 17:46:52 - INFO - Question mathematics_k-12_doc_01_mathematics_tf_3: Original substring: '1:4...'
2025-12-18 17:46:52 - INFO - Question mathematics_k-12_doc_01_mathematics_tf_3: Replacement substring: '4:1...'
2025-12-18 17:46:52 - INFO - Question mathematics_k-12_doc_01_mathematics_tf_3: Replaced '1:4...' with '4:1...' at position [83, 86)
2025-12-18 17:46:52 - INFO - Question mathematics_k-12_doc_01_mathematics_tf_3: Element marked for canvas rendering, data attributes set
2025-12-18 17:46:52 - INFO - Processing question: mathematics_k-12_doc_01_mathematics_tf_4
2025-12-18 17:46:52 - INFO - Question mathematics_k-12_doc_01_mathematics_tf_4: Using pre-validated perturbation
2025-12-18 17:46:52 - INFO - Question mathematics_k-12_doc_01_mathematics_tf_4: Original substring: '23...'
2025-12-18 17:46:52 - INFO - Question mathematics_k-12_doc_01_mathematics_tf_4: Replacement substring: '19...'
2025-12-18 17:46:52 - INFO - Question mathematics_k-12_doc_01_mathematics_tf_4: Replaced '23...' with '19...' at position [38, 40)
2025-12-18 17:46:52 - INFO - Question mathematics_k-12_doc_01_mathematics_tf_4: Element marked for canvas rendering, data attributes set
2025-12-18 17:46:52 - INFO - Processing question: mathematics_k-12_doc_01_mathematics_tf_5
2025-12-18 17:46:52 - INFO - Question mathematics_k-12_doc_01_mathematics_tf_5: Using pre-validated perturbation
2025-12-18 17:46:52 - INFO - Question mathematics_k-12_doc_01_mathematics_tf_5: Original substring: '0...'
2025-12-18 17:46:52 - INFO - Question mathematics_k-12_doc_01_mathematics_tf_5: Replacement substring: '3...'
2025-12-18 17:46:52 - INFO - Question mathematics_k-12_doc_01_mathematics_tf_5: Replaced '0...' with '3...' at position [71, 72)
2025-12-18 17:46:52 - INFO - Question mathematics_k-12_doc_01_mathematics_tf_5: Element marked for canvas rendering, data attributes set
2025-12-18 17:46:52 - INFO - Processing question: mathematics_k-12_doc_01_mathematics_long_1
2025-12-18 17:46:52 - INFO - Question mathematics_k-12_doc_01_mathematics_long_1: Using pre-validated perturbation
2025-12-18 17:46:52 - INFO - Question mathematics_k-12_doc_01_mathematics_long_1: Original substring: 'influence the value of the correlation coefficient...'
2025-12-18 17:46:52 - INFO - Question mathematics_k-12_doc_01_mathematics_long_1: Replacement substring: 'determine the statistical significance of the corr...'
2025-12-18 17:46:52 - INFO - Question mathematics_k-12_doc_01_mathematics_long_1: Replaced 'influence the value of the correlation coefficient...' with 'determine the statistical significance of the corr...' at position [29, 81)
2025-12-18 17:46:52 - INFO - Question mathematics_k-12_doc_01_mathematics_long_1: Element marked for canvas rendering, data attributes set
2025-12-18 17:46:52 - INFO - Processing question: mathematics_k-12_doc_01_mathematics_long_2
2025-12-18 17:46:52 - INFO - Question mathematics_k-12_doc_01_mathematics_long_2: Using pre-validated perturbation
2025-12-18 17:46:52 - INFO - Question mathematics_k-12_doc_01_mathematics_long_2: Original substring: 'determine the maximum possible value of the quotie...'
2025-12-18 17:46:52 - INFO - Question mathematics_k-12_doc_01_mathematics_long_2: Replacement substring: 'find the minimum value of the ratio...'
2025-12-18 17:46:52 - INFO - Question mathematics_k-12_doc_01_mathematics_long_2: Replaced 'determine the maximum possible value of the quotie...' with 'find the minimum value of the ratio...' at position [58, 110)
2025-12-18 17:46:52 - INFO - Question mathematics_k-12_doc_01_mathematics_long_2: Element marked for canvas rendering, data attributes set
2025-12-18 17:46:52 - INFO - Injected canvas rendering script (2664 bytes)
2025-12-18 17:46:52 - INFO - Created output directory: out/attacked\Maths\image_canvas
2025-12-18 17:46:52 - INFO - Writing attacked HTML to: out/attacked\Maths\image_canvas\exam.html
2025-12-18 17:46:52 - INFO - Attacked HTML written successfully (15516 bytes)
2025-12-18 17:46:52 - INFO - Copied CSS file to: out/attacked\Maths\image_canvas\styles.css
2025-12-18 17:46:52 - INFO - ================================================================================
2025-12-18 17:46:52 - INFO - Image/Canvas Attack Application Complete
2025-12-18 17:46:52 - INFO - Total questions processed: 12
2025-12-18 17:46:52 - INFO - Questions with attacks applied: 12
2025-12-18 17:46:52 - INFO - Questions skipped: 0
2025-12-18 17:46:52 - INFO - Canvas elements to be created: 12
2025-12-18 17:46:52 - INFO - Script injection: Success (2664 bytes)
2025-12-18 17:46:52 - INFO - Output HTML: out/attacked\Maths\image_canvas\exam.html (15516 bytes)
2025-12-18 17:46:52 - INFO - ================================================================================
