2025-12-17 21:59:55 - INFO - ================================================================================
2025-12-17 21:59:55 - INFO - Starting Image/Canvas Attack Application
2025-12-17 21:59:55 - INFO - Baseline HTML: out/baseline\Maths\exam.html
2025-12-17 21:59:55 - INFO - Perturbed JSON: data\exam_content_perturbed.json
2025-12-17 21:59:55 - INFO - Output directory: out/attacked
2025-12-17 21:59:55 - INFO - Subject name: Maths
2025-12-17 21:59:55 - INFO - ================================================================================
2025-12-17 21:59:55 - INFO - Loading baseline HTML: out/baseline\Maths\exam.html
2025-12-17 21:59:55 - INFO - Baseline HTML loaded (19094 bytes), found 12 question cards
2025-12-17 21:59:55 - INFO - Loading perturbed exam JSON: data\exam_content_perturbed.json
2025-12-17 21:59:55 - INFO - Successfully loaded perturbed exam data (11216 bytes)
2025-12-17 21:59:55 - INFO - Number of sections: 3
2025-12-17 21:59:55 - INFO - Total questions: 12
2025-12-17 21:59:55 - INFO - Questions with perturbations: 5
2025-12-17 21:59:55 - INFO - Processing question: mathematics_k-12_doc_01_mathematics_mcq_1
2025-12-17 21:59:55 - WARNING - Question mathematics_k-12_doc_01_mathematics_mcq_1: No validated perturbations found in perturbed data, skipping
2025-12-17 21:59:55 - INFO - Processing question: mathematics_k-12_doc_01_mathematics_mcq_2
2025-12-17 21:59:55 - INFO - Question mathematics_k-12_doc_01_mathematics_mcq_2: Using pre-validated perturbation
2025-12-17 21:59:55 - INFO - Question mathematics_k-12_doc_01_mathematics_mcq_2: Original substring: 'flew 2,448 miles...'
2025-12-17 21:59:55 - INFO - Question mathematics_k-12_doc_01_mathematics_mcq_2: Replacement substring: 'drove 2,448 miles...'
2025-12-17 21:59:55 - INFO - Question mathematics_k-12_doc_01_mathematics_mcq_2: Replaced 'flew 2,448 miles...' with 'drove 2,448 miles...' at position [10, 26)
2025-12-17 21:59:55 - INFO - Question mathematics_k-12_doc_01_mathematics_mcq_2: Element marked for canvas rendering, data attributes set
2025-12-17 21:59:55 - INFO - Processing question: mathematics_k-12_doc_01_mathematics_mcq_3
2025-12-17 21:59:55 - WARNING - Question mathematics_k-12_doc_01_mathematics_mcq_3: No validated perturbations found in perturbed data, skipping
2025-12-17 21:59:55 - INFO - Processing question: mathematics_k-12_doc_01_mathematics_mcq_4
2025-12-17 21:59:55 - WARNING - Question mathematics_k-12_doc_01_mathematics_mcq_4: No validated perturbations found in perturbed data, skipping
2025-12-17 21:59:55 - INFO - Processing question: mathematics_k-12_doc_01_mathematics_mcq_5
2025-12-17 21:59:55 - WARNING - Question mathematics_k-12_doc_01_mathematics_mcq_5: No validated perturbations found in perturbed data, skipping
2025-12-17 21:59:55 - INFO - Processing question: mathematics_k-12_doc_01_mathematics_tf_1
2025-12-17 21:59:55 - INFO - Question mathematics_k-12_doc_01_mathematics_tf_1: Using pre-validated perturbation
2025-12-17 21:59:55 - INFO - Question mathematics_k-12_doc_01_mathematics_tf_1: Original substring: '45...'
2025-12-17 21:59:55 - INFO - Question mathematics_k-12_doc_01_mathematics_tf_1: Replacement substring: '44...'
2025-12-17 21:59:55 - INFO - Question mathematics_k-12_doc_01_mathematics_tf_1: Replaced '45...' with '44...' at position [10, 12)
2025-12-17 21:59:55 - INFO - Question mathematics_k-12_doc_01_mathematics_tf_1: Element marked for canvas rendering, data attributes set
2025-12-17 21:59:55 - INFO - Processing question: mathematics_k-12_doc_01_mathematics_tf_2
2025-12-17 21:59:55 - INFO - Question mathematics_k-12_doc_01_mathematics_tf_2: Using pre-validated perturbation
2025-12-17 21:59:55 - INFO - Question mathematics_k-12_doc_01_mathematics_tf_2: Original substring: 'Forty-nine...'
2025-12-17 21:59:55 - INFO - Question mathematics_k-12_doc_01_mathematics_tf_2: Replacement substring: 'Thirty-five...'
2025-12-17 21:59:55 - INFO - Question mathematics_k-12_doc_01_mathematics_tf_2: Replaced 'Forty-nine...' with 'Thirty-five...' at position [0, 10)
2025-12-17 21:59:55 - INFO - Question mathematics_k-12_doc_01_mathematics_tf_2: Element marked for canvas rendering, data attributes set
2025-12-17 21:59:55 - INFO - Processing question: mathematics_k-12_doc_01_mathematics_tf_3
2025-12-17 21:59:55 - WARNING - Question mathematics_k-12_doc_01_mathematics_tf_3: No validated perturbations found in perturbed data, skipping
2025-12-17 21:59:55 - INFO - Processing question: mathematics_k-12_doc_01_mathematics_tf_4
2025-12-17 21:59:55 - WARNING - Question mathematics_k-12_doc_01_mathematics_tf_4: No validated perturbations found in perturbed data, skipping
2025-12-17 21:59:55 - INFO - Processing question: mathematics_k-12_doc_01_mathematics_tf_5
2025-12-17 21:59:55 - INFO - Question mathematics_k-12_doc_01_mathematics_tf_5: Using pre-validated perturbation
2025-12-17 21:59:55 - INFO - Question mathematics_k-12_doc_01_mathematics_tf_5: Original substring: 'sum of the three...'
2025-12-17 21:59:55 - INFO - Question mathematics_k-12_doc_01_mathematics_tf_5: Replacement substring: 'product of the two...'
2025-12-17 21:59:55 - INFO - Question mathematics_k-12_doc_01_mathematics_tf_5: Replaced 'sum of the three...' with 'product of the two...' at position [4, 20)
2025-12-17 21:59:55 - INFO - Question mathematics_k-12_doc_01_mathematics_tf_5: Element marked for canvas rendering, data attributes set
2025-12-17 21:59:55 - INFO - Processing question: mathematics_k-12_doc_01_mathematics_long_1
2025-12-17 21:59:55 - INFO - Question mathematics_k-12_doc_01_mathematics_long_1: Using pre-validated perturbation
2025-12-17 21:59:55 - INFO - Question mathematics_k-12_doc_01_mathematics_long_1: Original substring: 'the factors that can influence...'
2025-12-17 21:59:55 - INFO - Question mathematics_k-12_doc_01_mathematics_long_1: Replacement substring: 'the mathematical operations that determine...'
2025-12-17 21:59:55 - INFO - Question mathematics_k-12_doc_01_mathematics_long_1: Replaced 'the factors that can influence...' with 'the mathematical operations that determine...' at position [8, 38)
2025-12-17 21:59:55 - INFO - Question mathematics_k-12_doc_01_mathematics_long_1: Element marked for canvas rendering, data attributes set
2025-12-17 21:59:55 - INFO - Processing question: mathematics_k-12_doc_01_mathematics_long_2
2025-12-17 21:59:55 - WARNING - Question mathematics_k-12_doc_01_mathematics_long_2: No validated perturbations found in perturbed data, skipping
2025-12-17 21:59:55 - INFO - Injected canvas rendering script (2664 bytes)
2025-12-17 21:59:55 - INFO - Created output directory: out/attacked\Maths\image_canvas
2025-12-17 21:59:55 - INFO - Writing attacked HTML to: out/attacked\Maths\image_canvas\exam.html
2025-12-17 21:59:55 - INFO - Attacked HTML written successfully (14471 bytes)
2025-12-17 21:59:56 - INFO - Copied CSS file to: out/attacked\Maths\image_canvas\styles.css
2025-12-17 21:59:56 - INFO - ================================================================================
2025-12-17 21:59:56 - INFO - Image/Canvas Attack Application Complete
2025-12-17 21:59:56 - INFO - Total questions processed: 12
2025-12-17 21:59:56 - INFO - Questions with attacks applied: 5
2025-12-17 21:59:56 - INFO - Questions skipped: 7
2025-12-17 21:59:56 - INFO - Canvas elements to be created: 5
2025-12-17 21:59:56 - INFO - Script injection: Success (2664 bytes)
2025-12-17 21:59:56 - INFO - Output HTML: out/attacked\Maths\image_canvas\exam.html (14471 bytes)
2025-12-17 21:59:56 - INFO - ================================================================================
