2025-12-19 17:44:58 - INFO - ================================================================================
2025-12-19 17:44:58 - INFO - Starting Image/Canvas Attack Application
2025-12-19 17:44:58 - INFO - Baseline HTML: out/baseline\Maths\exam.html
2025-12-19 17:44:58 - INFO - Perturbed JSON: data\exam_content_perturbed.json
2025-12-19 17:44:58 - INFO - Output directory: out/attacked
2025-12-19 17:44:58 - INFO - Subject name: Maths
2025-12-19 17:44:58 - INFO - ================================================================================
2025-12-19 17:44:58 - INFO - Loading baseline HTML: out/baseline\Maths\exam.html
2025-12-19 17:44:58 - INFO - Baseline HTML loaded (19086 bytes), found 12 question cards
2025-12-19 17:44:58 - INFO - Loading perturbed exam JSON: data\exam_content_perturbed.json
2025-12-19 17:44:58 - INFO - Successfully loaded perturbed exam data (16513 bytes)
2025-12-19 17:44:58 - INFO - Number of sections: 3
2025-12-19 17:44:58 - INFO - Total questions: 12
2025-12-19 17:44:58 - INFO - Questions with perturbations: 12
2025-12-19 17:44:58 - INFO - Processing question: mathematics_k-12_doc_01_mathematics_mcq_1
2025-12-19 17:44:58 - INFO - Question mathematics_k-12_doc_01_mathematics_mcq_1: Using pre-validated perturbation
2025-12-19 17:44:58 - INFO - Question mathematics_k-12_doc_01_mathematics_mcq_1: Original substring: '6 hours...'
2025-12-19 17:44:58 - INFO - Question mathematics_k-12_doc_01_mathematics_mcq_1: Replacement substring: '4 hours...'
2025-12-19 17:44:58 - INFO - Question mathematics_k-12_doc_01_mathematics_mcq_1: Replaced '6 hours...' with '4 hours...' at position [63, 70)
2025-12-19 17:44:58 - INFO - Question mathematics_k-12_doc_01_mathematics_mcq_1: Element marked for canvas rendering, data attributes set
2025-12-19 17:44:58 - INFO - Processing question: mathematics_k-12_doc_01_mathematics_mcq_2
2025-12-19 17:44:58 - INFO - Question mathematics_k-12_doc_01_mathematics_mcq_2: Using pre-validated perturbation
2025-12-19 17:44:58 - INFO - Question mathematics_k-12_doc_01_mathematics_mcq_2: Original substring: 'the nearest thousand...'
2025-12-19 17:44:58 - INFO - Question mathematics_k-12_doc_01_mathematics_mcq_2: Replacement substring: 'the nearest hundred...'
2025-12-19 17:44:58 - INFO - Question mathematics_k-12_doc_01_mathematics_mcq_2: Replaced 'the nearest thousand...' with 'the nearest hundred...' at position [116, 136)
2025-12-19 17:44:58 - INFO - Question mathematics_k-12_doc_01_mathematics_mcq_2: Element marked for canvas rendering, data attributes set
2025-12-19 17:44:58 - INFO - Processing question: mathematics_k-12_doc_01_mathematics_mcq_3
2025-12-19 17:44:58 - INFO - Question mathematics_k-12_doc_01_mathematics_mcq_3: Using pre-validated perturbation
2025-12-19 17:44:58 - INFO - Question mathematics_k-12_doc_01_mathematics_mcq_3: Original substring: 'at the point where y = 4...'
2025-12-19 17:44:58 - INFO - Question mathematics_k-12_doc_01_mathematics_mcq_3: Replacement substring: 'at the point where x = 2...'
2025-12-19 17:44:58 - INFO - Question mathematics_k-12_doc_01_mathematics_mcq_3: Replaced 'at the point where y = 4...' with 'at the point where x = 2...' at position [85, 109)
2025-12-19 17:44:58 - INFO - Question mathematics_k-12_doc_01_mathematics_mcq_3: Element marked for canvas rendering, data attributes set
2025-12-19 17:44:58 - INFO - Processing question: mathematics_k-12_doc_01_mathematics_mcq_4
2025-12-19 17:44:58 - INFO - Question mathematics_k-12_doc_01_mathematics_mcq_4: Using pre-validated perturbation
2025-12-19 17:44:58 - INFO - Question mathematics_k-12_doc_01_mathematics_mcq_4: Original substring: 'shortest...'
2025-12-19 17:44:58 - INFO - Question mathematics_k-12_doc_01_mathematics_mcq_4: Replacement substring: 'longest...'
2025-12-19 17:44:58 - INFO - Question mathematics_k-12_doc_01_mathematics_mcq_4: Replaced 'shortest...' with 'longest...' at position [12, 20)
2025-12-19 17:44:58 - INFO - Question mathematics_k-12_doc_01_mathematics_mcq_4: Element marked for canvas rendering, data attributes set
2025-12-19 17:44:58 - INFO - Processing question: mathematics_k-12_doc_01_mathematics_mcq_5
2025-12-19 17:44:58 - INFO - Question mathematics_k-12_doc_01_mathematics_mcq_5: Using pre-validated perturbation
2025-12-19 17:44:58 - INFO - Question mathematics_k-12_doc_01_mathematics_mcq_5: Original substring: '3 hours...'
2025-12-19 17:44:58 - INFO - Question mathematics_k-12_doc_01_mathematics_mcq_5: Replacement substring: '1 hour...'
2025-12-19 17:44:58 - INFO - Question mathematics_k-12_doc_01_mathematics_mcq_5: Replaced '3 hours...' with '1 hour...' at position [11, 18)
2025-12-19 17:44:58 - INFO - Question mathematics_k-12_doc_01_mathematics_mcq_5: Element marked for canvas rendering, data attributes set
2025-12-19 17:44:58 - INFO - Processing question: mathematics_k-12_doc_01_mathematics_tf_1
2025-12-19 17:44:58 - INFO - Question mathematics_k-12_doc_01_mathematics_tf_1: Using pre-validated perturbation
2025-12-19 17:44:58 - INFO - Question mathematics_k-12_doc_01_mathematics_tf_1: Original substring: '45...'
2025-12-19 17:44:58 - INFO - Question mathematics_k-12_doc_01_mathematics_tf_1: Replacement substring: '46...'
2025-12-19 17:44:58 - INFO - Question mathematics_k-12_doc_01_mathematics_tf_1: Replaced '45...' with '46...' at position [10, 12)
2025-12-19 17:44:58 - INFO - Question mathematics_k-12_doc_01_mathematics_tf_1: Element marked for canvas rendering, data attributes set
2025-12-19 17:44:58 - INFO - Processing question: mathematics_k-12_doc_01_mathematics_tf_2
2025-12-19 17:44:58 - INFO - Question mathematics_k-12_doc_01_mathematics_tf_2: Using pre-validated perturbation
2025-12-19 17:44:58 - INFO - Question mathematics_k-12_doc_01_mathematics_tf_2: Original substring: 'Forty-nine...'
2025-12-19 17:44:58 - INFO - Question mathematics_k-12_doc_01_mathematics_tf_2: Replacement substring: 'Thirty-seven...'
2025-12-19 17:44:58 - INFO - Question mathematics_k-12_doc_01_mathematics_tf_2: Replaced 'Forty-nine...' with 'Thirty-seven...' at position [0, 10)
2025-12-19 17:44:58 - INFO - Question mathematics_k-12_doc_01_mathematics_tf_2: Element marked for canvas rendering, data attributes set
2025-12-19 17:44:58 - INFO - Processing question: mathematics_k-12_doc_01_mathematics_tf_3
2025-12-19 17:44:58 - INFO - Question mathematics_k-12_doc_01_mathematics_tf_3: Using pre-validated perturbation
2025-12-19 17:44:58 - INFO - Question mathematics_k-12_doc_01_mathematics_tf_3: Original substring: '1:4...'
2025-12-19 17:44:58 - INFO - Question mathematics_k-12_doc_01_mathematics_tf_3: Replacement substring: '1:3...'
2025-12-19 17:44:58 - INFO - Question mathematics_k-12_doc_01_mathematics_tf_3: Replaced '1:4...' with '1:3...' at position [83, 86)
2025-12-19 17:44:58 - INFO - Question mathematics_k-12_doc_01_mathematics_tf_3: Element marked for canvas rendering, data attributes set
2025-12-19 17:44:58 - INFO - Processing question: mathematics_k-12_doc_01_mathematics_tf_4
2025-12-19 17:44:58 - INFO - Question mathematics_k-12_doc_01_mathematics_tf_4: Using pre-validated perturbation
2025-12-19 17:44:58 - INFO - Question mathematics_k-12_doc_01_mathematics_tf_4: Original substring: '14...'
2025-12-19 17:44:58 - INFO - Question mathematics_k-12_doc_01_mathematics_tf_4: Replacement substring: '37...'
2025-12-19 17:44:58 - INFO - Question mathematics_k-12_doc_01_mathematics_tf_4: Replaced '14...' with '37...' at position [29, 31)
2025-12-19 17:44:58 - INFO - Question mathematics_k-12_doc_01_mathematics_tf_4: Element marked for canvas rendering, data attributes set
2025-12-19 17:44:58 - INFO - Processing question: mathematics_k-12_doc_01_mathematics_tf_5
2025-12-19 17:44:58 - INFO - Question mathematics_k-12_doc_01_mathematics_tf_5: Using pre-validated perturbation
2025-12-19 17:44:58 - INFO - Question mathematics_k-12_doc_01_mathematics_tf_5: Original substring: 'not in the domain...'
2025-12-19 17:44:58 - INFO - Question mathematics_k-12_doc_01_mathematics_tf_5: Replacement substring: 'in the domain...'
2025-12-19 17:44:58 - INFO - Question mathematics_k-12_doc_01_mathematics_tf_5: Replaced 'not in the domain...' with 'in the domain...' at position [34, 51)
2025-12-19 17:44:58 - INFO - Question mathematics_k-12_doc_01_mathematics_tf_5: Element marked for canvas rendering, data attributes set
2025-12-19 17:44:58 - INFO - Processing question: mathematics_k-12_doc_01_mathematics_long_1
2025-12-19 17:44:58 - INFO - Question mathematics_k-12_doc_01_mathematics_long_1: Using pre-validated perturbation
2025-12-19 17:44:58 - INFO - Question mathematics_k-12_doc_01_mathematics_long_1: Original substring: 'factors that can influence...'
2025-12-19 17:44:58 - INFO - Question mathematics_k-12_doc_01_mathematics_long_1: Replacement substring: 'variables that may skew...'
2025-12-19 17:44:58 - INFO - Question mathematics_k-12_doc_01_mathematics_long_1: Replaced 'factors that can influence...' with 'variables that may skew...' at position [12, 38)
2025-12-19 17:44:58 - INFO - Question mathematics_k-12_doc_01_mathematics_long_1: Element marked for canvas rendering, data attributes set
2025-12-19 17:44:58 - INFO - Processing question: mathematics_k-12_doc_01_mathematics_long_2
2025-12-19 17:44:58 - INFO - Question mathematics_k-12_doc_01_mathematics_long_2: Using pre-validated perturbation
2025-12-19 17:44:58 - INFO - Question mathematics_k-12_doc_01_mathematics_long_2: Original substring: 'maximum possible value...'
2025-12-19 17:44:58 - INFO - Question mathematics_k-12_doc_01_mathematics_long_2: Replacement substring: 'minimum possible value...'
2025-12-19 17:44:58 - INFO - Question mathematics_k-12_doc_01_mathematics_long_2: Replaced 'maximum possible value...' with 'minimum possible value...' at position [72, 94)
2025-12-19 17:44:58 - INFO - Question mathematics_k-12_doc_01_mathematics_long_2: Element marked for canvas rendering, data attributes set
2025-12-19 17:44:58 - INFO - Injected canvas rendering script (2664 bytes)
2025-12-19 17:44:58 - INFO - Created output directory: out/attacked\Maths\image_canvas
2025-12-19 17:44:58 - INFO - Copied CSS file to: out/attacked\Maths\image_canvas\styles.css
2025-12-19 17:44:58 - INFO - Writing enhanced CSS rules to: out/attacked\Maths\image_canvas\styles_enhanced.css
2025-12-19 17:44:58 - INFO - Enhanced CSS file written successfully (197 bytes)
2025-12-19 17:44:58 - INFO - Added enhanced stylesheet link to <head>
2025-12-19 17:44:58 - INFO - Writing attacked HTML to: out/attacked\Maths\image_canvas\exam.html
2025-12-19 17:44:58 - INFO - Attacked HTML written successfully (15579 bytes)
2025-12-19 17:44:58 - INFO - ================================================================================
2025-12-19 17:44:58 - INFO - Image/Canvas Attack Application Complete
2025-12-19 17:44:58 - INFO - Total questions processed: 12
2025-12-19 17:44:58 - INFO - Questions with attacks applied: 12
2025-12-19 17:44:58 - INFO - Questions skipped: 0
2025-12-19 17:44:58 - INFO - Canvas elements to be created: 12
2025-12-19 17:44:58 - INFO - Script injection: Success (2664 bytes)
2025-12-19 17:44:58 - INFO - Output HTML: out/attacked\Maths\image_canvas\exam.html (15579 bytes)
2025-12-19 17:44:58 - INFO - ================================================================================
