2025-12-19 16:15:24 - INFO - ================================================================================
2025-12-19 16:15:24 - INFO - Starting Image/Canvas Attack Application
2025-12-19 16:15:24 - INFO - Baseline HTML: out/baseline\Science\exam.html
2025-12-19 16:15:24 - INFO - Perturbed JSON: data\exam_content_perturbed.json
2025-12-19 16:15:24 - INFO - Output directory: out/attacked
2025-12-19 16:15:24 - INFO - Subject name: Science
2025-12-19 16:15:24 - INFO - ================================================================================
2025-12-19 16:15:24 - INFO - Loading baseline HTML: out/baseline\Science\exam.html
2025-12-19 16:15:24 - INFO - Baseline HTML loaded (19470 bytes), found 12 question cards
2025-12-19 16:15:24 - INFO - Loading perturbed exam JSON: data\exam_content_perturbed.json
2025-12-19 16:15:24 - INFO - Successfully loaded perturbed exam data (17595 bytes)
2025-12-19 16:15:24 - INFO - Number of sections: 3
2025-12-19 16:15:24 - INFO - Total questions: 12
2025-12-19 16:15:24 - INFO - Questions with perturbations: 12
2025-12-19 16:15:24 - INFO - Processing question: science_k-12_doc_01_science_arc_mcq_1
2025-12-19 16:15:24 - INFO - Question science_k-12_doc_01_science_arc_mcq_1: Using pre-validated perturbation
2025-12-19 16:15:24 - INFO - Question science_k-12_doc_01_science_arc_mcq_1: Original substring: 'of the same mineral...'
2025-12-19 16:15:24 - INFO - Question science_k-12_doc_01_science_arc_mcq_1: Replacement substring: 'of similar size...'
2025-12-19 16:15:24 - INFO - Question science_k-12_doc_01_science_arc_mcq_1: Replaced 'of the same mineral...' with 'of similar size...' at position [53, 72)
2025-12-19 16:15:24 - INFO - Question science_k-12_doc_01_science_arc_mcq_1: Element marked for canvas rendering, data attributes set
2025-12-19 16:15:24 - INFO - Processing question: science_k-12_doc_01_science_arc_mcq_2
2025-12-19 16:15:24 - INFO - Question science_k-12_doc_01_science_arc_mcq_2: Using pre-validated perturbation
2025-12-19 16:15:24 - INFO - Question science_k-12_doc_01_science_arc_mcq_2: Original substring: 'human-made product...'
2025-12-19 16:15:24 - INFO - Question science_k-12_doc_01_science_arc_mcq_2: Replacement substring: 'natural food item...'
2025-12-19 16:15:24 - INFO - Question science_k-12_doc_01_science_arc_mcq_2: Replaced 'human-made product...' with 'natural food item...' at position [25, 43)
2025-12-19 16:15:24 - INFO - Question science_k-12_doc_01_science_arc_mcq_2: Element marked for canvas rendering, data attributes set
2025-12-19 16:15:24 - INFO - Processing question: science_k-12_doc_01_science_arc_mcq_3
2025-12-19 16:15:24 - INFO - Question science_k-12_doc_01_science_arc_mcq_3: Using pre-validated perturbation
2025-12-19 16:15:24 - INFO - Question science_k-12_doc_01_science_arc_mcq_3: Original substring: 'all examples of pure substances...'
2025-12-19 16:15:24 - INFO - Question science_k-12_doc_01_science_arc_mcq_3: Replacement substring: 'always found as solids...'
2025-12-19 16:15:24 - INFO - Question science_k-12_doc_01_science_arc_mcq_3: Replaced 'all examples of pure substances...' with 'always found as solids...' at position [69, 100)
2025-12-19 16:15:24 - INFO - Question science_k-12_doc_01_science_arc_mcq_3: Element marked for canvas rendering, data attributes set
2025-12-19 16:15:24 - INFO - Processing question: science_k-12_doc_01_science_arc_mcq_4
2025-12-19 16:15:24 - INFO - Question science_k-12_doc_01_science_arc_mcq_4: Using pre-validated perturbation
2025-12-19 16:15:24 - INFO - Question science_k-12_doc_01_science_arc_mcq_4: Original substring: 'Which factor will most affect the speed of a sound...'
2025-12-19 16:15:24 - INFO - Question science_k-12_doc_01_science_arc_mcq_4: Replacement substring: 'Which factor will most determine the wavelength of...'
2025-12-19 16:15:24 - INFO - Question science_k-12_doc_01_science_arc_mcq_4: Replaced 'Which factor will most affect the speed of a sound...' with 'Which factor will most determine the wavelength of...' at position [77, 133)
2025-12-19 16:15:24 - INFO - Question science_k-12_doc_01_science_arc_mcq_4: Element marked for canvas rendering, data attributes set
2025-12-19 16:15:25 - INFO - Processing question: science_k-12_doc_01_science_arc_mcq_5
2025-12-19 16:15:25 - INFO - Question science_k-12_doc_01_science_arc_mcq_5: Using pre-validated perturbation
2025-12-19 16:15:25 - INFO - Question science_k-12_doc_01_science_arc_mcq_5: Original substring: 'If a virus kills most these trees, which individua...'
2025-12-19 16:15:25 - INFO - Question science_k-12_doc_01_science_arc_mcq_5: Replacement substring: 'If a virus darkens the forest environment, which l...'
2025-12-19 16:15:25 - INFO - Question science_k-12_doc_01_science_arc_mcq_5: Replaced 'If a virus kills most these trees, which individua...' with 'If a virus darkens the forest environment, which l...' at position [69, 154)
2025-12-19 16:15:25 - INFO - Question science_k-12_doc_01_science_arc_mcq_5: Element marked for canvas rendering, data attributes set
2025-12-19 16:15:25 - INFO - Processing question: science_k-12_doc_01_science_arc_tf_1
2025-12-19 16:15:25 - INFO - Question science_k-12_doc_01_science_arc_tf_1: Using pre-validated perturbation
2025-12-19 16:15:25 - INFO - Question science_k-12_doc_01_science_arc_tf_1: Original substring: 'convection...'
2025-12-19 16:15:25 - INFO - Question science_k-12_doc_01_science_arc_tf_1: Replacement substring: 'conduction...'
2025-12-19 16:15:25 - INFO - Question science_k-12_doc_01_science_arc_tf_1: Replaced 'convection...' with 'conduction...' at position [41, 51)
2025-12-19 16:15:25 - INFO - Question science_k-12_doc_01_science_arc_tf_1: Element marked for canvas rendering, data attributes set
2025-12-19 16:15:25 - INFO - Processing question: science_k-12_doc_01_science_arc_tf_2
2025-12-19 16:15:25 - INFO - Question science_k-12_doc_01_science_arc_tf_2: Using pre-validated perturbation
2025-12-19 16:15:25 - INFO - Question science_k-12_doc_01_science_arc_tf_2: Original substring: 'by hand...'
2025-12-19 16:15:25 - INFO - Question science_k-12_doc_01_science_arc_tf_2: Replacement substring: 'with gloves...'
2025-12-19 16:15:25 - INFO - Question science_k-12_doc_01_science_arc_tf_2: Replaced 'by hand...' with 'with gloves...' at position [31, 38)
2025-12-19 16:15:25 - INFO - Question science_k-12_doc_01_science_arc_tf_2: Element marked for canvas rendering, data attributes set
2025-12-19 16:15:25 - INFO - Processing question: science_k-12_doc_01_science_arc_tf_3
2025-12-19 16:15:25 - INFO - Question science_k-12_doc_01_science_arc_tf_3: Using pre-validated perturbation
2025-12-19 16:15:25 - INFO - Question science_k-12_doc_01_science_arc_tf_3: Original substring: 'not a fundamental component of an atom and...'
2025-12-19 16:15:25 - INFO - Question science_k-12_doc_01_science_arc_tf_3: Replacement substring: 'a fundamental component of an atom that...'
2025-12-19 16:15:25 - INFO - Question science_k-12_doc_01_science_arc_tf_3: Replaced 'not a fundamental component of an atom and...' with 'a fundamental component of an atom that...' at position [12, 54)
2025-12-19 16:15:25 - INFO - Question science_k-12_doc_01_science_arc_tf_3: Element marked for canvas rendering, data attributes set
2025-12-19 16:15:25 - INFO - Processing question: science_k-12_doc_01_science_arc_tf_4
2025-12-19 16:15:25 - INFO - Question science_k-12_doc_01_science_arc_tf_4: Using pre-validated perturbation
2025-12-19 16:15:25 - INFO - Question science_k-12_doc_01_science_arc_tf_4: Original substring: 'in forests...'
2025-12-19 16:15:25 - INFO - Question science_k-12_doc_01_science_arc_tf_4: Replacement substring: 'in open fields...'
2025-12-19 16:15:25 - INFO - Question science_k-12_doc_01_science_arc_tf_4: Replaced 'in forests...' with 'in open fields...' at position [26, 36)
2025-12-19 16:15:25 - INFO - Question science_k-12_doc_01_science_arc_tf_4: Element marked for canvas rendering, data attributes set
2025-12-19 16:15:25 - INFO - Processing question: science_k-12_doc_01_science_arc_tf_5
2025-12-19 16:15:25 - INFO - Question science_k-12_doc_01_science_arc_tf_5: Using pre-validated perturbation
2025-12-19 16:15:25 - INFO - Question science_k-12_doc_01_science_arc_tf_5: Original substring: 'will remain the same...'
2025-12-19 16:15:25 - INFO - Question science_k-12_doc_01_science_arc_tf_5: Replacement substring: 'depends on conditions...'
2025-12-19 16:15:25 - INFO - Question science_k-12_doc_01_science_arc_tf_5: Replaced 'will remain the same...' with 'depends on conditions...' at position [32, 52)
2025-12-19 16:15:25 - INFO - Question science_k-12_doc_01_science_arc_tf_5: Element marked for canvas rendering, data attributes set
2025-12-19 16:15:25 - INFO - Processing question: science_k-12_doc_01_science_long_1
2025-12-19 16:15:25 - INFO - Question science_k-12_doc_01_science_long_1: Using pre-validated perturbation
2025-12-19 16:15:25 - INFO - Question science_k-12_doc_01_science_long_1: Original substring: 'deforestation and land burning for agriculture...'
2025-12-19 16:15:25 - INFO - Question science_k-12_doc_01_science_long_1: Replacement substring: 'urbanization and industrial growth...'
2025-12-19 16:15:25 - INFO - Question science_k-12_doc_01_science_long_1: Replaced 'deforestation and land burning for agriculture...' with 'urbanization and industrial growth...' at position [22, 68)
2025-12-19 16:15:25 - INFO - Question science_k-12_doc_01_science_long_1: Element marked for canvas rendering, data attributes set
2025-12-19 16:15:25 - INFO - Processing question: science_k-12_doc_01_science_long_2
2025-12-19 16:15:25 - INFO - Question science_k-12_doc_01_science_long_2: Using pre-validated perturbation
2025-12-19 16:15:25 - INFO - Question science_k-12_doc_01_science_long_2: Original substring: 'freezing temperature of water...'
2025-12-19 16:15:25 - INFO - Question science_k-12_doc_01_science_long_2: Replacement substring: 'boiling temperature of water...'
2025-12-19 16:15:25 - INFO - Question science_k-12_doc_01_science_long_2: Replaced 'freezing temperature of water...' with 'boiling temperature of water...' at position [16, 45)
2025-12-19 16:15:25 - INFO - Question science_k-12_doc_01_science_long_2: Element marked for canvas rendering, data attributes set
2025-12-19 16:15:25 - INFO - Injected canvas rendering script (2664 bytes)
2025-12-19 16:15:25 - INFO - Created output directory: out/attacked\Science\image_canvas
2025-12-19 16:15:25 - INFO - Writing attacked HTML to: out/attacked\Science\image_canvas\exam.html
2025-12-19 16:15:25 - INFO - Attacked HTML written successfully (15966 bytes)
2025-12-19 16:15:25 - INFO - Copied CSS file to: out/attacked\Science\image_canvas\styles.css
2025-12-19 16:15:25 - INFO - ================================================================================
2025-12-19 16:15:25 - INFO - Image/Canvas Attack Application Complete
2025-12-19 16:15:25 - INFO - Total questions processed: 12
2025-12-19 16:15:25 - INFO - Questions with attacks applied: 12
2025-12-19 16:15:25 - INFO - Questions skipped: 0
2025-12-19 16:15:25 - INFO - Canvas elements to be created: 12
2025-12-19 16:15:25 - INFO - Script injection: Success (2664 bytes)
2025-12-19 16:15:25 - INFO - Output HTML: out/attacked\Science\image_canvas\exam.html (15966 bytes)
2025-12-19 16:15:25 - INFO - ================================================================================
